edge: { sourcename: "communication_objects__messages__userlist__TuserlistCFD"
  targetname: "-9:communication_objects__messages__userlist__userlist,communication_objects__messages__userlist__userlist"
  label: "communication_objects-messages-userlist.ads:7:9"
}
class {
  classname: "communication_objects__messages__userlist__userlist"
  label: "communication_objects__messages__userlist__userlist\communication_objects-messages-userlist.ads:7:9"
  parent: "communication_objects__messages__message"
  virtuals: "-1:communication_objects__messages__userlist___size,-1:communication_objects__messages__message\n
             -2:communication_objects__messages__userlist__userlistSR,-2:communication_objects__messages__message\n
             -3:communication_objects__messages__userlist__userlistSW,-3:communication_objects__messages__message\n
             -4:communication_objects__messages__userlist__userlistSI,-4:communication_objects__messages__message\n
             -5:communication_objects__messages__userlist__userlistSO,-5:communication_objects__messages__message\n
             -6:communication_objects__messages__userlist__Oeq,-6:communication_objects__messages__message\n
             -7:communication_objects__messages__userlist___assign,-7:communication_objects__messages__message\n
             -8:communication_objects__messages__userlist__userlistDA,-8:communication_objects__messages__message\n
             -9:communication_objects__messages__userlist__userlistDF,-9:communication_objects__messages__message\n
             2:communication_objects__messages__userlist__getusers\n
             3:communication_objects__messages__userlist__adduser\n
             4:communication_objects__messages__userlist__deleteuser"
}
graph: { title: "G:\ADAChat\common\communication_objects-messages-userlist.adb"
node: { title: "_Unwind_Resume" label: "builtin_unwind_resume\n<built-in>" shape : ellipse }
node: { title: "ada__tags__register_tag" label: "Register_Tag\nG:/hdd programme/gps/lib/gcc/i686-pc-mingw32/4.9.3/adainclude/a-tags.ads:546:14" shape : ellipse }
node: { title: "ada__tags__check_tsd" label: "Check_Tsd\nG:/hdd programme/gps/lib/gcc/i686-pc-mingw32/4.9.3/adainclude/a-tags.ads:456:14" shape : ellipse }
node: { title: "__gnat_rcheck_SE_Object_Too_Large" label: "gnat_rcheck_SE_Object_Too_Large\n<built-in>" shape : ellipse }
node: { title: "system__storage_pools__subpools__header_size_with_padding" label: "Header_Size_With_Padding\nG:/hdd programme/gps/lib/gcc/i686-pc-mingw32/4.9.3/adainclude/s-stposu.ads:339:13" shape : ellipse }
node: { title: "ada__tags__unregister_tag" label: "Unregister_Tag\nG:/hdd programme/gps/lib/gcc/i686-pc-mingw32/4.9.3/adainclude/a-tags.ads:578:14" shape : ellipse }
node: { title: "__gnat_raise_from_controlled_operation" label: "Raise_From_Controlled_Operation\nG:/hdd programme/gps/lib/gcc/i686-pc-mingw32/4.9.3/adainclude/a-except.ads:227:14" shape : ellipse }
node: { title: "__gnat_set_exception_parameter" label: "gnat_set_exception_parameter\n<built-in>" shape : ellipse }
node: { title: "data_types__Oeq__2" label: "=\nG:\ADAChat\common\data_types.ads:50:9" shape : ellipse }
node: { title: "communication_objects__messages__Oeq" label: "=\nG:\ADAChat\common\communication_objects-messages.ads:5:9" shape : ellipse }
node: { title: "system__secondary_stack__ss_allocate" label: "Ss_Allocate\nG:/hdd programme/gps/lib/gcc/i686-pc-mingw32/4.9.3/adainclude/s-secsta.ads:66:14" shape : ellipse }
node: { title: "data_types__userSW" label: "Usersw\nG:\ADAChat\common\data_types.ads:50:9" shape : ellipse }
node: { title: "system__stream_attributes__w_i" label: "W_I\nG:/hdd programme/gps/lib/gcc/i686-pc-mingw32/4.9.3/adainclude/s-stratt.ads:137:14" shape : ellipse }
node: { title: "communication_objects__messages__messageSW" label: "Messagesw\nG:\ADAChat\common\communication_objects-messages.ads:5:9" shape : ellipse }
node: { title: "data_types__userSR" label: "Usersr\nG:\ADAChat\common\data_types.ads:50:9" shape : ellipse }
node: { title: "system__stream_attributes__i_i" label: "I_I\nG:/hdd programme/gps/lib/gcc/i686-pc-mingw32/4.9.3/adainclude/s-stratt.ads:106:13" shape : ellipse }
node: { title: "communication_objects__messages__messageSR" label: "Messagesr\nG:\ADAChat\common\communication_objects-messages.ads:5:9" shape : ellipse }
node: { title: "__gnat_rcheck_PE_Access_Before_Elaboration" label: "gnat_rcheck_PE_Access_Before_Elaboration\n<built-in>" shape : ellipse }
node: { title: "__gnat_rcheck_CE_Overflow_Check" label: "gnat_rcheck_CE_Overflow_Check\n<built-in>" shape : ellipse }
node: { title: "communication_objects__messages__messageIP" label: "Messageip\nG:\ADAChat\common\communication_objects-messages.ads:5:9" shape : ellipse }
node: { title: "communication_objects__messages__messageDF" label: "Messagedf\nG:\ADAChat\common\communication_objects-messages.ads:5:9" shape : ellipse }
node: { title: "communication_objects__messages__messageDA" label: "Messageda\nG:\ADAChat\common\communication_objects-messages.ads:5:9" shape : ellipse }
node: { title: "system__standard_library__abort_undefer_direct" label: "Abort_Undefer_Direct\nG:/hdd programme/gps/lib/gcc/i686-pc-mingw32/4.9.3/adainclude/s-stalib.ads:241:14" shape : ellipse }
node: { title: "data_types___assign__2" label: "Data_Types\nG:\ADAChat\common\data_types.ads:50:9" shape : ellipse }
node: { title: "system__finalization_masters__add_offset_to_address" label: "Add_Offset_To_Address\nG:/hdd programme/gps/lib/gcc/i686-pc-mingw32/4.9.3/adainclude/s-finmas.ads:192:13" shape : ellipse }
node: { title: "data_types__userDA" label: "Userda\nG:\ADAChat\common\data_types.ads:50:9" shape : ellipse }
node: { title: "__gnat_reraise_zcx" label: "gnat_reraise_zcx\n<built-in>" shape : ellipse }
node: { title: "__gnat_rcheck_PE_Finalize_Raised_Exception" label: "gnat_rcheck_PE_Finalize_Raised_Exception\n<built-in>" shape : ellipse }
node: { title: "data_types__userDF" label: "Userdf\nG:\ADAChat\common\data_types.ads:50:9" shape : ellipse }
node: { title: "ada__exceptions__triggered_by_abort" label: "Triggered_By_Abort\nG:/hdd programme/gps/lib/gcc/i686-pc-mingw32/4.9.3/adainclude/a-except.ads:257:13" shape : ellipse }
node: { title: "__gnat_end_handler" label: "gnat_end_handler\n<built-in>" shape : ellipse }
node: { title: "__gnat_begin_handler" label: "gnat_begin_handler\n<built-in>" shape : ellipse }
node: { title: "data_types__userDI" label: "Userdi\nG:\ADAChat\common\data_types.ads:50:9" shape : ellipse }
node: { title: "data_types__userIP" label: "Userip\nG:\ADAChat\common\data_types.ads:50:9" shape : ellipse }
node: { title: "communication_objects__messages__getcontent" label: "Getcontent\nG:\ADAChat\common\communication_objects-messages.ads:9:13" shape : ellipse }
node: { title: "communication_objects__messages__userlist___elabs" label: "Userlist\nG:\ADAChat\common\communication_objects-messages-userlist.ads:3:1\n32 bytes (static)\n0 dynamic objects" }
edge: { sourcename: "communication_objects__messages__userlist___elabs" targetname: "ada__tags__register_tag" label: "G:\ADAChat\common\communication_objects-messages-userlist.ads:7:9" }
edge: { sourcename: "communication_objects__messages__userlist___elabs" targetname: "ada__tags__check_tsd" label: "G:\ADAChat\common\communication_objects-messages-userlist.ads:7:9" }
node: { title: "communication_objects__messages__userlist__deleteuser" label: "Deleteuser\nG:\ADAChat\common\communication_objects-messages-userlist.adb:13:4\n8 bytes (static)\n0 dynamic objects" }
node: { title: "communication_objects__messages__userlist__adduser" label: "Adduser\nG:\ADAChat\common\communication_objects-messages-userlist.adb:8:4\n8 bytes (static)\n0 dynamic objects" }
node: { title: "communication_objects__messages__userlist__getusers" label: "Getusers\nG:\ADAChat\common\communication_objects-messages-userlist.adb:3:4\n64 bytes (static)\n0 dynamic objects" }
edge: { sourcename: "communication_objects__messages__userlist__getusers" targetname: "communication_objects__messages__userlist__userrecordDA" label: "G:\ADAChat\common\communication_objects-messages-userlist.adb:5:7" }
edge: { sourcename: "communication_objects__messages__userlist__getusers" targetname: "system__secondary_stack__ss_allocate" label: "G:\ADAChat\common\communication_objects-messages-userlist.adb:5:7" }
edge: { sourcename: "communication_objects__messages__userlist__getusers" targetname: "__gnat_rcheck_SE_Object_Too_Large" label: "G:\ADAChat\common\communication_objects-messages-userlist.adb:5:7" }
edge: { sourcename: "communication_objects__messages__userlist__getusers" targetname: "__gnat_rcheck_CE_Overflow_Check" label: "G:\ADAChat\common\communication_objects-messages-userlist.adb:5:7" }
edge: { sourcename: "communication_objects__messages__userlist__getusers" targetname: "system__storage_pools__subpools__header_size_with_padding" label: "G:\ADAChat\common\communication_objects-messages-userlist.adb:5:7" }
node: { title: "communication_objects__messages__userlist__finalize_spec" label: "Finalize_Spec\nG:\ADAChat\common\communication_objects-messages-userlist.ads:3:1\n32 bytes (static)\n0 dynamic objects" }
edge: { sourcename: "communication_objects__messages__userlist__finalize_spec" targetname: "ada__tags__unregister_tag" label: "G:\ADAChat\common\communication_objects-messages-userlist.ads:3:1" }
node: { title: "communication_objects__messages__userlist__TuserlistCFD" label: "Tuserlistcfd\nG:\ADAChat\common\communication_objects-messages-userlist.ads:7:9\n48 bytes (static)\n0 dynamic objects" }
edge: { sourcename: "communication_objects__messages__userlist__TuserlistCFD" targetname: "__indirect_call" label: "G:\ADAChat\common\communication_objects-messages-userlist.ads:7:9" }
node: { title: "__indirect_call" label: "Indirect Call Placeholder" shape : ellipse }
node: { title: "communication_objects__messages__userlist___assign" label: "Userlist\nG:\ADAChat\common\communication_objects-messages-userlist.ads:7:9\n496 bytes (static)\n0 dynamic objects" }
edge: { sourcename: "communication_objects__messages__userlist___assign" targetname: "_Unwind_Resume" }
edge: { sourcename: "communication_objects__messages__userlist___assign" targetname: "__gnat_raise_from_controlled_operation" label: "G:\ADAChat\common\communication_objects-messages-userlist.ads:7:9" }
edge: { sourcename: "communication_objects__messages__userlist___assign" targetname: "__gnat_set_exception_parameter" }
edge: { sourcename: "communication_objects__messages__userlist___assign" targetname: "__gnat_begin_handler" }
edge: { sourcename: "communication_objects__messages__userlist___assign" targetname: "__gnat_end_handler" }
edge: { sourcename: "communication_objects__messages__userlist___assign" targetname: "system__standard_library__abort_undefer_direct" label: "G:\ADAChat\common\communication_objects-messages-userlist.ads:7:0" }
edge: { sourcename: "communication_objects__messages__userlist___assign" targetname: "communication_objects__messages__userlist__userlistDA" label: "G:\ADAChat\common\communication_objects-messages-userlist.ads:7:9" }
edge: { sourcename: "communication_objects__messages__userlist___assign" targetname: "communication_objects__messages__userlist__userlistDF" label: "G:\ADAChat\common\communication_objects-messages-userlist.ads:7:9" }
edge: { sourcename: "communication_objects__messages__userlist___assign" targetname: "__indirect_call" label: "G:\ADAChat\common\communication_objects-messages-userlist.ads:7:9" }
node: { title: "communication_objects__messages__userlist__Oeq" label: "=\nG:\ADAChat\common\communication_objects-messages-userlist.ads:7:4\n48 bytes (static)\n0 dynamic objects" }
edge: { sourcename: "communication_objects__messages__userlist__Oeq" targetname: "G:\ADAChat\common\communication_objects-messages-userlist.adb:communication_objects__messages__userlist__Oeq__E67s.3765" label: "G:\ADAChat\common\communication_objects-messages-userlist.ads:7:9" }
edge: { sourcename: "communication_objects__messages__userlist__Oeq" targetname: "communication_objects__messages__Oeq" label: "G:\ADAChat\common\communication_objects-messages-userlist.ads:7:9" }
node: { title: "G:\ADAChat\common\communication_objects-messages-userlist.adb:communication_objects__messages__userlist__Oeq__E67s.3765" label: "E67s\nG:\ADAChat\common\communication_objects-messages-userlist.ads:7:9\n80 bytes (static)\n0 dynamic objects" }
edge: { sourcename: "G:\ADAChat\common\communication_objects-messages-userlist.adb:communication_objects__messages__userlist__Oeq__E67s.3765" targetname: "data_types__Oeq__2" label: "G:\ADAChat\common\communication_objects-messages-userlist.ads:7:9" }
node: { title: "communication_objects__messages__userlist__userlistSO" label: "Userlistso\nG:\ADAChat\common\communication_objects-messages-userlist.ads:7:9\n32 bytes (static)\n0 dynamic objects" }
edge: { sourcename: "communication_objects__messages__userlist__userlistSO" targetname: "communication_objects__messages__userlist__userlistSW" label: "G:\ADAChat\common\communication_objects-messages-userlist.ads:7:9" }
node: { title: "communication_objects__messages__userlist__userlistSI" label: "Userlistsi\nG:\ADAChat\common\communication_objects-messages-userlist.ads:7:9\n736 bytes (static)\n0 dynamic objects" }
edge: { sourcename: "communication_objects__messages__userlist__userlistSI" targetname: "_Unwind_Resume" }
edge: { sourcename: "communication_objects__messages__userlist__userlistSI" targetname: "__gnat_reraise_zcx" label: "G:\ADAChat\common\communication_objects-messages-userlist.ads:7:9" }
edge: { sourcename: "communication_objects__messages__userlist__userlistSI" targetname: "communication_objects__messages__userlist__userlistDF" label: "G:\ADAChat\common\communication_objects-messages-userlist.ads:7:9" }
edge: { sourcename: "communication_objects__messages__userlist__userlistSI" targetname: "__gnat_begin_handler" label: "G:\ADAChat\common\communication_objects-messages-userlist.ads:7:9" }
edge: { sourcename: "communication_objects__messages__userlist__userlistSI" targetname: "__gnat_end_handler" label: "G:\ADAChat\common\communication_objects-messages-userlist.ads:7:0" }
edge: { sourcename: "communication_objects__messages__userlist__userlistSI" targetname: "G:\ADAChat\common\communication_objects-messages-userlist.adb:communication_objects__messages__userlist__userlistSI__R98s___finalizer.3743" label: "G:\ADAChat\common\communication_objects-messages-userlist.ads:7:0" }
edge: { sourcename: "communication_objects__messages__userlist__userlistSI" targetname: "communication_objects__messages__userlist__userlistDA" label: "G:\ADAChat\common\communication_objects-messages-userlist.ads:7:9" }
edge: { sourcename: "communication_objects__messages__userlist__userlistSI" targetname: "system__secondary_stack__ss_allocate" label: "G:\ADAChat\common\communication_objects-messages-userlist.ads:7:9" }
edge: { sourcename: "communication_objects__messages__userlist__userlistSI" targetname: "communication_objects__messages__userlist__userlistSR" label: "G:\ADAChat\common\communication_objects-messages-userlist.ads:7:9" }
edge: { sourcename: "communication_objects__messages__userlist__userlistSI" targetname: "system__standard_library__abort_undefer_direct" label: "G:\ADAChat\common\communication_objects-messages-userlist.ads:7:0" }
edge: { sourcename: "communication_objects__messages__userlist__userlistSI" targetname: "communication_objects__messages__userlist__userlistDI" label: "G:\ADAChat\common\communication_objects-messages-userlist.ads:7:9" }
edge: { sourcename: "communication_objects__messages__userlist__userlistSI" targetname: "communication_objects__messages__userlist__userlistIP" label: "G:\ADAChat\common\communication_objects-messages-userlist.ads:7:9" }
edge: { sourcename: "communication_objects__messages__userlist__userlistSI" targetname: "__indirect_call" label: "G:\ADAChat\common\communication_objects-messages-userlist.ads:7:9" }
node: { title: "G:\ADAChat\common\communication_objects-messages-userlist.adb:communication_objects__messages__userlist__userlistSI__R98s___finalizer.3743" label: "R98s\nG:\ADAChat\common\communication_objects-messages-userlist.ads:7:9\n80 bytes (static)\n0 dynamic objects" }
edge: { sourcename: "G:\ADAChat\common\communication_objects-messages-userlist.adb:communication_objects__messages__userlist__userlistSI__R98s___finalizer.3743" targetname: "__gnat_end_handler" label: "G:\ADAChat\common\communication_objects-messages-userlist.ads:7:0" }
edge: { sourcename: "G:\ADAChat\common\communication_objects-messages-userlist.adb:communication_objects__messages__userlist__userlistSI__R98s___finalizer.3743" targetname: "__gnat_begin_handler" label: "G:\ADAChat\common\communication_objects-messages-userlist.ads:7:9" }
edge: { sourcename: "G:\ADAChat\common\communication_objects-messages-userlist.adb:communication_objects__messages__userlist__userlistSI__R98s___finalizer.3743" targetname: "_Unwind_Resume" }
edge: { sourcename: "G:\ADAChat\common\communication_objects-messages-userlist.adb:communication_objects__messages__userlist__userlistSI__R98s___finalizer.3743" targetname: "_Unwind_Resume" }
edge: { sourcename: "G:\ADAChat\common\communication_objects-messages-userlist.adb:communication_objects__messages__userlist__userlistSI__R98s___finalizer.3743" targetname: "__gnat_rcheck_PE_Finalize_Raised_Exception" label: "G:\ADAChat\common\communication_objects-messages-userlist.ads:7:9" }
edge: { sourcename: "G:\ADAChat\common\communication_objects-messages-userlist.adb:communication_objects__messages__userlist__userlistSI__R98s___finalizer.3743" targetname: "__indirect_call" label: "G:\ADAChat\common\communication_objects-messages-userlist.ads:7:9" }
edge: { sourcename: "G:\ADAChat\common\communication_objects-messages-userlist.adb:communication_objects__messages__userlist__userlistSI__R98s___finalizer.3743" targetname: "communication_objects__messages__userlist__userlistDF" label: "G:\ADAChat\common\communication_objects-messages-userlist.ads:7:9" }
edge: { sourcename: "G:\ADAChat\common\communication_objects-messages-userlist.adb:communication_objects__messages__userlist__userlistSI__R98s___finalizer.3743" targetname: "__indirect_call" label: "G:\ADAChat\common\communication_objects-messages-userlist.ads:7:9" }
edge: { sourcename: "G:\ADAChat\common\communication_objects-messages-userlist.adb:communication_objects__messages__userlist__userlistSI__R98s___finalizer.3743" targetname: "ada__exceptions__triggered_by_abort" label: "G:\ADAChat\common\communication_objects-messages-userlist.ads:7:9" }
node: { title: "communication_objects__messages__userlist__userlistSW" label: "Userlistsw\nG:\ADAChat\common\communication_objects-messages-userlist.ads:7:9\n32 bytes (static)\n0 dynamic objects" }
edge: { sourcename: "communication_objects__messages__userlist__userlistSW" targetname: "system__stream_attributes__w_i" label: "G:\ADAChat\common\communication_objects-messages-userlist.ads:7:9" }
edge: { sourcename: "communication_objects__messages__userlist__userlistSW" targetname: "G:\ADAChat\common\communication_objects-messages-userlist.adb:communication_objects__messages__userlist__userlistSW__userrecord_92SW.3720" label: "G:\ADAChat\common\communication_objects-messages-userlist.ads:7:9" }
edge: { sourcename: "communication_objects__messages__userlist__userlistSW" targetname: "communication_objects__messages__messageSW" label: "G:\ADAChat\common\communication_objects-messages-userlist.ads:7:9" }
node: { title: "G:\ADAChat\common\communication_objects-messages-userlist.adb:communication_objects__messages__userlist__userlistSW__userrecord_92SW.3720" label: "Userrecord_92sw\nG:\ADAChat\common\communication_objects-messages-userlist.ads:7:9\n64 bytes (static)\n0 dynamic objects" }
edge: { sourcename: "G:\ADAChat\common\communication_objects-messages-userlist.adb:communication_objects__messages__userlist__userlistSW__userrecord_92SW.3720" targetname: "data_types__userSW" label: "G:\ADAChat\common\communication_objects-messages-userlist.ads:7:9" }
node: { title: "communication_objects__messages__userlist__userlistSR" label: "Userlistsr\nG:\ADAChat\common\communication_objects-messages-userlist.ads:7:9\n32 bytes (static)\n0 dynamic objects" }
edge: { sourcename: "communication_objects__messages__userlist__userlistSR" targetname: "system__stream_attributes__i_i" label: "G:\ADAChat\common\communication_objects-messages-userlist.ads:7:9" }
edge: { sourcename: "communication_objects__messages__userlist__userlistSR" targetname: "G:\ADAChat\common\communication_objects-messages-userlist.adb:communication_objects__messages__userlist__userlistSR__userrecord_86SR.3690" label: "G:\ADAChat\common\communication_objects-messages-userlist.ads:7:9" }
edge: { sourcename: "communication_objects__messages__userlist__userlistSR" targetname: "communication_objects__messages__messageSR" label: "G:\ADAChat\common\communication_objects-messages-userlist.ads:7:9" }
node: { title: "G:\ADAChat\common\communication_objects-messages-userlist.adb:communication_objects__messages__userlist__userlistSR__userrecord_86SR.3690" label: "Userrecord_86sr\nG:\ADAChat\common\communication_objects-messages-userlist.ads:7:9\n64 bytes (static)\n0 dynamic objects" }
edge: { sourcename: "G:\ADAChat\common\communication_objects-messages-userlist.adb:communication_objects__messages__userlist__userlistSR__userrecord_86SR.3690" targetname: "data_types__userSR" label: "G:\ADAChat\common\communication_objects-messages-userlist.ads:7:9" }
node: { title: "communication_objects__messages__userlist___size" label: "Userlist\nG:\ADAChat\common\communication_objects-messages-userlist.ads:7:9\n8 bytes (static)\n0 dynamic objects" }
node: { title: "communication_objects__messages__userlist__userlistIP" label: "Userlistip\nG:\ADAChat\common\communication_objects-messages-userlist.ads:7:9\n64 bytes (static)\n0 dynamic objects" }
edge: { sourcename: "communication_objects__messages__userlist__userlistIP" targetname: "__gnat_reraise_zcx" label: "G:\ADAChat\common\communication_objects-messages-userlist.ads:7:9" }
edge: { sourcename: "communication_objects__messages__userlist__userlistIP" targetname: "G:\ADAChat\common\communication_objects-messages-userlist.adb:communication_objects__messages__userlist__userlistIP__F64s.3665" label: "G:\ADAChat\common\communication_objects-messages-userlist.ads:7:9" }
edge: { sourcename: "communication_objects__messages__userlist__userlistIP" targetname: "__gnat_begin_handler" label: "G:\ADAChat\common\communication_objects-messages-userlist.ads:7:9" }
edge: { sourcename: "communication_objects__messages__userlist__userlistIP" targetname: "_Unwind_Resume" }
edge: { sourcename: "communication_objects__messages__userlist__userlistIP" targetname: "_Unwind_Resume" }
edge: { sourcename: "communication_objects__messages__userlist__userlistIP" targetname: "__gnat_end_handler" label: "G:\ADAChat\common\communication_objects-messages-userlist.ads:7:0" }
edge: { sourcename: "communication_objects__messages__userlist__userlistIP" targetname: "__gnat_rcheck_CE_Overflow_Check" label: "G:\ADAChat\common\communication_objects-messages-userlist.ads:9:7" }
edge: { sourcename: "communication_objects__messages__userlist__userlistIP" targetname: "communication_objects__messages__userlist__userrecordDI" label: "G:\ADAChat\common\communication_objects-messages-userlist.ads:9:7" }
edge: { sourcename: "communication_objects__messages__userlist__userlistIP" targetname: "communication_objects__messages__userlist__userrecordIP" label: "G:\ADAChat\common\communication_objects-messages-userlist.ads:9:7" }
edge: { sourcename: "communication_objects__messages__userlist__userlistIP" targetname: "communication_objects__messages__messageIP" label: "G:\ADAChat\common\communication_objects-messages-userlist.ads:7:21" }
node: { title: "G:\ADAChat\common\communication_objects-messages-userlist.adb:communication_objects__messages__userlist__userlistIP__F64s.3665" label: "F64s\nG:\ADAChat\common\communication_objects-messages-userlist.ads:7:9\n96 bytes (static)\n0 dynamic objects" }
edge: { sourcename: "G:\ADAChat\common\communication_objects-messages-userlist.adb:communication_objects__messages__userlist__userlistIP__F64s.3665" targetname: "__gnat_end_handler" label: "G:\ADAChat\common\communication_objects-messages-userlist.ads:7:0" }
edge: { sourcename: "G:\ADAChat\common\communication_objects-messages-userlist.adb:communication_objects__messages__userlist__userlistIP__F64s.3665" targetname: "__gnat_begin_handler" label: "G:\ADAChat\common\communication_objects-messages-userlist.ads:7:9" }
edge: { sourcename: "G:\ADAChat\common\communication_objects-messages-userlist.adb:communication_objects__messages__userlist__userlistIP__F64s.3665" targetname: "_Unwind_Resume" }
edge: { sourcename: "G:\ADAChat\common\communication_objects-messages-userlist.adb:communication_objects__messages__userlist__userlistIP__F64s.3665" targetname: "_Unwind_Resume" }
edge: { sourcename: "G:\ADAChat\common\communication_objects-messages-userlist.adb:communication_objects__messages__userlist__userlistIP__F64s.3665" targetname: "__gnat_end_handler" label: "G:\ADAChat\common\communication_objects-messages-userlist.ads:7:0" }
edge: { sourcename: "G:\ADAChat\common\communication_objects-messages-userlist.adb:communication_objects__messages__userlist__userlistIP__F64s.3665" targetname: "__gnat_begin_handler" label: "G:\ADAChat\common\communication_objects-messages-userlist.ads:7:9" }
edge: { sourcename: "G:\ADAChat\common\communication_objects-messages-userlist.adb:communication_objects__messages__userlist__userlistIP__F64s.3665" targetname: "_Unwind_Resume" }
edge: { sourcename: "G:\ADAChat\common\communication_objects-messages-userlist.adb:communication_objects__messages__userlist__userlistIP__F64s.3665" targetname: "_Unwind_Resume" }
edge: { sourcename: "G:\ADAChat\common\communication_objects-messages-userlist.adb:communication_objects__messages__userlist__userlistIP__F64s.3665" targetname: "__gnat_rcheck_PE_Finalize_Raised_Exception" label: "G:\ADAChat\common\communication_objects-messages-userlist.ads:7:9" }
edge: { sourcename: "G:\ADAChat\common\communication_objects-messages-userlist.adb:communication_objects__messages__userlist__userlistIP__F64s.3665" targetname: "communication_objects__messages__messageDF" label: "G:\ADAChat\common\communication_objects-messages-userlist.ads:7:9" }
edge: { sourcename: "G:\ADAChat\common\communication_objects-messages-userlist.adb:communication_objects__messages__userlist__userlistIP__F64s.3665" targetname: "__gnat_rcheck_PE_Access_Before_Elaboration" label: "G:\ADAChat\common\communication_objects-messages-userlist.ads:7:9" }
edge: { sourcename: "G:\ADAChat\common\communication_objects-messages-userlist.adb:communication_objects__messages__userlist__userlistIP__F64s.3665" targetname: "communication_objects__messages__userlist__userrecordDF" label: "G:\ADAChat\common\communication_objects-messages-userlist.ads:7:9" }
edge: { sourcename: "G:\ADAChat\common\communication_objects-messages-userlist.adb:communication_objects__messages__userlist__userlistIP__F64s.3665" targetname: "ada__exceptions__triggered_by_abort" label: "G:\ADAChat\common\communication_objects-messages-userlist.ads:7:9" }
node: { title: "communication_objects__messages__userlist__userlistFD" label: "Userlistfd\nG:\ADAChat\common\communication_objects-messages-userlist.ads:7:9\n32 bytes (static)\n0 dynamic objects" }
edge: { sourcename: "communication_objects__messages__userlist__userlistFD" targetname: "communication_objects__messages__userlist__userlistDF" label: "G:\ADAChat\common\communication_objects-messages-userlist.ads:7:9" }
node: { title: "communication_objects__messages__userlist__userlistDF" label: "Userlistdf\nG:\ADAChat\common\communication_objects-messages-userlist.ads:7:9\n80 bytes (static)\n0 dynamic objects" }
edge: { sourcename: "communication_objects__messages__userlist__userlistDF" targetname: "__gnat_end_handler" label: "G:\ADAChat\common\communication_objects-messages-userlist.ads:7:0" }
edge: { sourcename: "communication_objects__messages__userlist__userlistDF" targetname: "__gnat_begin_handler" label: "G:\ADAChat\common\communication_objects-messages-userlist.ads:7:9" }
edge: { sourcename: "communication_objects__messages__userlist__userlistDF" targetname: "_Unwind_Resume" }
edge: { sourcename: "communication_objects__messages__userlist__userlistDF" targetname: "_Unwind_Resume" }
edge: { sourcename: "communication_objects__messages__userlist__userlistDF" targetname: "__gnat_end_handler" label: "G:\ADAChat\common\communication_objects-messages-userlist.ads:7:0" }
edge: { sourcename: "communication_objects__messages__userlist__userlistDF" targetname: "__gnat_begin_handler" label: "G:\ADAChat\common\communication_objects-messages-userlist.ads:7:9" }
edge: { sourcename: "communication_objects__messages__userlist__userlistDF" targetname: "_Unwind_Resume" }
edge: { sourcename: "communication_objects__messages__userlist__userlistDF" targetname: "_Unwind_Resume" }
edge: { sourcename: "communication_objects__messages__userlist__userlistDF" targetname: "__gnat_rcheck_PE_Finalize_Raised_Exception" label: "G:\ADAChat\common\communication_objects-messages-userlist.ads:7:9" }
edge: { sourcename: "communication_objects__messages__userlist__userlistDF" targetname: "communication_objects__messages__messageDF" label: "G:\ADAChat\common\communication_objects-messages-userlist.ads:7:9" }
edge: { sourcename: "communication_objects__messages__userlist__userlistDF" targetname: "communication_objects__messages__userlist__userrecordDF" label: "G:\ADAChat\common\communication_objects-messages-userlist.ads:7:9" }
edge: { sourcename: "communication_objects__messages__userlist__userlistDF" targetname: "ada__exceptions__triggered_by_abort" label: "G:\ADAChat\common\communication_objects-messages-userlist.ads:7:9" }
node: { title: "communication_objects__messages__userlist__userlistDA" label: "Userlistda\nG:\ADAChat\common\communication_objects-messages-userlist.ads:7:9\n80 bytes (static)\n0 dynamic objects" }
edge: { sourcename: "communication_objects__messages__userlist__userlistDA" targetname: "__gnat_end_handler" label: "G:\ADAChat\common\communication_objects-messages-userlist.ads:7:0" }
edge: { sourcename: "communication_objects__messages__userlist__userlistDA" targetname: "__gnat_begin_handler" label: "G:\ADAChat\common\communication_objects-messages-userlist.ads:7:9" }
edge: { sourcename: "communication_objects__messages__userlist__userlistDA" targetname: "_Unwind_Resume" }
edge: { sourcename: "communication_objects__messages__userlist__userlistDA" targetname: "_Unwind_Resume" }
edge: { sourcename: "communication_objects__messages__userlist__userlistDA" targetname: "__gnat_end_handler" label: "G:\ADAChat\common\communication_objects-messages-userlist.ads:7:0" }
edge: { sourcename: "communication_objects__messages__userlist__userlistDA" targetname: "__gnat_begin_handler" label: "G:\ADAChat\common\communication_objects-messages-userlist.ads:7:9" }
edge: { sourcename: "communication_objects__messages__userlist__userlistDA" targetname: "_Unwind_Resume" }
edge: { sourcename: "communication_objects__messages__userlist__userlistDA" targetname: "_Unwind_Resume" }
edge: { sourcename: "communication_objects__messages__userlist__userlistDA" targetname: "__gnat_rcheck_PE_Finalize_Raised_Exception" label: "G:\ADAChat\common\communication_objects-messages-userlist.ads:7:9" }
edge: { sourcename: "communication_objects__messages__userlist__userlistDA" targetname: "communication_objects__messages__userlist__userrecordDA" label: "G:\ADAChat\common\communication_objects-messages-userlist.ads:7:9" }
edge: { sourcename: "communication_objects__messages__userlist__userlistDA" targetname: "communication_objects__messages__messageDA" label: "G:\ADAChat\common\communication_objects-messages-userlist.ads:7:9" }
edge: { sourcename: "communication_objects__messages__userlist__userlistDA" targetname: "ada__exceptions__triggered_by_abort" label: "G:\ADAChat\common\communication_objects-messages-userlist.ads:7:9" }
node: { title: "communication_objects__messages__userlist__userlistDI" label: "Userlistdi\nG:\ADAChat\common\communication_objects-messages-userlist.ads:7:9\n8 bytes (static)\n0 dynamic objects" }
node: { title: "communication_objects__messages__userlist__userrecordSA" label: "Userrecordsa\nG:\ADAChat\common\communication_objects-messages-userlist.ads:5:9\n64 bytes (static)\n0 dynamic objects" }
edge: { sourcename: "communication_objects__messages__userlist__userrecordSA" targetname: "_Unwind_Resume" }
edge: { sourcename: "communication_objects__messages__userlist__userrecordSA" targetname: "system__standard_library__abort_undefer_direct" label: "G:\ADAChat\common\communication_objects-messages-userlist.ads:5:0" }
edge: { sourcename: "communication_objects__messages__userlist__userrecordSA" targetname: "data_types___assign__2" label: "G:\ADAChat\common\communication_objects-messages-userlist.ads:5:9" }
edge: { sourcename: "communication_objects__messages__userlist__userrecordSA" targetname: "__indirect_call" label: "G:\ADAChat\common\communication_objects-messages-userlist.ads:5:9" }
node: { title: "communication_objects__messages__userlist__userrecordFD" label: "Userrecordfd\nG:\ADAChat\common\communication_objects-messages-userlist.ads:5:9\n32 bytes (static)\n0 dynamic objects" }
edge: { sourcename: "communication_objects__messages__userlist__userrecordFD" targetname: "communication_objects__messages__userlist__userrecordDF" label: "G:\ADAChat\common\communication_objects-messages-userlist.ads:5:9" }
edge: { sourcename: "communication_objects__messages__userlist__userrecordFD" targetname: "system__finalization_masters__add_offset_to_address" label: "G:\ADAChat\common\communication_objects-messages-userlist.ads:5:9" }
node: { title: "communication_objects__messages__userlist__userrecordDF" label: "Userrecorddf\nG:\ADAChat\common\communication_objects-messages-userlist.ads:5:9\n80 bytes (static)\n0 dynamic objects" }
edge: { sourcename: "communication_objects__messages__userlist__userrecordDF" targetname: "__gnat_end_handler" label: "G:\ADAChat\common\communication_objects-messages-userlist.ads:5:0" }
edge: { sourcename: "communication_objects__messages__userlist__userrecordDF" targetname: "__gnat_begin_handler" label: "G:\ADAChat\common\communication_objects-messages-userlist.ads:5:9" }
edge: { sourcename: "communication_objects__messages__userlist__userrecordDF" targetname: "_Unwind_Resume" }
edge: { sourcename: "communication_objects__messages__userlist__userrecordDF" targetname: "_Unwind_Resume" }
edge: { sourcename: "communication_objects__messages__userlist__userrecordDF" targetname: "__gnat_rcheck_PE_Finalize_Raised_Exception" label: "G:\ADAChat\common\communication_objects-messages-userlist.ads:5:9" }
edge: { sourcename: "communication_objects__messages__userlist__userrecordDF" targetname: "data_types__userDF" label: "G:\ADAChat\common\communication_objects-messages-userlist.ads:5:9" }
edge: { sourcename: "communication_objects__messages__userlist__userrecordDF" targetname: "ada__exceptions__triggered_by_abort" label: "G:\ADAChat\common\communication_objects-messages-userlist.ads:5:9" }
node: { title: "communication_objects__messages__userlist__userrecordDA" label: "Userrecordda\nG:\ADAChat\common\communication_objects-messages-userlist.ads:5:9\n80 bytes (static)\n0 dynamic objects" }
edge: { sourcename: "communication_objects__messages__userlist__userrecordDA" targetname: "__gnat_end_handler" label: "G:\ADAChat\common\communication_objects-messages-userlist.ads:5:0" }
edge: { sourcename: "communication_objects__messages__userlist__userrecordDA" targetname: "__gnat_begin_handler" label: "G:\ADAChat\common\communication_objects-messages-userlist.ads:5:9" }
edge: { sourcename: "communication_objects__messages__userlist__userrecordDA" targetname: "_Unwind_Resume" }
edge: { sourcename: "communication_objects__messages__userlist__userrecordDA" targetname: "_Unwind_Resume" }
edge: { sourcename: "communication_objects__messages__userlist__userrecordDA" targetname: "__gnat_rcheck_PE_Finalize_Raised_Exception" label: "G:\ADAChat\common\communication_objects-messages-userlist.ads:5:9" }
edge: { sourcename: "communication_objects__messages__userlist__userrecordDA" targetname: "data_types__userDA" label: "G:\ADAChat\common\communication_objects-messages-userlist.ads:5:9" }
edge: { sourcename: "communication_objects__messages__userlist__userrecordDA" targetname: "ada__exceptions__triggered_by_abort" label: "G:\ADAChat\common\communication_objects-messages-userlist.ads:5:9" }
node: { title: "communication_objects__messages__userlist__userrecordDI" label: "Userrecorddi\nG:\ADAChat\common\communication_objects-messages-userlist.ads:5:9\n96 bytes (static)\n0 dynamic objects" }
edge: { sourcename: "communication_objects__messages__userlist__userrecordDI" targetname: "__gnat_reraise_zcx" label: "G:\ADAChat\common\communication_objects-messages-userlist.ads:5:9" }
edge: { sourcename: "communication_objects__messages__userlist__userrecordDI" targetname: "__gnat_rcheck_PE_Finalize_Raised_Exception" label: "G:\ADAChat\common\communication_objects-messages-userlist.ads:5:9" }
edge: { sourcename: "communication_objects__messages__userlist__userrecordDI" targetname: "data_types__userDF" label: "G:\ADAChat\common\communication_objects-messages-userlist.ads:5:9" }
edge: { sourcename: "communication_objects__messages__userlist__userrecordDI" targetname: "ada__exceptions__triggered_by_abort" label: "G:\ADAChat\common\communication_objects-messages-userlist.ads:5:9" }
edge: { sourcename: "communication_objects__messages__userlist__userrecordDI" targetname: "__gnat_begin_handler" label: "G:\ADAChat\common\communication_objects-messages-userlist.ads:5:9" }
edge: { sourcename: "communication_objects__messages__userlist__userrecordDI" targetname: "_Unwind_Resume" }
edge: { sourcename: "communication_objects__messages__userlist__userrecordDI" targetname: "_Unwind_Resume" }
edge: { sourcename: "communication_objects__messages__userlist__userrecordDI" targetname: "__gnat_end_handler" label: "G:\ADAChat\common\communication_objects-messages-userlist.ads:5:0" }
edge: { sourcename: "communication_objects__messages__userlist__userrecordDI" targetname: "__gnat_end_handler" label: "G:\ADAChat\common\communication_objects-messages-userlist.ads:5:0" }
edge: { sourcename: "communication_objects__messages__userlist__userrecordDI" targetname: "__gnat_begin_handler" label: "G:\ADAChat\common\communication_objects-messages-userlist.ads:5:9" }
edge: { sourcename: "communication_objects__messages__userlist__userrecordDI" targetname: "data_types__userDI" label: "G:\ADAChat\common\communication_objects-messages-userlist.ads:5:9" }
node: { title: "communication_objects__messages__userlist__userrecordIP" label: "Userrecordip\nG:\ADAChat\common\communication_objects-messages-userlist.ads:5:9\n48 bytes (static)\n0 dynamic objects" }
edge: { sourcename: "communication_objects__messages__userlist__userrecordIP" targetname: "data_types__userIP" label: "G:\ADAChat\common\communication_objects-messages-userlist.ads:5:9" }
}
