edge: { sourcename: "concrete_server_gui_logic__Tserver_guiCFD"
  targetname: "-9:concrete_server_gui_logic__server_gui,concrete_server_gui_logic__server_gui"
  label: "concrete_server_gui_logic.ads:9:9"
}
class {
  classname: "concrete_server_gui_logic__server_gui"
  label: "concrete_server_gui_logic__server_gui\concrete_server_gui_logic.ads:9:9"
  parent: "server_to_gui_communication__gui"
  virtuals: "1:concrete_server_gui_logic__printerrormessage__2,1:server_to_gui_communication__gui\n
             2:concrete_server_gui_logic__printinfomessage__2,2:server_to_gui_communication__gui\n
             3:concrete_server_gui_logic__printchatmessage__2,3:server_to_gui_communication__gui\n
             4:concrete_server_gui_logic__updatenumberofcontacts__2,4:server_to_gui_communication__gui\n
             5:concrete_server_gui_logic__updateonlineuseroverview__2,5:server_to_gui_communication__gui\n
             6:concrete_server_gui_logic__updateofflineuseroverview__2,6:server_to_gui_communication__gui\n
             -1:concrete_server_gui_logic___size__2,-1:server_to_gui_communication__gui\n
             -2:concrete_server_gui_logic__server_guiSR__2,-2:server_to_gui_communication__gui\n
             -3:concrete_server_gui_logic__server_guiSW__2,-3:server_to_gui_communication__gui\n
             -4:concrete_server_gui_logic__server_guiSI__2,-4:server_to_gui_communication__gui\n
             -5:concrete_server_gui_logic__server_guiSO__2,-5:server_to_gui_communication__gui\n
             -6:concrete_server_gui_logic__Oeq__2,-6:server_to_gui_communication__gui\n
             -7:concrete_server_gui_logic___assign__2,-7:server_to_gui_communication__gui\n
             -8:concrete_server_gui_logic__server_guiDA__2,-8:server_to_gui_communication__gui\n
             -9:concrete_server_gui_logic__server_guiDF__2,-9:server_to_gui_communication__gui"
}
edge: { sourcename: "concrete_server_gui_logic__initservergui"
  targetname: "16:gtkada__builder__gtkada_builder,gtkada__builder__gtkada_builder"
  label: "concrete_server_gui_logic.adb:48:41"
}
edge: { sourcename: "concrete_server_gui_logic__initservergui"
  targetname: "411:gtk__gentry__gtk_entry,gtk__gentry__gtk_entry"
  label: "concrete_server_gui_logic.adb:49:17"
}
edge: { sourcename: "concrete_server_gui_logic__initservergui"
  targetname: "16:gtkada__builder__gtkada_builder,gtkada__builder__gtkada_builder"
  label: "concrete_server_gui_logic.adb:50:54"
}
edge: { sourcename: "concrete_server_gui_logic__initservergui"
  targetname: "16:gtkada__builder__gtkada_builder,gtkada__builder__gtkada_builder"
  label: "concrete_server_gui_logic.adb:51:56"
}
edge: { sourcename: "concrete_server_gui_logic__initservergui"
  targetname: "14:gtk__tree_store__gtk_tree_store,gtk__tree_store__gtk_tree_store"
  label: "concrete_server_gui_logic.adb:58:28"
}
edge: { sourcename: "concrete_server_gui_logic__initservergui"
  targetname: "33:gtk__tree_store__gtk_tree_store,gtk__tree_store__gtk_tree_store"
  label: "concrete_server_gui_logic.adb:60:28"
}
graph: { title: "C:\Users\Thomas\Documents\adachat\server\concrete_server_gui_logic.adb"
node: { title: "ada__tags__register_tag" label: "Register_Tag\nC:/gnat/2015/lib/gcc/i686-pc-mingw32/4.9.3/adainclude/a-tags.ads:546:14" shape : ellipse }
node: { title: "ada__tags__check_tsd" label: "Check_Tsd\nC:/gnat/2015/lib/gcc/i686-pc-mingw32/4.9.3/adainclude/a-tags.ads:456:14" shape : ellipse }
node: { title: "gtk__tree_model__gtk_tree_iterIP" label: "Gtk_Tree_Iterip\nC:\GtkAda\include\gtkada\gtk-tree_model.ads:1211:6" shape : ellipse }
node: { title: "__gnat_rcheck_CE_Tag_Check" label: "gnat_rcheck_CE_Tag_Check\n<built-in>" shape : ellipse }
node: { title: "__gnat_rcheck_CE_Index_Check" label: "gnat_rcheck_CE_Index_Check\n<built-in>" shape : ellipse }
node: { title: "__gnat_rcheck_CE_Overflow_Check" label: "gnat_rcheck_CE_Overflow_Check\n<built-in>" shape : ellipse }
node: { title: "__gnat_rcheck_CE_Access_Check" label: "gnat_rcheck_CE_Access_Check\n<built-in>" shape : ellipse }
node: { title: "__gnat_rcheck_PE_Access_Before_Elaboration" label: "gnat_rcheck_PE_Access_Before_Elaboration\n<built-in>" shape : ellipse }
node: { title: "ada__text_io__put_line__2" label: "Put_Line\nC:/gnat/2015/lib/gcc/i686-pc-mingw32/4.9.3/adainclude/a-textio.ads:263:14" shape : ellipse }
node: { title: "ada__tags__unregister_tag" label: "Unregister_Tag\nC:/gnat/2015/lib/gcc/i686-pc-mingw32/4.9.3/adainclude/a-tags.ads:578:14" shape : ellipse }
node: { title: "system__secondary_stack__ss_allocate" label: "Ss_Allocate\nC:/gnat/2015/lib/gcc/i686-pc-mingw32/4.9.3/adainclude/s-secsta.ads:66:14" shape : ellipse }
node: { title: "ada__tags__register_interface_offset" label: "Register_Interface_Offset\nC:/gnat/2015/lib/gcc/i686-pc-mingw32/4.9.3/adainclude/a-tags.ads:532:14" shape : ellipse }
node: { title: "concrete_server_gui_logic___elabs" label: "Concrete_Server_Gui_Logic\nC:\Users\Thomas\Documents\adachat\server\concrete_server_gui_logic.ads:6:1\n32 bytes (static)\n0 dynamic objects" }
edge: { sourcename: "concrete_server_gui_logic___elabs" targetname: "ada__tags__register_tag" label: "C:\Users\Thomas\Documents\adachat\server\concrete_server_gui_logic.ads:9:9" }
edge: { sourcename: "concrete_server_gui_logic___elabs" targetname: "ada__tags__check_tsd" label: "C:\Users\Thomas\Documents\adachat\server\concrete_server_gui_logic.ads:9:9" }
node: { title: "concrete_server_gui_logic___elabb" label: "Concrete_Server_Gui_Logic\nC:\Users\Thomas\Documents\adachat\server\concrete_server_gui_logic.adb:28:1\n32 bytes (static)\n0 dynamic objects" }
edge: { sourcename: "concrete_server_gui_logic___elabb" targetname: "gtk__tree_model__gtk_tree_iterIP" label: "C:\Users\Thomas\Documents\adachat\server\concrete_server_gui_logic.adb:34:4" }
edge: { sourcename: "concrete_server_gui_logic___elabb" targetname: "gtk__tree_model__gtk_tree_iterIP" label: "C:\Users\Thomas\Documents\adachat\server\concrete_server_gui_logic.adb:33:4" }
node: { title: "concrete_server_gui_logic__initservergui" label: "Initservergui\nC:\Users\Thomas\Documents\adachat\server\concrete_server_gui_logic.adb:46:4\n176 bytes (static)\n0 dynamic objects" }
edge: { sourcename: "concrete_server_gui_logic__initservergui" targetname: "ada__text_io__put_line__2" label: "C:\Users\Thomas\Documents\adachat\server\concrete_server_gui_logic.adb:68:7" }
edge: { sourcename: "concrete_server_gui_logic__initservergui" targetname: "__indirect_call" label: "C:\Users\Thomas\Documents\adachat\server\concrete_server_gui_logic.adb:60:28" }
node: { title: "__indirect_call" label: "Indirect Call Placeholder" shape : ellipse }
edge: { sourcename: "concrete_server_gui_logic__initservergui" targetname: "__gnat_rcheck_CE_Access_Check" label: "C:\Users\Thomas\Documents\adachat\server\concrete_server_gui_logic.adb:60:28" }
edge: { sourcename: "concrete_server_gui_logic__initservergui" targetname: "__gnat_rcheck_PE_Access_Before_Elaboration" label: "C:\Users\Thomas\Documents\adachat\server\concrete_server_gui_logic.adb:60:28" }
edge: { sourcename: "concrete_server_gui_logic__initservergui" targetname: "__indirect_call" label: "C:\Users\Thomas\Documents\adachat\server\concrete_server_gui_logic.adb:58:28" }
edge: { sourcename: "concrete_server_gui_logic__initservergui" targetname: "__gnat_rcheck_CE_Access_Check" label: "C:\Users\Thomas\Documents\adachat\server\concrete_server_gui_logic.adb:58:28" }
edge: { sourcename: "concrete_server_gui_logic__initservergui" targetname: "__gnat_rcheck_PE_Access_Before_Elaboration" label: "C:\Users\Thomas\Documents\adachat\server\concrete_server_gui_logic.adb:58:28" }
edge: { sourcename: "concrete_server_gui_logic__initservergui" targetname: "__gnat_rcheck_CE_Tag_Check" label: "C:\Users\Thomas\Documents\adachat\server\concrete_server_gui_logic.adb:51:32" }
edge: { sourcename: "concrete_server_gui_logic__initservergui" targetname: "__gnat_rcheck_CE_Index_Check" label: "C:\Users\Thomas\Documents\adachat\server\concrete_server_gui_logic.adb:51:32" }
edge: { sourcename: "concrete_server_gui_logic__initservergui" targetname: "__gnat_rcheck_CE_Overflow_Check" label: "C:\Users\Thomas\Documents\adachat\server\concrete_server_gui_logic.adb:51:32" }
edge: { sourcename: "concrete_server_gui_logic__initservergui" targetname: "__gnat_rcheck_CE_Access_Check" label: "C:\Users\Thomas\Documents\adachat\server\concrete_server_gui_logic.adb:51:32" }
edge: { sourcename: "concrete_server_gui_logic__initservergui" targetname: "__gnat_rcheck_CE_Access_Check" label: "C:\Users\Thomas\Documents\adachat\server\concrete_server_gui_logic.adb:51:32" }
edge: { sourcename: "concrete_server_gui_logic__initservergui" targetname: "__gnat_rcheck_CE_Access_Check" label: "C:\Users\Thomas\Documents\adachat\server\concrete_server_gui_logic.adb:51:32" }
edge: { sourcename: "concrete_server_gui_logic__initservergui" targetname: "__gnat_rcheck_CE_Access_Check" label: "C:\Users\Thomas\Documents\adachat\server\concrete_server_gui_logic.adb:51:32" }
edge: { sourcename: "concrete_server_gui_logic__initservergui" targetname: "__gnat_rcheck_CE_Access_Check" label: "C:\Users\Thomas\Documents\adachat\server\concrete_server_gui_logic.adb:51:32" }
edge: { sourcename: "concrete_server_gui_logic__initservergui" targetname: "__indirect_call" label: "C:\Users\Thomas\Documents\adachat\server\concrete_server_gui_logic.adb:51:56" }
edge: { sourcename: "concrete_server_gui_logic__initservergui" targetname: "__gnat_rcheck_CE_Access_Check" label: "C:\Users\Thomas\Documents\adachat\server\concrete_server_gui_logic.adb:51:56" }
edge: { sourcename: "concrete_server_gui_logic__initservergui" targetname: "__gnat_rcheck_PE_Access_Before_Elaboration" label: "C:\Users\Thomas\Documents\adachat\server\concrete_server_gui_logic.adb:51:56" }
edge: { sourcename: "concrete_server_gui_logic__initservergui" targetname: "__gnat_rcheck_CE_Tag_Check" label: "C:\Users\Thomas\Documents\adachat\server\concrete_server_gui_logic.adb:50:31" }
edge: { sourcename: "concrete_server_gui_logic__initservergui" targetname: "__gnat_rcheck_CE_Index_Check" label: "C:\Users\Thomas\Documents\adachat\server\concrete_server_gui_logic.adb:50:31" }
edge: { sourcename: "concrete_server_gui_logic__initservergui" targetname: "__gnat_rcheck_CE_Overflow_Check" label: "C:\Users\Thomas\Documents\adachat\server\concrete_server_gui_logic.adb:50:31" }
edge: { sourcename: "concrete_server_gui_logic__initservergui" targetname: "__gnat_rcheck_CE_Access_Check" label: "C:\Users\Thomas\Documents\adachat\server\concrete_server_gui_logic.adb:50:31" }
edge: { sourcename: "concrete_server_gui_logic__initservergui" targetname: "__gnat_rcheck_CE_Access_Check" label: "C:\Users\Thomas\Documents\adachat\server\concrete_server_gui_logic.adb:50:31" }
edge: { sourcename: "concrete_server_gui_logic__initservergui" targetname: "__gnat_rcheck_CE_Access_Check" label: "C:\Users\Thomas\Documents\adachat\server\concrete_server_gui_logic.adb:50:31" }
edge: { sourcename: "concrete_server_gui_logic__initservergui" targetname: "__gnat_rcheck_CE_Access_Check" label: "C:\Users\Thomas\Documents\adachat\server\concrete_server_gui_logic.adb:50:31" }
edge: { sourcename: "concrete_server_gui_logic__initservergui" targetname: "__gnat_rcheck_CE_Access_Check" label: "C:\Users\Thomas\Documents\adachat\server\concrete_server_gui_logic.adb:50:31" }
edge: { sourcename: "concrete_server_gui_logic__initservergui" targetname: "__indirect_call" label: "C:\Users\Thomas\Documents\adachat\server\concrete_server_gui_logic.adb:50:54" }
edge: { sourcename: "concrete_server_gui_logic__initservergui" targetname: "__gnat_rcheck_CE_Access_Check" label: "C:\Users\Thomas\Documents\adachat\server\concrete_server_gui_logic.adb:50:54" }
edge: { sourcename: "concrete_server_gui_logic__initservergui" targetname: "__gnat_rcheck_PE_Access_Before_Elaboration" label: "C:\Users\Thomas\Documents\adachat\server\concrete_server_gui_logic.adb:50:54" }
edge: { sourcename: "concrete_server_gui_logic__initservergui" targetname: "__indirect_call" label: "C:\Users\Thomas\Documents\adachat\server\concrete_server_gui_logic.adb:49:17" }
edge: { sourcename: "concrete_server_gui_logic__initservergui" targetname: "__gnat_rcheck_CE_Access_Check" label: "C:\Users\Thomas\Documents\adachat\server\concrete_server_gui_logic.adb:49:17" }
edge: { sourcename: "concrete_server_gui_logic__initservergui" targetname: "__gnat_rcheck_PE_Access_Before_Elaboration" label: "C:\Users\Thomas\Documents\adachat\server\concrete_server_gui_logic.adb:49:17" }
edge: { sourcename: "concrete_server_gui_logic__initservergui" targetname: "__gnat_rcheck_CE_Tag_Check" label: "C:\Users\Thomas\Documents\adachat\server\concrete_server_gui_logic.adb:48:21" }
edge: { sourcename: "concrete_server_gui_logic__initservergui" targetname: "__gnat_rcheck_CE_Index_Check" label: "C:\Users\Thomas\Documents\adachat\server\concrete_server_gui_logic.adb:48:21" }
edge: { sourcename: "concrete_server_gui_logic__initservergui" targetname: "__gnat_rcheck_CE_Overflow_Check" label: "C:\Users\Thomas\Documents\adachat\server\concrete_server_gui_logic.adb:48:21" }
edge: { sourcename: "concrete_server_gui_logic__initservergui" targetname: "__gnat_rcheck_CE_Access_Check" label: "C:\Users\Thomas\Documents\adachat\server\concrete_server_gui_logic.adb:48:21" }
edge: { sourcename: "concrete_server_gui_logic__initservergui" targetname: "__gnat_rcheck_CE_Access_Check" label: "C:\Users\Thomas\Documents\adachat\server\concrete_server_gui_logic.adb:48:21" }
edge: { sourcename: "concrete_server_gui_logic__initservergui" targetname: "__gnat_rcheck_CE_Access_Check" label: "C:\Users\Thomas\Documents\adachat\server\concrete_server_gui_logic.adb:48:21" }
edge: { sourcename: "concrete_server_gui_logic__initservergui" targetname: "__gnat_rcheck_CE_Access_Check" label: "C:\Users\Thomas\Documents\adachat\server\concrete_server_gui_logic.adb:48:21" }
edge: { sourcename: "concrete_server_gui_logic__initservergui" targetname: "__gnat_rcheck_CE_Access_Check" label: "C:\Users\Thomas\Documents\adachat\server\concrete_server_gui_logic.adb:48:21" }
edge: { sourcename: "concrete_server_gui_logic__initservergui" targetname: "__indirect_call" label: "C:\Users\Thomas\Documents\adachat\server\concrete_server_gui_logic.adb:48:41" }
edge: { sourcename: "concrete_server_gui_logic__initservergui" targetname: "__gnat_rcheck_CE_Access_Check" label: "C:\Users\Thomas\Documents\adachat\server\concrete_server_gui_logic.adb:48:41" }
edge: { sourcename: "concrete_server_gui_logic__initservergui" targetname: "__gnat_rcheck_PE_Access_Before_Elaboration" label: "C:\Users\Thomas\Documents\adachat\server\concrete_server_gui_logic.adb:48:41" }
edge: { sourcename: "concrete_server_gui_logic__initservergui" targetname: "ada__text_io__put_line__2" label: "C:\Users\Thomas\Documents\adachat\server\concrete_server_gui_logic.adb:47:7" }
node: { title: "concrete_server_gui_logic__updateofflineuseroverview__2" label: "Updateofflineuseroverview\nC:\Users\Thomas\Documents\adachat\server\concrete_server_gui_logic.adb:44:4\n8 bytes (static)\n0 dynamic objects" }
node: { title: "concrete_server_gui_logic__updateonlineuseroverview__2" label: "Updateonlineuseroverview\nC:\Users\Thomas\Documents\adachat\server\concrete_server_gui_logic.adb:43:4\n8 bytes (static)\n0 dynamic objects" }
node: { title: "concrete_server_gui_logic__updatenumberofcontacts__2" label: "Updatenumberofcontacts\nC:\Users\Thomas\Documents\adachat\server\concrete_server_gui_logic.adb:42:4\n8 bytes (static)\n0 dynamic objects" }
node: { title: "concrete_server_gui_logic__printchatmessage__2" label: "Printchatmessage\nC:\Users\Thomas\Documents\adachat\server\concrete_server_gui_logic.adb:41:4\n8 bytes (static)\n0 dynamic objects" }
node: { title: "concrete_server_gui_logic__printinfomessage__2" label: "Printinfomessage\nC:\Users\Thomas\Documents\adachat\server\concrete_server_gui_logic.adb:40:4\n8 bytes (static)\n0 dynamic objects" }
node: { title: "concrete_server_gui_logic__printerrormessage__2" label: "Printerrormessage\nC:\Users\Thomas\Documents\adachat\server\concrete_server_gui_logic.adb:39:4\n8 bytes (static)\n0 dynamic objects" }
node: { title: "concrete_server_gui_logic__finalize_spec" label: "Finalize_Spec\nC:\Users\Thomas\Documents\adachat\server\concrete_server_gui_logic.ads:6:1\n32 bytes (static)\n0 dynamic objects" }
edge: { sourcename: "concrete_server_gui_logic__finalize_spec" targetname: "ada__tags__unregister_tag" label: "C:\Users\Thomas\Documents\adachat\server\concrete_server_gui_logic.ads:6:1" }
node: { title: "concrete_server_gui_logic__Tserver_guiCFD" label: "Tserver_Guicfd\nC:\Users\Thomas\Documents\adachat\server\concrete_server_gui_logic.ads:9:9\n48 bytes (static)\n0 dynamic objects" }
edge: { sourcename: "concrete_server_gui_logic__Tserver_guiCFD" targetname: "__indirect_call" label: "C:\Users\Thomas\Documents\adachat\server\concrete_server_gui_logic.ads:9:9" }
node: { title: "concrete_server_gui_logic__server_guiDF__2" label: "Server_Guidf\nC:\Users\Thomas\Documents\adachat\server\concrete_server_gui_logic.ads:9:9\n32 bytes (static)\n0 dynamic objects" }
node: { title: "concrete_server_gui_logic__server_guiDA__2" label: "Server_Guida\nC:\Users\Thomas\Documents\adachat\server\concrete_server_gui_logic.ads:9:9\n32 bytes (static)\n0 dynamic objects" }
node: { title: "concrete_server_gui_logic___assign__2" label: "Concrete_Server_Gui_Logic\nC:\Users\Thomas\Documents\adachat\server\concrete_server_gui_logic.ads:9:9\n448 bytes (static)\n0 dynamic objects" }
node: { title: "concrete_server_gui_logic__Oeq__2" label: "=\nC:\Users\Thomas\Documents\adachat\server\concrete_server_gui_logic.ads:9:4\n8 bytes (static)\n0 dynamic objects" }
node: { title: "concrete_server_gui_logic__server_guiSO__2" label: "Server_Guiso\nC:\Users\Thomas\Documents\adachat\server\concrete_server_gui_logic.ads:9:9\n32 bytes (static)\n0 dynamic objects" }
edge: { sourcename: "concrete_server_gui_logic__server_guiSO__2" targetname: "concrete_server_gui_logic__server_guiSW__2" label: "C:\Users\Thomas\Documents\adachat\server\concrete_server_gui_logic.ads:9:9" }
node: { title: "concrete_server_gui_logic__server_guiSI__2" label: "Server_Guisi\nC:\Users\Thomas\Documents\adachat\server\concrete_server_gui_logic.ads:9:9\n48 bytes (static)\n0 dynamic objects" }
edge: { sourcename: "concrete_server_gui_logic__server_guiSI__2" targetname: "system__secondary_stack__ss_allocate" label: "C:\Users\Thomas\Documents\adachat\server\concrete_server_gui_logic.ads:9:9" }
edge: { sourcename: "concrete_server_gui_logic__server_guiSI__2" targetname: "concrete_server_gui_logic__server_guiSR__2" label: "C:\Users\Thomas\Documents\adachat\server\concrete_server_gui_logic.ads:9:9" }
edge: { sourcename: "concrete_server_gui_logic__server_guiSI__2" targetname: "concrete_server_gui_logic__server_guiIP" label: "C:\Users\Thomas\Documents\adachat\server\concrete_server_gui_logic.ads:9:9" }
node: { title: "concrete_server_gui_logic__server_guiSW__2" label: "Server_Guisw\nC:\Users\Thomas\Documents\adachat\server\concrete_server_gui_logic.ads:9:9\n8 bytes (static)\n0 dynamic objects" }
node: { title: "concrete_server_gui_logic__server_guiSR__2" label: "Server_Guisr\nC:\Users\Thomas\Documents\adachat\server\concrete_server_gui_logic.ads:9:9\n8 bytes (static)\n0 dynamic objects" }
node: { title: "concrete_server_gui_logic___size__2" label: "Concrete_Server_Gui_Logic\nC:\Users\Thomas\Documents\adachat\server\concrete_server_gui_logic.ads:9:9\n8 bytes (static)\n0 dynamic objects" }
node: { title: "concrete_server_gui_logic__server_guiIP" label: "Server_Guiip\nC:\Users\Thomas\Documents\adachat\server\concrete_server_gui_logic.ads:9:9\n64 bytes (static)\n0 dynamic objects" }
edge: { sourcename: "concrete_server_gui_logic__server_guiIP" targetname: "ada__tags__register_interface_offset" label: "C:\Users\Thomas\Documents\adachat\server\concrete_server_gui_logic.ads:9:9" }
}
