graph: { title: "C:\Users\Daniel Kreck\Documents\adachat\common\testing\data_types_test.adb"
node: { title: "_Unwind_Resume" label: "builtin_unwind_resume\n<built-in>" shape : ellipse }
node: { title: "system__secondary_stack__ss_release" label: "Ss_Release\nD:/gnat/2015/lib/gcc/i686-pc-mingw32/4.9.3/adainclude/s-secsta.ads:83:14" shape : ellipse }
node: { title: "system__storage_pools__subpools__deallocate_any_controlled" label: "Deallocate_Any_Controlled\nD:/gnat/2015/lib/gcc/i686-pc-mingw32/4.9.3/adainclude/s-stposu.ads:305:14" shape : ellipse }
node: { title: "data_types__user_contactlistFD" label: "User_Contactlistfd\nC:\Users\Daniel Kreck\Documents\adachat\common\data_types.ads:51:9" shape : ellipse }
node: { title: "data_types__userFD" label: "Userfd\nC:\Users\Daniel Kreck\Documents\adachat\common\data_types.ads:42:9" shape : ellipse }
node: { title: "system__storage_pools__subpools__allocate_any_controlled" label: "Allocate_Any_Controlled\nD:/gnat/2015/lib/gcc/i686-pc-mingw32/4.9.3/adainclude/s-stposu.ads:263:14" shape : ellipse }
node: { title: "__gnat_end_handler" label: "gnat_end_handler\n<built-in>" shape : ellipse }
node: { title: "__gnat_begin_handler" label: "gnat_begin_handler\n<built-in>" shape : ellipse }
node: { title: "data_types__userDF" label: "Userdf\nC:\Users\Daniel Kreck\Documents\adachat\common\data_types.ads:42:9" shape : ellipse }
node: { title: "system__standard_library__abort_undefer_direct" label: "Abort_Undefer_Direct\nD:/gnat/2015/lib/gcc/i686-pc-mingw32/4.9.3/adainclude/s-stalib.ads:241:14" shape : ellipse }
node: { title: "data_types__user_contactlistDF" label: "User_Contactlistdf\nC:\Users\Daniel Kreck\Documents\adachat\common\data_types.ads:51:9" shape : ellipse }
node: { title: "__gnat_rcheck_CE_Access_Check" label: "gnat_rcheck_CE_Access_Check\n<built-in>" shape : ellipse }
node: { title: "data_types__removeuser" label: "Removeuser\nC:\Users\Daniel Kreck\Documents\adachat\common\data_types.ads:28:13" shape : ellipse }
node: { title: "data_types__getuser" label: "Getuser\nC:\Users\Daniel Kreck\Documents\adachat\common\data_types.ads:26:13" shape : ellipse }
node: { title: "data_types__adduser" label: "Adduser\nC:\Users\Daniel Kreck\Documents\adachat\common\data_types.ads:27:13" shape : ellipse }
node: { title: "data_types__getuserrights" label: "Getuserrights\nC:\Users\Daniel Kreck\Documents\adachat\common\data_types.ads:19:13" shape : ellipse }
node: { title: "data_types__getpassword" label: "Getpassword\nC:\Users\Daniel Kreck\Documents\adachat\common\data_types.ads:17:13" shape : ellipse }
node: { title: "ada__strings__unbounded__Oeq" label: "=\nD:/gnat/2015/lib/gcc/i686-pc-mingw32/4.9.3/adainclude/a-strunb.ads:166:13" shape : ellipse }
node: { title: "data_types__getusername" label: "Getusername\nC:\Users\Daniel Kreck\Documents\adachat\common\data_types.ads:15:13" shape : ellipse }
node: { title: "data_types__setuserrights" label: "Setuserrights\nC:\Users\Daniel Kreck\Documents\adachat\common\data_types.ads:20:13" shape : ellipse }
node: { title: "data_types__setpassword" label: "Setpassword\nC:\Users\Daniel Kreck\Documents\adachat\common\data_types.ads:18:13" shape : ellipse }
node: { title: "__gnat_rcheck_PE_Finalize_Raised_Exception" label: "gnat_rcheck_PE_Finalize_Raised_Exception\n<built-in>" shape : ellipse }
node: { title: "ada__strings__unbounded__finalize__2" label: "Finalize\nD:/gnat/2015/lib/gcc/i686-pc-mingw32/4.9.3/adainclude/a-strunb.ads:483:25" shape : ellipse }
node: { title: "ada__exceptions__triggered_by_abort" label: "Triggered_By_Abort\nD:/gnat/2015/lib/gcc/i686-pc-mingw32/4.9.3/adainclude/a-except.ads:257:13" shape : ellipse }
node: { title: "data_types__setusername" label: "Setusername\nC:\Users\Daniel Kreck\Documents\adachat\common\data_types.ads:16:14" shape : ellipse }
node: { title: "ada__strings__unbounded__to_unbounded_string" label: "To_Unbounded_String\nD:/gnat/2015/lib/gcc/i686-pc-mingw32/4.9.3/adainclude/a-strunb.ads:94:13" shape : ellipse }
node: { title: "data_types__getcankickgroupmembersflag" label: "Getcankickgroupmembersflag\nC:\Users\Daniel Kreck\Documents\adachat\common\data_types.ads:10:13" shape : ellipse }
node: { title: "__gnat_rcheck_CE_Invalid_Data" label: "gnat_rcheck_CE_Invalid_Data\n<built-in>" shape : ellipse }
node: { title: "data_types__getisadminflag" label: "Getisadminflag\nC:\Users\Daniel Kreck\Documents\adachat\common\data_types.ads:8:13" shape : ellipse }
node: { title: "ada__assertions__assert__2" label: "Assert\nD:/gnat/2015/lib/gcc/i686-pc-mingw32/4.9.3/adainclude/a-assert.ads:63:14" shape : ellipse }
node: { title: "data_types__setcankickgroupmembersflag" label: "Setcankickgroupmembersflag\nC:\Users\Daniel Kreck\Documents\adachat\common\data_types.ads:11:14" shape : ellipse }
node: { title: "data_types__setisadminflag" label: "Setisadminflag\nC:\Users\Daniel Kreck\Documents\adachat\common\data_types.ads:9:14" shape : ellipse }
node: { title: "__gnat_rcheck_PE_Access_Before_Elaboration" label: "gnat_rcheck_PE_Access_Before_Elaboration\n<built-in>" shape : ellipse }
node: { title: "data_types__user_contactlistDI" label: "User_Contactlistdi\nC:\Users\Daniel Kreck\Documents\adachat\common\data_types.ads:51:9" shape : ellipse }
node: { title: "data_types__user_contactlistIP" label: "User_Contactlistip\nC:\Users\Daniel Kreck\Documents\adachat\common\data_types.ads:51:9" shape : ellipse }
node: { title: "data_types__userDI" label: "Userdi\nC:\Users\Daniel Kreck\Documents\adachat\common\data_types.ads:42:9" shape : ellipse }
node: { title: "data_types__userIP" label: "Userip\nC:\Users\Daniel Kreck\Documents\adachat\common\data_types.ads:42:9" shape : ellipse }
node: { title: "system__secondary_stack__ss_mark" label: "Ss_Mark\nD:/gnat/2015/lib/gcc/i686-pc-mingw32/4.9.3/adainclude/s-secsta.ads:80:13" shape : ellipse }
node: { title: "C:\Users\Daniel Kreck\Documents\adachat\common\testing\data_types_test.adb:data_types_test__test__P205b.3570" label: "P205b\nC:\Users\Daniel Kreck\Documents\adachat\common\testing\data_types_test.adb:63:7\n64 bytes (static)\n0 dynamic objects" }
edge: { sourcename: "C:\Users\Daniel Kreck\Documents\adachat\common\testing\data_types_test.adb:data_types_test__test__P205b.3570" targetname: "system__storage_pools__subpools__deallocate_any_controlled" label: "C:\Users\Daniel Kreck\Documents\adachat\common\testing\data_types_test.adb:63:7" }
node: { title: "C:\Users\Daniel Kreck\Documents\adachat\common\testing\data_types_test.adb:data_types_test__test__P195b.3560" label: "P195b\nC:\Users\Daniel Kreck\Documents\adachat\common\testing\data_types_test.adb:62:7\n64 bytes (static)\n0 dynamic objects" }
edge: { sourcename: "C:\Users\Daniel Kreck\Documents\adachat\common\testing\data_types_test.adb:data_types_test__test__P195b.3560" targetname: "system__storage_pools__subpools__deallocate_any_controlled" label: "C:\Users\Daniel Kreck\Documents\adachat\common\testing\data_types_test.adb:62:7" }
node: { title: "C:\Users\Daniel Kreck\Documents\adachat\common\testing\data_types_test.adb:data_types_test__test__P185b.3539" label: "P185b\nC:\Users\Daniel Kreck\Documents\adachat\common\testing\data_types_test.adb:61:7\n64 bytes (static)\n0 dynamic objects" }
edge: { sourcename: "C:\Users\Daniel Kreck\Documents\adachat\common\testing\data_types_test.adb:data_types_test__test__P185b.3539" targetname: "system__storage_pools__subpools__deallocate_any_controlled" label: "C:\Users\Daniel Kreck\Documents\adachat\common\testing\data_types_test.adb:61:7" }
node: { title: "C:\Users\Daniel Kreck\Documents\adachat\common\testing\data_types_test.adb:data_types_test__test__B134b___finalizer.3429" label: "B134b\nC:\Users\Daniel Kreck\Documents\adachat\common\testing\data_types_test.adb:40:7\n80 bytes (static)\n0 dynamic objects" }
edge: { sourcename: "C:\Users\Daniel Kreck\Documents\adachat\common\testing\data_types_test.adb:data_types_test__test__B134b___finalizer.3429" targetname: "__gnat_end_handler" label: "C:\Users\Daniel Kreck\Documents\adachat\common\testing\data_types_test.adb:40:0" }
edge: { sourcename: "C:\Users\Daniel Kreck\Documents\adachat\common\testing\data_types_test.adb:data_types_test__test__B134b___finalizer.3429" targetname: "__gnat_begin_handler" label: "C:\Users\Daniel Kreck\Documents\adachat\common\testing\data_types_test.adb:40:7" }
edge: { sourcename: "C:\Users\Daniel Kreck\Documents\adachat\common\testing\data_types_test.adb:data_types_test__test__B134b___finalizer.3429" targetname: "_Unwind_Resume" }
edge: { sourcename: "C:\Users\Daniel Kreck\Documents\adachat\common\testing\data_types_test.adb:data_types_test__test__B134b___finalizer.3429" targetname: "_Unwind_Resume" }
edge: { sourcename: "C:\Users\Daniel Kreck\Documents\adachat\common\testing\data_types_test.adb:data_types_test__test__B134b___finalizer.3429" targetname: "__gnat_end_handler" label: "C:\Users\Daniel Kreck\Documents\adachat\common\testing\data_types_test.adb:40:0" }
edge: { sourcename: "C:\Users\Daniel Kreck\Documents\adachat\common\testing\data_types_test.adb:data_types_test__test__B134b___finalizer.3429" targetname: "__gnat_begin_handler" label: "C:\Users\Daniel Kreck\Documents\adachat\common\testing\data_types_test.adb:40:7" }
edge: { sourcename: "C:\Users\Daniel Kreck\Documents\adachat\common\testing\data_types_test.adb:data_types_test__test__B134b___finalizer.3429" targetname: "_Unwind_Resume" }
edge: { sourcename: "C:\Users\Daniel Kreck\Documents\adachat\common\testing\data_types_test.adb:data_types_test__test__B134b___finalizer.3429" targetname: "_Unwind_Resume" }
edge: { sourcename: "C:\Users\Daniel Kreck\Documents\adachat\common\testing\data_types_test.adb:data_types_test__test__B134b___finalizer.3429" targetname: "__gnat_rcheck_PE_Finalize_Raised_Exception" label: "C:\Users\Daniel Kreck\Documents\adachat\common\testing\data_types_test.adb:40:7" }
edge: { sourcename: "C:\Users\Daniel Kreck\Documents\adachat\common\testing\data_types_test.adb:data_types_test__test__B134b___finalizer.3429" targetname: "__indirect_call" label: "C:\Users\Daniel Kreck\Documents\adachat\common\testing\data_types_test.adb:40:7" }
node: { title: "__indirect_call" label: "Indirect Call Placeholder" shape : ellipse }
edge: { sourcename: "C:\Users\Daniel Kreck\Documents\adachat\common\testing\data_types_test.adb:data_types_test__test__B134b___finalizer.3429" targetname: "ada__strings__unbounded__finalize__2" label: "C:\Users\Daniel Kreck\Documents\adachat\common\testing\data_types_test.adb:40:14" }
edge: { sourcename: "C:\Users\Daniel Kreck\Documents\adachat\common\testing\data_types_test.adb:data_types_test__test__B134b___finalizer.3429" targetname: "__gnat_rcheck_CE_Access_Check" label: "C:\Users\Daniel Kreck\Documents\adachat\common\testing\data_types_test.adb:40:14" }
edge: { sourcename: "C:\Users\Daniel Kreck\Documents\adachat\common\testing\data_types_test.adb:data_types_test__test__B134b___finalizer.3429" targetname: "ada__strings__unbounded__finalize__2" label: "C:\Users\Daniel Kreck\Documents\adachat\common\testing\data_types_test.adb:40:50" }
edge: { sourcename: "C:\Users\Daniel Kreck\Documents\adachat\common\testing\data_types_test.adb:data_types_test__test__B134b___finalizer.3429" targetname: "__gnat_rcheck_CE_Access_Check" label: "C:\Users\Daniel Kreck\Documents\adachat\common\testing\data_types_test.adb:40:50" }
edge: { sourcename: "C:\Users\Daniel Kreck\Documents\adachat\common\testing\data_types_test.adb:data_types_test__test__B134b___finalizer.3429" targetname: "__indirect_call" label: "C:\Users\Daniel Kreck\Documents\adachat\common\testing\data_types_test.adb:40:7" }
edge: { sourcename: "C:\Users\Daniel Kreck\Documents\adachat\common\testing\data_types_test.adb:data_types_test__test__B134b___finalizer.3429" targetname: "ada__exceptions__triggered_by_abort" label: "C:\Users\Daniel Kreck\Documents\adachat\common\testing\data_types_test.adb:40:7" }
node: { title: "C:\Users\Daniel Kreck\Documents\adachat\common\testing\data_types_test.adb:data_types_test__test__B109b___finalizer.3386" label: "B109b\nC:\Users\Daniel Kreck\Documents\adachat\common\testing\data_types_test.adb:39:7\n80 bytes (static)\n0 dynamic objects" }
edge: { sourcename: "C:\Users\Daniel Kreck\Documents\adachat\common\testing\data_types_test.adb:data_types_test__test__B109b___finalizer.3386" targetname: "__gnat_end_handler" label: "C:\Users\Daniel Kreck\Documents\adachat\common\testing\data_types_test.adb:39:0" }
edge: { sourcename: "C:\Users\Daniel Kreck\Documents\adachat\common\testing\data_types_test.adb:data_types_test__test__B109b___finalizer.3386" targetname: "__gnat_begin_handler" label: "C:\Users\Daniel Kreck\Documents\adachat\common\testing\data_types_test.adb:39:7" }
edge: { sourcename: "C:\Users\Daniel Kreck\Documents\adachat\common\testing\data_types_test.adb:data_types_test__test__B109b___finalizer.3386" targetname: "_Unwind_Resume" }
edge: { sourcename: "C:\Users\Daniel Kreck\Documents\adachat\common\testing\data_types_test.adb:data_types_test__test__B109b___finalizer.3386" targetname: "_Unwind_Resume" }
edge: { sourcename: "C:\Users\Daniel Kreck\Documents\adachat\common\testing\data_types_test.adb:data_types_test__test__B109b___finalizer.3386" targetname: "__gnat_end_handler" label: "C:\Users\Daniel Kreck\Documents\adachat\common\testing\data_types_test.adb:39:0" }
edge: { sourcename: "C:\Users\Daniel Kreck\Documents\adachat\common\testing\data_types_test.adb:data_types_test__test__B109b___finalizer.3386" targetname: "__gnat_begin_handler" label: "C:\Users\Daniel Kreck\Documents\adachat\common\testing\data_types_test.adb:39:7" }
edge: { sourcename: "C:\Users\Daniel Kreck\Documents\adachat\common\testing\data_types_test.adb:data_types_test__test__B109b___finalizer.3386" targetname: "_Unwind_Resume" }
edge: { sourcename: "C:\Users\Daniel Kreck\Documents\adachat\common\testing\data_types_test.adb:data_types_test__test__B109b___finalizer.3386" targetname: "_Unwind_Resume" }
edge: { sourcename: "C:\Users\Daniel Kreck\Documents\adachat\common\testing\data_types_test.adb:data_types_test__test__B109b___finalizer.3386" targetname: "__gnat_rcheck_PE_Finalize_Raised_Exception" label: "C:\Users\Daniel Kreck\Documents\adachat\common\testing\data_types_test.adb:39:7" }
edge: { sourcename: "C:\Users\Daniel Kreck\Documents\adachat\common\testing\data_types_test.adb:data_types_test__test__B109b___finalizer.3386" targetname: "__indirect_call" label: "C:\Users\Daniel Kreck\Documents\adachat\common\testing\data_types_test.adb:39:7" }
edge: { sourcename: "C:\Users\Daniel Kreck\Documents\adachat\common\testing\data_types_test.adb:data_types_test__test__B109b___finalizer.3386" targetname: "ada__strings__unbounded__finalize__2" label: "C:\Users\Daniel Kreck\Documents\adachat\common\testing\data_types_test.adb:39:14" }
edge: { sourcename: "C:\Users\Daniel Kreck\Documents\adachat\common\testing\data_types_test.adb:data_types_test__test__B109b___finalizer.3386" targetname: "__gnat_rcheck_CE_Access_Check" label: "C:\Users\Daniel Kreck\Documents\adachat\common\testing\data_types_test.adb:39:14" }
edge: { sourcename: "C:\Users\Daniel Kreck\Documents\adachat\common\testing\data_types_test.adb:data_types_test__test__B109b___finalizer.3386" targetname: "ada__strings__unbounded__finalize__2" label: "C:\Users\Daniel Kreck\Documents\adachat\common\testing\data_types_test.adb:39:39" }
edge: { sourcename: "C:\Users\Daniel Kreck\Documents\adachat\common\testing\data_types_test.adb:data_types_test__test__B109b___finalizer.3386" targetname: "__gnat_rcheck_CE_Access_Check" label: "C:\Users\Daniel Kreck\Documents\adachat\common\testing\data_types_test.adb:39:39" }
edge: { sourcename: "C:\Users\Daniel Kreck\Documents\adachat\common\testing\data_types_test.adb:data_types_test__test__B109b___finalizer.3386" targetname: "__indirect_call" label: "C:\Users\Daniel Kreck\Documents\adachat\common\testing\data_types_test.adb:39:7" }
edge: { sourcename: "C:\Users\Daniel Kreck\Documents\adachat\common\testing\data_types_test.adb:data_types_test__test__B109b___finalizer.3386" targetname: "ada__exceptions__triggered_by_abort" label: "C:\Users\Daniel Kreck\Documents\adachat\common\testing\data_types_test.adb:39:7" }
node: { title: "C:\Users\Daniel Kreck\Documents\adachat\common\testing\data_types_test.adb:data_types_test__test__B88b___finalizer.3356" label: "B88b\nC:\Users\Daniel Kreck\Documents\adachat\common\testing\data_types_test.adb:35:7\n80 bytes (static)\n0 dynamic objects" }
edge: { sourcename: "C:\Users\Daniel Kreck\Documents\adachat\common\testing\data_types_test.adb:data_types_test__test__B88b___finalizer.3356" targetname: "__gnat_end_handler" label: "C:\Users\Daniel Kreck\Documents\adachat\common\testing\data_types_test.adb:35:0" }
edge: { sourcename: "C:\Users\Daniel Kreck\Documents\adachat\common\testing\data_types_test.adb:data_types_test__test__B88b___finalizer.3356" targetname: "__gnat_begin_handler" label: "C:\Users\Daniel Kreck\Documents\adachat\common\testing\data_types_test.adb:35:7" }
edge: { sourcename: "C:\Users\Daniel Kreck\Documents\adachat\common\testing\data_types_test.adb:data_types_test__test__B88b___finalizer.3356" targetname: "_Unwind_Resume" }
edge: { sourcename: "C:\Users\Daniel Kreck\Documents\adachat\common\testing\data_types_test.adb:data_types_test__test__B88b___finalizer.3356" targetname: "_Unwind_Resume" }
edge: { sourcename: "C:\Users\Daniel Kreck\Documents\adachat\common\testing\data_types_test.adb:data_types_test__test__B88b___finalizer.3356" targetname: "__gnat_rcheck_PE_Finalize_Raised_Exception" label: "C:\Users\Daniel Kreck\Documents\adachat\common\testing\data_types_test.adb:35:7" }
edge: { sourcename: "C:\Users\Daniel Kreck\Documents\adachat\common\testing\data_types_test.adb:data_types_test__test__B88b___finalizer.3356" targetname: "__indirect_call" label: "C:\Users\Daniel Kreck\Documents\adachat\common\testing\data_types_test.adb:35:7" }
edge: { sourcename: "C:\Users\Daniel Kreck\Documents\adachat\common\testing\data_types_test.adb:data_types_test__test__B88b___finalizer.3356" targetname: "ada__strings__unbounded__finalize__2" label: "C:\Users\Daniel Kreck\Documents\adachat\common\testing\data_types_test.adb:35:57" }
edge: { sourcename: "C:\Users\Daniel Kreck\Documents\adachat\common\testing\data_types_test.adb:data_types_test__test__B88b___finalizer.3356" targetname: "__gnat_rcheck_CE_Access_Check" label: "C:\Users\Daniel Kreck\Documents\adachat\common\testing\data_types_test.adb:35:57" }
edge: { sourcename: "C:\Users\Daniel Kreck\Documents\adachat\common\testing\data_types_test.adb:data_types_test__test__B88b___finalizer.3356" targetname: "__indirect_call" label: "C:\Users\Daniel Kreck\Documents\adachat\common\testing\data_types_test.adb:35:7" }
edge: { sourcename: "C:\Users\Daniel Kreck\Documents\adachat\common\testing\data_types_test.adb:data_types_test__test__B88b___finalizer.3356" targetname: "ada__exceptions__triggered_by_abort" label: "C:\Users\Daniel Kreck\Documents\adachat\common\testing\data_types_test.adb:35:7" }
node: { title: "C:\Users\Daniel Kreck\Documents\adachat\common\testing\data_types_test.adb:data_types_test__test__B72b___finalizer.3336" label: "B72b\nC:\Users\Daniel Kreck\Documents\adachat\common\testing\data_types_test.adb:34:7\n80 bytes (static)\n0 dynamic objects" }
edge: { sourcename: "C:\Users\Daniel Kreck\Documents\adachat\common\testing\data_types_test.adb:data_types_test__test__B72b___finalizer.3336" targetname: "__gnat_end_handler" label: "C:\Users\Daniel Kreck\Documents\adachat\common\testing\data_types_test.adb:34:0" }
edge: { sourcename: "C:\Users\Daniel Kreck\Documents\adachat\common\testing\data_types_test.adb:data_types_test__test__B72b___finalizer.3336" targetname: "__gnat_begin_handler" label: "C:\Users\Daniel Kreck\Documents\adachat\common\testing\data_types_test.adb:34:7" }
edge: { sourcename: "C:\Users\Daniel Kreck\Documents\adachat\common\testing\data_types_test.adb:data_types_test__test__B72b___finalizer.3336" targetname: "_Unwind_Resume" }
edge: { sourcename: "C:\Users\Daniel Kreck\Documents\adachat\common\testing\data_types_test.adb:data_types_test__test__B72b___finalizer.3336" targetname: "_Unwind_Resume" }
edge: { sourcename: "C:\Users\Daniel Kreck\Documents\adachat\common\testing\data_types_test.adb:data_types_test__test__B72b___finalizer.3336" targetname: "__gnat_rcheck_PE_Finalize_Raised_Exception" label: "C:\Users\Daniel Kreck\Documents\adachat\common\testing\data_types_test.adb:34:7" }
edge: { sourcename: "C:\Users\Daniel Kreck\Documents\adachat\common\testing\data_types_test.adb:data_types_test__test__B72b___finalizer.3336" targetname: "__indirect_call" label: "C:\Users\Daniel Kreck\Documents\adachat\common\testing\data_types_test.adb:34:7" }
edge: { sourcename: "C:\Users\Daniel Kreck\Documents\adachat\common\testing\data_types_test.adb:data_types_test__test__B72b___finalizer.3336" targetname: "ada__strings__unbounded__finalize__2" label: "C:\Users\Daniel Kreck\Documents\adachat\common\testing\data_types_test.adb:34:46" }
edge: { sourcename: "C:\Users\Daniel Kreck\Documents\adachat\common\testing\data_types_test.adb:data_types_test__test__B72b___finalizer.3336" targetname: "__gnat_rcheck_CE_Access_Check" label: "C:\Users\Daniel Kreck\Documents\adachat\common\testing\data_types_test.adb:34:46" }
edge: { sourcename: "C:\Users\Daniel Kreck\Documents\adachat\common\testing\data_types_test.adb:data_types_test__test__B72b___finalizer.3336" targetname: "__indirect_call" label: "C:\Users\Daniel Kreck\Documents\adachat\common\testing\data_types_test.adb:34:7" }
edge: { sourcename: "C:\Users\Daniel Kreck\Documents\adachat\common\testing\data_types_test.adb:data_types_test__test__B72b___finalizer.3336" targetname: "ada__exceptions__triggered_by_abort" label: "C:\Users\Daniel Kreck\Documents\adachat\common\testing\data_types_test.adb:34:7" }
node: { title: "C:\Users\Daniel Kreck\Documents\adachat\common\testing\data_types_test.adb:data_types_test__test__B52b___finalizer.3292" label: "B52b\nC:\Users\Daniel Kreck\Documents\adachat\common\testing\data_types_test.adb:31:7\n80 bytes (static)\n0 dynamic objects" }
edge: { sourcename: "C:\Users\Daniel Kreck\Documents\adachat\common\testing\data_types_test.adb:data_types_test__test__B52b___finalizer.3292" targetname: "__gnat_end_handler" label: "C:\Users\Daniel Kreck\Documents\adachat\common\testing\data_types_test.adb:31:0" }
edge: { sourcename: "C:\Users\Daniel Kreck\Documents\adachat\common\testing\data_types_test.adb:data_types_test__test__B52b___finalizer.3292" targetname: "__gnat_begin_handler" label: "C:\Users\Daniel Kreck\Documents\adachat\common\testing\data_types_test.adb:31:7" }
edge: { sourcename: "C:\Users\Daniel Kreck\Documents\adachat\common\testing\data_types_test.adb:data_types_test__test__B52b___finalizer.3292" targetname: "_Unwind_Resume" }
edge: { sourcename: "C:\Users\Daniel Kreck\Documents\adachat\common\testing\data_types_test.adb:data_types_test__test__B52b___finalizer.3292" targetname: "_Unwind_Resume" }
edge: { sourcename: "C:\Users\Daniel Kreck\Documents\adachat\common\testing\data_types_test.adb:data_types_test__test__B52b___finalizer.3292" targetname: "__gnat_rcheck_PE_Finalize_Raised_Exception" label: "C:\Users\Daniel Kreck\Documents\adachat\common\testing\data_types_test.adb:31:7" }
edge: { sourcename: "C:\Users\Daniel Kreck\Documents\adachat\common\testing\data_types_test.adb:data_types_test__test__B52b___finalizer.3292" targetname: "__indirect_call" label: "C:\Users\Daniel Kreck\Documents\adachat\common\testing\data_types_test.adb:31:7" }
edge: { sourcename: "C:\Users\Daniel Kreck\Documents\adachat\common\testing\data_types_test.adb:data_types_test__test__B52b___finalizer.3292" targetname: "ada__strings__unbounded__finalize__2" label: "C:\Users\Daniel Kreck\Documents\adachat\common\testing\data_types_test.adb:31:57" }
edge: { sourcename: "C:\Users\Daniel Kreck\Documents\adachat\common\testing\data_types_test.adb:data_types_test__test__B52b___finalizer.3292" targetname: "__gnat_rcheck_CE_Access_Check" label: "C:\Users\Daniel Kreck\Documents\adachat\common\testing\data_types_test.adb:31:57" }
edge: { sourcename: "C:\Users\Daniel Kreck\Documents\adachat\common\testing\data_types_test.adb:data_types_test__test__B52b___finalizer.3292" targetname: "__indirect_call" label: "C:\Users\Daniel Kreck\Documents\adachat\common\testing\data_types_test.adb:31:7" }
edge: { sourcename: "C:\Users\Daniel Kreck\Documents\adachat\common\testing\data_types_test.adb:data_types_test__test__B52b___finalizer.3292" targetname: "ada__exceptions__triggered_by_abort" label: "C:\Users\Daniel Kreck\Documents\adachat\common\testing\data_types_test.adb:31:7" }
node: { title: "C:\Users\Daniel Kreck\Documents\adachat\common\testing\data_types_test.adb:data_types_test__test__B36b___finalizer.3255" label: "B36b\nC:\Users\Daniel Kreck\Documents\adachat\common\testing\data_types_test.adb:30:7\n80 bytes (static)\n0 dynamic objects" }
edge: { sourcename: "C:\Users\Daniel Kreck\Documents\adachat\common\testing\data_types_test.adb:data_types_test__test__B36b___finalizer.3255" targetname: "__gnat_end_handler" label: "C:\Users\Daniel Kreck\Documents\adachat\common\testing\data_types_test.adb:30:0" }
edge: { sourcename: "C:\Users\Daniel Kreck\Documents\adachat\common\testing\data_types_test.adb:data_types_test__test__B36b___finalizer.3255" targetname: "__gnat_begin_handler" label: "C:\Users\Daniel Kreck\Documents\adachat\common\testing\data_types_test.adb:30:7" }
edge: { sourcename: "C:\Users\Daniel Kreck\Documents\adachat\common\testing\data_types_test.adb:data_types_test__test__B36b___finalizer.3255" targetname: "_Unwind_Resume" }
edge: { sourcename: "C:\Users\Daniel Kreck\Documents\adachat\common\testing\data_types_test.adb:data_types_test__test__B36b___finalizer.3255" targetname: "_Unwind_Resume" }
edge: { sourcename: "C:\Users\Daniel Kreck\Documents\adachat\common\testing\data_types_test.adb:data_types_test__test__B36b___finalizer.3255" targetname: "__gnat_rcheck_PE_Finalize_Raised_Exception" label: "C:\Users\Daniel Kreck\Documents\adachat\common\testing\data_types_test.adb:30:7" }
edge: { sourcename: "C:\Users\Daniel Kreck\Documents\adachat\common\testing\data_types_test.adb:data_types_test__test__B36b___finalizer.3255" targetname: "__indirect_call" label: "C:\Users\Daniel Kreck\Documents\adachat\common\testing\data_types_test.adb:30:7" }
edge: { sourcename: "C:\Users\Daniel Kreck\Documents\adachat\common\testing\data_types_test.adb:data_types_test__test__B36b___finalizer.3255" targetname: "ada__strings__unbounded__finalize__2" label: "C:\Users\Daniel Kreck\Documents\adachat\common\testing\data_types_test.adb:30:46" }
edge: { sourcename: "C:\Users\Daniel Kreck\Documents\adachat\common\testing\data_types_test.adb:data_types_test__test__B36b___finalizer.3255" targetname: "__gnat_rcheck_CE_Access_Check" label: "C:\Users\Daniel Kreck\Documents\adachat\common\testing\data_types_test.adb:30:46" }
edge: { sourcename: "C:\Users\Daniel Kreck\Documents\adachat\common\testing\data_types_test.adb:data_types_test__test__B36b___finalizer.3255" targetname: "__indirect_call" label: "C:\Users\Daniel Kreck\Documents\adachat\common\testing\data_types_test.adb:30:7" }
edge: { sourcename: "C:\Users\Daniel Kreck\Documents\adachat\common\testing\data_types_test.adb:data_types_test__test__B36b___finalizer.3255" targetname: "ada__exceptions__triggered_by_abort" label: "C:\Users\Daniel Kreck\Documents\adachat\common\testing\data_types_test.adb:30:7" }
node: { title: "C:\Users\Daniel Kreck\Documents\adachat\common\testing\data_types_test.adb:data_types_test__test__P25b.3139" label: "P25b\nC:\Users\Daniel Kreck\Documents\adachat\common\testing\data_types_test.adb:15:46\n64 bytes (static)\n0 dynamic objects" }
edge: { sourcename: "C:\Users\Daniel Kreck\Documents\adachat\common\testing\data_types_test.adb:data_types_test__test__P25b.3139" targetname: "system__storage_pools__subpools__allocate_any_controlled" label: "C:\Users\Daniel Kreck\Documents\adachat\common\testing\data_types_test.adb:15:46" }
node: { title: "C:\Users\Daniel Kreck\Documents\adachat\common\testing\data_types_test.adb:data_types_test__test__P15b.3130" label: "P15b\nC:\Users\Daniel Kreck\Documents\adachat\common\testing\data_types_test.adb:14:42\n64 bytes (static)\n0 dynamic objects" }
edge: { sourcename: "C:\Users\Daniel Kreck\Documents\adachat\common\testing\data_types_test.adb:data_types_test__test__P15b.3130" targetname: "system__storage_pools__subpools__allocate_any_controlled" label: "C:\Users\Daniel Kreck\Documents\adachat\common\testing\data_types_test.adb:14:42" }
node: { title: "C:\Users\Daniel Kreck\Documents\adachat\common\testing\data_types_test.adb:data_types_test__test__P5b.3111" label: "P5b\nC:\Users\Daniel Kreck\Documents\adachat\common\testing\data_types_test.adb:14:42\n64 bytes (static)\n0 dynamic objects" }
edge: { sourcename: "C:\Users\Daniel Kreck\Documents\adachat\common\testing\data_types_test.adb:data_types_test__test__P5b.3111" targetname: "system__storage_pools__subpools__allocate_any_controlled" label: "C:\Users\Daniel Kreck\Documents\adachat\common\testing\data_types_test.adb:14:42" }
node: { title: "data_types_test__test" label: "Test\nC:\Users\Daniel Kreck\Documents\adachat\common\testing\data_types_test.adb:3:4\n512 bytes (static)\n0 dynamic objects" }
edge: { sourcename: "data_types_test__test" targetname: "_Unwind_Resume" }
edge: { sourcename: "data_types_test__test" targetname: "__gnat_end_handler" label: "C:\Users\Daniel Kreck\Documents\adachat\common\testing\data_types_test.adb:63:0" }
edge: { sourcename: "data_types_test__test" targetname: "__gnat_begin_handler" label: "C:\Users\Daniel Kreck\Documents\adachat\common\testing\data_types_test.adb:63:7" }
edge: { sourcename: "data_types_test__test" targetname: "__gnat_end_handler" label: "C:\Users\Daniel Kreck\Documents\adachat\common\testing\data_types_test.adb:62:0" }
edge: { sourcename: "data_types_test__test" targetname: "__gnat_begin_handler" label: "C:\Users\Daniel Kreck\Documents\adachat\common\testing\data_types_test.adb:62:7" }
edge: { sourcename: "data_types_test__test" targetname: "__gnat_end_handler" label: "C:\Users\Daniel Kreck\Documents\adachat\common\testing\data_types_test.adb:61:0" }
edge: { sourcename: "data_types_test__test" targetname: "__gnat_begin_handler" label: "C:\Users\Daniel Kreck\Documents\adachat\common\testing\data_types_test.adb:61:7" }
edge: { sourcename: "data_types_test__test" targetname: "__gnat_end_handler" label: "C:\Users\Daniel Kreck\Documents\adachat\common\testing\data_types_test.adb:40:0" }
edge: { sourcename: "data_types_test__test" targetname: "__gnat_begin_handler" label: "C:\Users\Daniel Kreck\Documents\adachat\common\testing\data_types_test.adb:40:14" }
edge: { sourcename: "data_types_test__test" targetname: "__gnat_end_handler" label: "C:\Users\Daniel Kreck\Documents\adachat\common\testing\data_types_test.adb:40:0" }
edge: { sourcename: "data_types_test__test" targetname: "__gnat_begin_handler" label: "C:\Users\Daniel Kreck\Documents\adachat\common\testing\data_types_test.adb:40:14" }
edge: { sourcename: "data_types_test__test" targetname: "__gnat_end_handler" label: "C:\Users\Daniel Kreck\Documents\adachat\common\testing\data_types_test.adb:39:0" }
edge: { sourcename: "data_types_test__test" targetname: "__gnat_begin_handler" label: "C:\Users\Daniel Kreck\Documents\adachat\common\testing\data_types_test.adb:39:14" }
edge: { sourcename: "data_types_test__test" targetname: "__gnat_end_handler" label: "C:\Users\Daniel Kreck\Documents\adachat\common\testing\data_types_test.adb:39:0" }
edge: { sourcename: "data_types_test__test" targetname: "__gnat_begin_handler" label: "C:\Users\Daniel Kreck\Documents\adachat\common\testing\data_types_test.adb:39:14" }
edge: { sourcename: "data_types_test__test" targetname: "__gnat_end_handler" label: "C:\Users\Daniel Kreck\Documents\adachat\common\testing\data_types_test.adb:35:0" }
edge: { sourcename: "data_types_test__test" targetname: "__gnat_begin_handler" label: "C:\Users\Daniel Kreck\Documents\adachat\common\testing\data_types_test.adb:35:57" }
edge: { sourcename: "data_types_test__test" targetname: "__gnat_end_handler" label: "C:\Users\Daniel Kreck\Documents\adachat\common\testing\data_types_test.adb:34:0" }
edge: { sourcename: "data_types_test__test" targetname: "__gnat_begin_handler" label: "C:\Users\Daniel Kreck\Documents\adachat\common\testing\data_types_test.adb:34:46" }
edge: { sourcename: "data_types_test__test" targetname: "__gnat_end_handler" label: "C:\Users\Daniel Kreck\Documents\adachat\common\testing\data_types_test.adb:31:0" }
edge: { sourcename: "data_types_test__test" targetname: "__gnat_begin_handler" label: "C:\Users\Daniel Kreck\Documents\adachat\common\testing\data_types_test.adb:31:57" }
edge: { sourcename: "data_types_test__test" targetname: "__gnat_end_handler" label: "C:\Users\Daniel Kreck\Documents\adachat\common\testing\data_types_test.adb:30:0" }
edge: { sourcename: "data_types_test__test" targetname: "__gnat_begin_handler" label: "C:\Users\Daniel Kreck\Documents\adachat\common\testing\data_types_test.adb:30:46" }
edge: { sourcename: "data_types_test__test" targetname: "C:\Users\Daniel Kreck\Documents\adachat\common\testing\data_types_test.adb:data_types_test__test___finalizer.2988" label: "C:\Users\Daniel Kreck\Documents\adachat\common\testing\data_types_test.adb:69:0" }
edge: { sourcename: "data_types_test__test" targetname: "ada__assertions__assert__2" label: "C:\Users\Daniel Kreck\Documents\adachat\common\testing\data_types_test.adb:67:7" }
edge: { sourcename: "data_types_test__test" targetname: "ada__assertions__assert__2" label: "C:\Users\Daniel Kreck\Documents\adachat\common\testing\data_types_test.adb:66:7" }
edge: { sourcename: "data_types_test__test" targetname: "ada__assertions__assert__2" label: "C:\Users\Daniel Kreck\Documents\adachat\common\testing\data_types_test.adb:65:7" }
edge: { sourcename: "data_types_test__test" targetname: "__gnat_rcheck_PE_Finalize_Raised_Exception" label: "C:\Users\Daniel Kreck\Documents\adachat\common\testing\data_types_test.adb:63:7" }
edge: { sourcename: "data_types_test__test" targetname: "C:\Users\Daniel Kreck\Documents\adachat\common\testing\data_types_test.adb:data_types_test__test__P205b.3570" label: "C:\Users\Daniel Kreck\Documents\adachat\common\testing\data_types_test.adb:63:7" }
edge: { sourcename: "data_types_test__test" targetname: "system__standard_library__abort_undefer_direct" label: "C:\Users\Daniel Kreck\Documents\adachat\common\testing\data_types_test.adb:63:0" }
edge: { sourcename: "data_types_test__test" targetname: "data_types__userDF" label: "C:\Users\Daniel Kreck\Documents\adachat\common\testing\data_types_test.adb:63:7" }
edge: { sourcename: "data_types_test__test" targetname: "__gnat_rcheck_CE_Access_Check" label: "C:\Users\Daniel Kreck\Documents\adachat\common\testing\data_types_test.adb:63:7" }
edge: { sourcename: "data_types_test__test" targetname: "__indirect_call" label: "C:\Users\Daniel Kreck\Documents\adachat\common\testing\data_types_test.adb:63:7" }
edge: { sourcename: "data_types_test__test" targetname: "ada__exceptions__triggered_by_abort" label: "C:\Users\Daniel Kreck\Documents\adachat\common\testing\data_types_test.adb:63:7" }
edge: { sourcename: "data_types_test__test" targetname: "__gnat_rcheck_PE_Finalize_Raised_Exception" label: "C:\Users\Daniel Kreck\Documents\adachat\common\testing\data_types_test.adb:62:7" }
edge: { sourcename: "data_types_test__test" targetname: "C:\Users\Daniel Kreck\Documents\adachat\common\testing\data_types_test.adb:data_types_test__test__P195b.3560" label: "C:\Users\Daniel Kreck\Documents\adachat\common\testing\data_types_test.adb:62:7" }
edge: { sourcename: "data_types_test__test" targetname: "system__standard_library__abort_undefer_direct" label: "C:\Users\Daniel Kreck\Documents\adachat\common\testing\data_types_test.adb:62:0" }
edge: { sourcename: "data_types_test__test" targetname: "data_types__userDF" label: "C:\Users\Daniel Kreck\Documents\adachat\common\testing\data_types_test.adb:62:7" }
edge: { sourcename: "data_types_test__test" targetname: "__gnat_rcheck_CE_Access_Check" label: "C:\Users\Daniel Kreck\Documents\adachat\common\testing\data_types_test.adb:62:7" }
edge: { sourcename: "data_types_test__test" targetname: "__indirect_call" label: "C:\Users\Daniel Kreck\Documents\adachat\common\testing\data_types_test.adb:62:7" }
edge: { sourcename: "data_types_test__test" targetname: "ada__exceptions__triggered_by_abort" label: "C:\Users\Daniel Kreck\Documents\adachat\common\testing\data_types_test.adb:62:7" }
edge: { sourcename: "data_types_test__test" targetname: "__gnat_rcheck_PE_Finalize_Raised_Exception" label: "C:\Users\Daniel Kreck\Documents\adachat\common\testing\data_types_test.adb:61:7" }
edge: { sourcename: "data_types_test__test" targetname: "C:\Users\Daniel Kreck\Documents\adachat\common\testing\data_types_test.adb:data_types_test__test__P185b.3539" label: "C:\Users\Daniel Kreck\Documents\adachat\common\testing\data_types_test.adb:61:7" }
edge: { sourcename: "data_types_test__test" targetname: "system__standard_library__abort_undefer_direct" label: "C:\Users\Daniel Kreck\Documents\adachat\common\testing\data_types_test.adb:61:0" }
edge: { sourcename: "data_types_test__test" targetname: "data_types__user_contactlistDF" label: "C:\Users\Daniel Kreck\Documents\adachat\common\testing\data_types_test.adb:61:7" }
edge: { sourcename: "data_types_test__test" targetname: "__gnat_rcheck_CE_Access_Check" label: "C:\Users\Daniel Kreck\Documents\adachat\common\testing\data_types_test.adb:61:7" }
edge: { sourcename: "data_types_test__test" targetname: "__indirect_call" label: "C:\Users\Daniel Kreck\Documents\adachat\common\testing\data_types_test.adb:61:7" }
edge: { sourcename: "data_types_test__test" targetname: "ada__exceptions__triggered_by_abort" label: "C:\Users\Daniel Kreck\Documents\adachat\common\testing\data_types_test.adb:61:7" }
edge: { sourcename: "data_types_test__test" targetname: "ada__assertions__assert__2" label: "C:\Users\Daniel Kreck\Documents\adachat\common\testing\data_types_test.adb:59:7" }
edge: { sourcename: "data_types_test__test" targetname: "ada__assertions__assert__2" label: "C:\Users\Daniel Kreck\Documents\adachat\common\testing\data_types_test.adb:58:7" }
edge: { sourcename: "data_types_test__test" targetname: "ada__assertions__assert__2" label: "C:\Users\Daniel Kreck\Documents\adachat\common\testing\data_types_test.adb:57:7" }
edge: { sourcename: "data_types_test__test" targetname: "ada__assertions__assert__2" label: "C:\Users\Daniel Kreck\Documents\adachat\common\testing\data_types_test.adb:53:7" }
edge: { sourcename: "data_types_test__test" targetname: "data_types__getuser" label: "C:\Users\Daniel Kreck\Documents\adachat\common\testing\data_types_test.adb:53:14" }
edge: { sourcename: "data_types_test__test" targetname: "__gnat_rcheck_PE_Access_Before_Elaboration" label: "C:\Users\Daniel Kreck\Documents\adachat\common\testing\data_types_test.adb:53:14" }
edge: { sourcename: "data_types_test__test" targetname: "ada__assertions__assert__2" label: "C:\Users\Daniel Kreck\Documents\adachat\common\testing\data_types_test.adb:52:7" }
edge: { sourcename: "data_types_test__test" targetname: "__gnat_rcheck_CE_Invalid_Data" label: "C:\Users\Daniel Kreck\Documents\adachat\common\testing\data_types_test.adb:52:14" }
edge: { sourcename: "data_types_test__test" targetname: "data_types__adduser" label: "C:\Users\Daniel Kreck\Documents\adachat\common\testing\data_types_test.adb:52:14" }
edge: { sourcename: "data_types_test__test" targetname: "__gnat_rcheck_PE_Access_Before_Elaboration" label: "C:\Users\Daniel Kreck\Documents\adachat\common\testing\data_types_test.adb:52:14" }
edge: { sourcename: "data_types_test__test" targetname: "ada__assertions__assert__2" label: "C:\Users\Daniel Kreck\Documents\adachat\common\testing\data_types_test.adb:51:7" }
edge: { sourcename: "data_types_test__test" targetname: "data_types__getuser" label: "C:\Users\Daniel Kreck\Documents\adachat\common\testing\data_types_test.adb:51:14" }
edge: { sourcename: "data_types_test__test" targetname: "__gnat_rcheck_PE_Access_Before_Elaboration" label: "C:\Users\Daniel Kreck\Documents\adachat\common\testing\data_types_test.adb:51:14" }
edge: { sourcename: "data_types_test__test" targetname: "ada__assertions__assert__2" label: "C:\Users\Daniel Kreck\Documents\adachat\common\testing\data_types_test.adb:50:7" }
edge: { sourcename: "data_types_test__test" targetname: "__gnat_rcheck_CE_Invalid_Data" label: "C:\Users\Daniel Kreck\Documents\adachat\common\testing\data_types_test.adb:50:14" }
edge: { sourcename: "data_types_test__test" targetname: "data_types__removeuser" label: "C:\Users\Daniel Kreck\Documents\adachat\common\testing\data_types_test.adb:50:14" }
edge: { sourcename: "data_types_test__test" targetname: "__gnat_rcheck_PE_Access_Before_Elaboration" label: "C:\Users\Daniel Kreck\Documents\adachat\common\testing\data_types_test.adb:50:14" }
edge: { sourcename: "data_types_test__test" targetname: "ada__assertions__assert__2" label: "C:\Users\Daniel Kreck\Documents\adachat\common\testing\data_types_test.adb:49:7" }
edge: { sourcename: "data_types_test__test" targetname: "__gnat_rcheck_CE_Invalid_Data" label: "C:\Users\Daniel Kreck\Documents\adachat\common\testing\data_types_test.adb:49:18" }
edge: { sourcename: "data_types_test__test" targetname: "data_types__adduser" label: "C:\Users\Daniel Kreck\Documents\adachat\common\testing\data_types_test.adb:49:18" }
edge: { sourcename: "data_types_test__test" targetname: "__gnat_rcheck_PE_Access_Before_Elaboration" label: "C:\Users\Daniel Kreck\Documents\adachat\common\testing\data_types_test.adb:49:18" }
edge: { sourcename: "data_types_test__test" targetname: "ada__assertions__assert__2" label: "C:\Users\Daniel Kreck\Documents\adachat\common\testing\data_types_test.adb:47:7" }
edge: { sourcename: "data_types_test__test" targetname: "data_types__getuser" label: "C:\Users\Daniel Kreck\Documents\adachat\common\testing\data_types_test.adb:47:14" }
edge: { sourcename: "data_types_test__test" targetname: "__gnat_rcheck_PE_Access_Before_Elaboration" label: "C:\Users\Daniel Kreck\Documents\adachat\common\testing\data_types_test.adb:47:14" }
edge: { sourcename: "data_types_test__test" targetname: "ada__assertions__assert__2" label: "C:\Users\Daniel Kreck\Documents\adachat\common\testing\data_types_test.adb:46:7" }
edge: { sourcename: "data_types_test__test" targetname: "__gnat_rcheck_CE_Invalid_Data" label: "C:\Users\Daniel Kreck\Documents\adachat\common\testing\data_types_test.adb:46:14" }
edge: { sourcename: "data_types_test__test" targetname: "data_types__adduser" label: "C:\Users\Daniel Kreck\Documents\adachat\common\testing\data_types_test.adb:46:14" }
edge: { sourcename: "data_types_test__test" targetname: "__gnat_rcheck_PE_Access_Before_Elaboration" label: "C:\Users\Daniel Kreck\Documents\adachat\common\testing\data_types_test.adb:46:14" }
edge: { sourcename: "data_types_test__test" targetname: "ada__assertions__assert__2" label: "C:\Users\Daniel Kreck\Documents\adachat\common\testing\data_types_test.adb:45:7" }
edge: { sourcename: "data_types_test__test" targetname: "__gnat_rcheck_CE_Invalid_Data" label: "C:\Users\Daniel Kreck\Documents\adachat\common\testing\data_types_test.adb:45:14" }
edge: { sourcename: "data_types_test__test" targetname: "data_types__adduser" label: "C:\Users\Daniel Kreck\Documents\adachat\common\testing\data_types_test.adb:45:14" }
edge: { sourcename: "data_types_test__test" targetname: "__gnat_rcheck_PE_Access_Before_Elaboration" label: "C:\Users\Daniel Kreck\Documents\adachat\common\testing\data_types_test.adb:45:14" }
edge: { sourcename: "data_types_test__test" targetname: "ada__assertions__assert__2" label: "C:\Users\Daniel Kreck\Documents\adachat\common\testing\data_types_test.adb:41:7" }
edge: { sourcename: "data_types_test__test" targetname: "data_types__getuserrights" label: "C:\Users\Daniel Kreck\Documents\adachat\common\testing\data_types_test.adb:41:14" }
edge: { sourcename: "data_types_test__test" targetname: "__gnat_rcheck_PE_Access_Before_Elaboration" label: "C:\Users\Daniel Kreck\Documents\adachat\common\testing\data_types_test.adb:41:14" }
edge: { sourcename: "data_types_test__test" targetname: "C:\Users\Daniel Kreck\Documents\adachat\common\testing\data_types_test.adb:data_types_test__test__B134b___finalizer.3429" label: "C:\Users\Daniel Kreck\Documents\adachat\common\testing\data_types_test.adb:40:0" }
edge: { sourcename: "data_types_test__test" targetname: "__gnat_rcheck_PE_Finalize_Raised_Exception" label: "C:\Users\Daniel Kreck\Documents\adachat\common\testing\data_types_test.adb:40:14" }
edge: { sourcename: "data_types_test__test" targetname: "ada__strings__unbounded__finalize__2" label: "C:\Users\Daniel Kreck\Documents\adachat\common\testing\data_types_test.adb:40:14" }
edge: { sourcename: "data_types_test__test" targetname: "ada__strings__unbounded__finalize__2" label: "C:\Users\Daniel Kreck\Documents\adachat\common\testing\data_types_test.adb:40:50" }
edge: { sourcename: "data_types_test__test" targetname: "ada__exceptions__triggered_by_abort" label: "C:\Users\Daniel Kreck\Documents\adachat\common\testing\data_types_test.adb:40:14" }
edge: { sourcename: "data_types_test__test" targetname: "ada__assertions__assert__2" label: "C:\Users\Daniel Kreck\Documents\adachat\common\testing\data_types_test.adb:40:7" }
edge: { sourcename: "data_types_test__test" targetname: "__gnat_rcheck_CE_Invalid_Data" label: "C:\Users\Daniel Kreck\Documents\adachat\common\testing\data_types_test.adb:40:48" }
edge: { sourcename: "data_types_test__test" targetname: "ada__strings__unbounded__Oeq" label: "C:\Users\Daniel Kreck\Documents\adachat\common\testing\data_types_test.adb:40:48" }
edge: { sourcename: "data_types_test__test" targetname: "ada__strings__unbounded__to_unbounded_string" label: "C:\Users\Daniel Kreck\Documents\adachat\common\testing\data_types_test.adb:40:50" }
edge: { sourcename: "data_types_test__test" targetname: "data_types__getpassword" label: "C:\Users\Daniel Kreck\Documents\adachat\common\testing\data_types_test.adb:40:14" }
edge: { sourcename: "data_types_test__test" targetname: "__gnat_rcheck_PE_Access_Before_Elaboration" label: "C:\Users\Daniel Kreck\Documents\adachat\common\testing\data_types_test.adb:40:14" }
edge: { sourcename: "data_types_test__test" targetname: "C:\Users\Daniel Kreck\Documents\adachat\common\testing\data_types_test.adb:data_types_test__test__B109b___finalizer.3386" label: "C:\Users\Daniel Kreck\Documents\adachat\common\testing\data_types_test.adb:39:0" }
edge: { sourcename: "data_types_test__test" targetname: "__gnat_rcheck_PE_Finalize_Raised_Exception" label: "C:\Users\Daniel Kreck\Documents\adachat\common\testing\data_types_test.adb:39:14" }
edge: { sourcename: "data_types_test__test" targetname: "ada__strings__unbounded__finalize__2" label: "C:\Users\Daniel Kreck\Documents\adachat\common\testing\data_types_test.adb:39:14" }
edge: { sourcename: "data_types_test__test" targetname: "ada__strings__unbounded__finalize__2" label: "C:\Users\Daniel Kreck\Documents\adachat\common\testing\data_types_test.adb:39:39" }
edge: { sourcename: "data_types_test__test" targetname: "ada__exceptions__triggered_by_abort" label: "C:\Users\Daniel Kreck\Documents\adachat\common\testing\data_types_test.adb:39:14" }
edge: { sourcename: "data_types_test__test" targetname: "ada__assertions__assert__2" label: "C:\Users\Daniel Kreck\Documents\adachat\common\testing\data_types_test.adb:39:7" }
edge: { sourcename: "data_types_test__test" targetname: "__gnat_rcheck_CE_Invalid_Data" label: "C:\Users\Daniel Kreck\Documents\adachat\common\testing\data_types_test.adb:39:37" }
edge: { sourcename: "data_types_test__test" targetname: "ada__strings__unbounded__Oeq" label: "C:\Users\Daniel Kreck\Documents\adachat\common\testing\data_types_test.adb:39:37" }
edge: { sourcename: "data_types_test__test" targetname: "ada__strings__unbounded__to_unbounded_string" label: "C:\Users\Daniel Kreck\Documents\adachat\common\testing\data_types_test.adb:39:39" }
edge: { sourcename: "data_types_test__test" targetname: "data_types__getusername" label: "C:\Users\Daniel Kreck\Documents\adachat\common\testing\data_types_test.adb:39:14" }
edge: { sourcename: "data_types_test__test" targetname: "__gnat_rcheck_PE_Access_Before_Elaboration" label: "C:\Users\Daniel Kreck\Documents\adachat\common\testing\data_types_test.adb:39:14" }
edge: { sourcename: "data_types_test__test" targetname: "ada__assertions__assert__2" label: "C:\Users\Daniel Kreck\Documents\adachat\common\testing\data_types_test.adb:38:7" }
edge: { sourcename: "data_types_test__test" targetname: "ada__assertions__assert__2" label: "C:\Users\Daniel Kreck\Documents\adachat\common\testing\data_types_test.adb:36:7" }
edge: { sourcename: "data_types_test__test" targetname: "__gnat_rcheck_CE_Invalid_Data" label: "C:\Users\Daniel Kreck\Documents\adachat\common\testing\data_types_test.adb:36:14" }
edge: { sourcename: "data_types_test__test" targetname: "data_types__setuserrights" label: "C:\Users\Daniel Kreck\Documents\adachat\common\testing\data_types_test.adb:36:14" }
edge: { sourcename: "data_types_test__test" targetname: "__gnat_rcheck_PE_Access_Before_Elaboration" label: "C:\Users\Daniel Kreck\Documents\adachat\common\testing\data_types_test.adb:36:14" }
edge: { sourcename: "data_types_test__test" targetname: "C:\Users\Daniel Kreck\Documents\adachat\common\testing\data_types_test.adb:data_types_test__test__B88b___finalizer.3356" label: "C:\Users\Daniel Kreck\Documents\adachat\common\testing\data_types_test.adb:35:0" }
edge: { sourcename: "data_types_test__test" targetname: "__gnat_rcheck_PE_Finalize_Raised_Exception" label: "C:\Users\Daniel Kreck\Documents\adachat\common\testing\data_types_test.adb:35:57" }
edge: { sourcename: "data_types_test__test" targetname: "ada__strings__unbounded__finalize__2" label: "C:\Users\Daniel Kreck\Documents\adachat\common\testing\data_types_test.adb:35:57" }
edge: { sourcename: "data_types_test__test" targetname: "ada__exceptions__triggered_by_abort" label: "C:\Users\Daniel Kreck\Documents\adachat\common\testing\data_types_test.adb:35:57" }
edge: { sourcename: "data_types_test__test" targetname: "ada__assertions__assert__2" label: "C:\Users\Daniel Kreck\Documents\adachat\common\testing\data_types_test.adb:35:7" }
edge: { sourcename: "data_types_test__test" targetname: "__gnat_rcheck_CE_Invalid_Data" label: "C:\Users\Daniel Kreck\Documents\adachat\common\testing\data_types_test.adb:35:14" }
edge: { sourcename: "data_types_test__test" targetname: "data_types__setpassword" label: "C:\Users\Daniel Kreck\Documents\adachat\common\testing\data_types_test.adb:35:14" }
edge: { sourcename: "data_types_test__test" targetname: "__gnat_rcheck_PE_Access_Before_Elaboration" label: "C:\Users\Daniel Kreck\Documents\adachat\common\testing\data_types_test.adb:35:14" }
edge: { sourcename: "data_types_test__test" targetname: "ada__strings__unbounded__to_unbounded_string" label: "C:\Users\Daniel Kreck\Documents\adachat\common\testing\data_types_test.adb:35:57" }
edge: { sourcename: "data_types_test__test" targetname: "C:\Users\Daniel Kreck\Documents\adachat\common\testing\data_types_test.adb:data_types_test__test__B72b___finalizer.3336" label: "C:\Users\Daniel Kreck\Documents\adachat\common\testing\data_types_test.adb:34:0" }
edge: { sourcename: "data_types_test__test" targetname: "__gnat_rcheck_PE_Finalize_Raised_Exception" label: "C:\Users\Daniel Kreck\Documents\adachat\common\testing\data_types_test.adb:34:46" }
edge: { sourcename: "data_types_test__test" targetname: "ada__strings__unbounded__finalize__2" label: "C:\Users\Daniel Kreck\Documents\adachat\common\testing\data_types_test.adb:34:46" }
edge: { sourcename: "data_types_test__test" targetname: "ada__exceptions__triggered_by_abort" label: "C:\Users\Daniel Kreck\Documents\adachat\common\testing\data_types_test.adb:34:46" }
edge: { sourcename: "data_types_test__test" targetname: "data_types__setusername" label: "C:\Users\Daniel Kreck\Documents\adachat\common\testing\data_types_test.adb:34:7" }
edge: { sourcename: "data_types_test__test" targetname: "__gnat_rcheck_PE_Access_Before_Elaboration" label: "C:\Users\Daniel Kreck\Documents\adachat\common\testing\data_types_test.adb:34:7" }
edge: { sourcename: "data_types_test__test" targetname: "ada__strings__unbounded__to_unbounded_string" label: "C:\Users\Daniel Kreck\Documents\adachat\common\testing\data_types_test.adb:34:46" }
edge: { sourcename: "data_types_test__test" targetname: "ada__assertions__assert__2" label: "C:\Users\Daniel Kreck\Documents\adachat\common\testing\data_types_test.adb:32:7" }
edge: { sourcename: "data_types_test__test" targetname: "__gnat_rcheck_CE_Invalid_Data" label: "C:\Users\Daniel Kreck\Documents\adachat\common\testing\data_types_test.adb:32:14" }
edge: { sourcename: "data_types_test__test" targetname: "data_types__setuserrights" label: "C:\Users\Daniel Kreck\Documents\adachat\common\testing\data_types_test.adb:32:14" }
edge: { sourcename: "data_types_test__test" targetname: "__gnat_rcheck_PE_Access_Before_Elaboration" label: "C:\Users\Daniel Kreck\Documents\adachat\common\testing\data_types_test.adb:32:14" }
edge: { sourcename: "data_types_test__test" targetname: "C:\Users\Daniel Kreck\Documents\adachat\common\testing\data_types_test.adb:data_types_test__test__B52b___finalizer.3292" label: "C:\Users\Daniel Kreck\Documents\adachat\common\testing\data_types_test.adb:31:0" }
edge: { sourcename: "data_types_test__test" targetname: "__gnat_rcheck_PE_Finalize_Raised_Exception" label: "C:\Users\Daniel Kreck\Documents\adachat\common\testing\data_types_test.adb:31:57" }
edge: { sourcename: "data_types_test__test" targetname: "ada__strings__unbounded__finalize__2" label: "C:\Users\Daniel Kreck\Documents\adachat\common\testing\data_types_test.adb:31:57" }
edge: { sourcename: "data_types_test__test" targetname: "ada__exceptions__triggered_by_abort" label: "C:\Users\Daniel Kreck\Documents\adachat\common\testing\data_types_test.adb:31:57" }
edge: { sourcename: "data_types_test__test" targetname: "ada__assertions__assert__2" label: "C:\Users\Daniel Kreck\Documents\adachat\common\testing\data_types_test.adb:31:7" }
edge: { sourcename: "data_types_test__test" targetname: "__gnat_rcheck_CE_Invalid_Data" label: "C:\Users\Daniel Kreck\Documents\adachat\common\testing\data_types_test.adb:31:14" }
edge: { sourcename: "data_types_test__test" targetname: "data_types__setpassword" label: "C:\Users\Daniel Kreck\Documents\adachat\common\testing\data_types_test.adb:31:14" }
edge: { sourcename: "data_types_test__test" targetname: "__gnat_rcheck_PE_Access_Before_Elaboration" label: "C:\Users\Daniel Kreck\Documents\adachat\common\testing\data_types_test.adb:31:14" }
edge: { sourcename: "data_types_test__test" targetname: "ada__strings__unbounded__to_unbounded_string" label: "C:\Users\Daniel Kreck\Documents\adachat\common\testing\data_types_test.adb:31:57" }
edge: { sourcename: "data_types_test__test" targetname: "C:\Users\Daniel Kreck\Documents\adachat\common\testing\data_types_test.adb:data_types_test__test__B36b___finalizer.3255" label: "C:\Users\Daniel Kreck\Documents\adachat\common\testing\data_types_test.adb:30:0" }
edge: { sourcename: "data_types_test__test" targetname: "__gnat_rcheck_PE_Finalize_Raised_Exception" label: "C:\Users\Daniel Kreck\Documents\adachat\common\testing\data_types_test.adb:30:46" }
edge: { sourcename: "data_types_test__test" targetname: "ada__strings__unbounded__finalize__2" label: "C:\Users\Daniel Kreck\Documents\adachat\common\testing\data_types_test.adb:30:46" }
edge: { sourcename: "data_types_test__test" targetname: "ada__exceptions__triggered_by_abort" label: "C:\Users\Daniel Kreck\Documents\adachat\common\testing\data_types_test.adb:30:46" }
edge: { sourcename: "data_types_test__test" targetname: "data_types__setusername" label: "C:\Users\Daniel Kreck\Documents\adachat\common\testing\data_types_test.adb:30:7" }
edge: { sourcename: "data_types_test__test" targetname: "__gnat_rcheck_PE_Access_Before_Elaboration" label: "C:\Users\Daniel Kreck\Documents\adachat\common\testing\data_types_test.adb:30:7" }
edge: { sourcename: "data_types_test__test" targetname: "ada__strings__unbounded__to_unbounded_string" label: "C:\Users\Daniel Kreck\Documents\adachat\common\testing\data_types_test.adb:30:46" }
edge: { sourcename: "data_types_test__test" targetname: "ada__assertions__assert__2" label: "C:\Users\Daniel Kreck\Documents\adachat\common\testing\data_types_test.adb:26:7" }
edge: { sourcename: "data_types_test__test" targetname: "__gnat_rcheck_CE_Invalid_Data" label: "C:\Users\Daniel Kreck\Documents\adachat\common\testing\data_types_test.adb:26:14" }
edge: { sourcename: "data_types_test__test" targetname: "data_types__getcankickgroupmembersflag" label: "C:\Users\Daniel Kreck\Documents\adachat\common\testing\data_types_test.adb:26:14" }
edge: { sourcename: "data_types_test__test" targetname: "__gnat_rcheck_PE_Access_Before_Elaboration" label: "C:\Users\Daniel Kreck\Documents\adachat\common\testing\data_types_test.adb:26:14" }
edge: { sourcename: "data_types_test__test" targetname: "ada__assertions__assert__2" label: "C:\Users\Daniel Kreck\Documents\adachat\common\testing\data_types_test.adb:25:7" }
edge: { sourcename: "data_types_test__test" targetname: "__gnat_rcheck_CE_Invalid_Data" label: "C:\Users\Daniel Kreck\Documents\adachat\common\testing\data_types_test.adb:25:18" }
edge: { sourcename: "data_types_test__test" targetname: "data_types__getisadminflag" label: "C:\Users\Daniel Kreck\Documents\adachat\common\testing\data_types_test.adb:25:18" }
edge: { sourcename: "data_types_test__test" targetname: "__gnat_rcheck_PE_Access_Before_Elaboration" label: "C:\Users\Daniel Kreck\Documents\adachat\common\testing\data_types_test.adb:25:18" }
edge: { sourcename: "data_types_test__test" targetname: "ada__assertions__assert__2" label: "C:\Users\Daniel Kreck\Documents\adachat\common\testing\data_types_test.adb:24:7" }
edge: { sourcename: "data_types_test__test" targetname: "data_types__setcankickgroupmembersflag" label: "C:\Users\Daniel Kreck\Documents\adachat\common\testing\data_types_test.adb:22:7" }
edge: { sourcename: "data_types_test__test" targetname: "__gnat_rcheck_PE_Access_Before_Elaboration" label: "C:\Users\Daniel Kreck\Documents\adachat\common\testing\data_types_test.adb:22:7" }
edge: { sourcename: "data_types_test__test" targetname: "data_types__setisadminflag" label: "C:\Users\Daniel Kreck\Documents\adachat\common\testing\data_types_test.adb:21:7" }
edge: { sourcename: "data_types_test__test" targetname: "__gnat_rcheck_PE_Access_Before_Elaboration" label: "C:\Users\Daniel Kreck\Documents\adachat\common\testing\data_types_test.adb:21:7" }
edge: { sourcename: "data_types_test__test" targetname: "data_types__setcankickgroupmembersflag" label: "C:\Users\Daniel Kreck\Documents\adachat\common\testing\data_types_test.adb:19:7" }
edge: { sourcename: "data_types_test__test" targetname: "__gnat_rcheck_PE_Access_Before_Elaboration" label: "C:\Users\Daniel Kreck\Documents\adachat\common\testing\data_types_test.adb:19:7" }
edge: { sourcename: "data_types_test__test" targetname: "data_types__setisadminflag" label: "C:\Users\Daniel Kreck\Documents\adachat\common\testing\data_types_test.adb:18:7" }
edge: { sourcename: "data_types_test__test" targetname: "__gnat_rcheck_PE_Access_Before_Elaboration" label: "C:\Users\Daniel Kreck\Documents\adachat\common\testing\data_types_test.adb:18:7" }
edge: { sourcename: "data_types_test__test" targetname: "data_types__user_contactlistDI" label: "C:\Users\Daniel Kreck\Documents\adachat\common\testing\data_types_test.adb:15:46" }
edge: { sourcename: "data_types_test__test" targetname: "data_types__user_contactlistIP" label: "C:\Users\Daniel Kreck\Documents\adachat\common\testing\data_types_test.adb:15:46" }
edge: { sourcename: "data_types_test__test" targetname: "C:\Users\Daniel Kreck\Documents\adachat\common\testing\data_types_test.adb:data_types_test__test__P25b.3139" label: "C:\Users\Daniel Kreck\Documents\adachat\common\testing\data_types_test.adb:15:46" }
edge: { sourcename: "data_types_test__test" targetname: "data_types__userDI" label: "C:\Users\Daniel Kreck\Documents\adachat\common\testing\data_types_test.adb:14:42" }
edge: { sourcename: "data_types_test__test" targetname: "data_types__userIP" label: "C:\Users\Daniel Kreck\Documents\adachat\common\testing\data_types_test.adb:14:42" }
edge: { sourcename: "data_types_test__test" targetname: "C:\Users\Daniel Kreck\Documents\adachat\common\testing\data_types_test.adb:data_types_test__test__P15b.3130" label: "C:\Users\Daniel Kreck\Documents\adachat\common\testing\data_types_test.adb:14:42" }
edge: { sourcename: "data_types_test__test" targetname: "data_types__userDI" label: "C:\Users\Daniel Kreck\Documents\adachat\common\testing\data_types_test.adb:14:42" }
edge: { sourcename: "data_types_test__test" targetname: "data_types__userIP" label: "C:\Users\Daniel Kreck\Documents\adachat\common\testing\data_types_test.adb:14:42" }
edge: { sourcename: "data_types_test__test" targetname: "C:\Users\Daniel Kreck\Documents\adachat\common\testing\data_types_test.adb:data_types_test__test__P5b.3111" label: "C:\Users\Daniel Kreck\Documents\adachat\common\testing\data_types_test.adb:14:42" }
edge: { sourcename: "data_types_test__test" targetname: "system__secondary_stack__ss_mark" label: "C:\Users\Daniel Kreck\Documents\adachat\common\testing\data_types_test.adb:3:4" }
node: { title: "C:\Users\Daniel Kreck\Documents\adachat\common\testing\data_types_test.adb:data_types_test__test___finalizer.2988" label: "Test\nC:\Users\Daniel Kreck\Documents\adachat\common\testing\data_types_test.adb:3:4\n48 bytes (static)\n0 dynamic objects" }
edge: { sourcename: "C:\Users\Daniel Kreck\Documents\adachat\common\testing\data_types_test.adb:data_types_test__test___finalizer.2988" targetname: "system__secondary_stack__ss_release" label: "C:\Users\Daniel Kreck\Documents\adachat\common\testing\data_types_test.adb:3:4" }
}
