graph: { title: "C:\Users\Daniel Kreck\Documents\adachat\common\testing\data_types_test.adb"
node: { title: "_Unwind_Resume" label: "builtin_unwind_resume\n<built-in>" shape : ellipse }
node: { title: "system__secondary_stack__ss_release" label: "Ss_Release\nD:/gnat/2015/lib/gcc/i686-pc-mingw32/4.9.3/adainclude/s-secsta.ads:83:14" shape : ellipse }
node: { title: "__gnat_rcheck_CE_Access_Check" label: "gnat_rcheck_CE_Access_Check\n<built-in>" shape : ellipse }
node: { title: "data_types__user_contactlistFD" label: "User_Contactlistfd\nC:\Users\Daniel Kreck\Documents\adachat\common\data_types.ads:51:9" shape : ellipse }
node: { title: "data_types__userFD" label: "Userfd\nC:\Users\Daniel Kreck\Documents\adachat\common\data_types.ads:42:9" shape : ellipse }
node: { title: "system__storage_pools__subpools__allocate_any_controlled" label: "Allocate_Any_Controlled\nD:/gnat/2015/lib/gcc/i686-pc-mingw32/4.9.3/adainclude/s-stposu.ads:263:14" shape : ellipse }
node: { title: "__gnat_end_handler" label: "gnat_end_handler\n<built-in>" shape : ellipse }
node: { title: "__gnat_begin_handler" label: "gnat_begin_handler\n<built-in>" shape : ellipse }
node: { title: "data_types__setcontacts" label: "Setcontacts\nC:\Users\Daniel Kreck\Documents\adachat\common\data_types.ads:35:14" shape : ellipse }
node: { title: "data_types__setuserdata" label: "Setuserdata\nC:\Users\Daniel Kreck\Documents\adachat\common\data_types.ads:33:14" shape : ellipse }
node: { title: "ada__assertions__assert__2" label: "Assert\nD:/gnat/2015/lib/gcc/i686-pc-mingw32/4.9.3/adainclude/a-assert.ads:63:14" shape : ellipse }
node: { title: "data_types__removeuser" label: "Removeuser\nC:\Users\Daniel Kreck\Documents\adachat\common\data_types.ads:28:13" shape : ellipse }
node: { title: "data_types__getuser" label: "Getuser\nC:\Users\Daniel Kreck\Documents\adachat\common\data_types.ads:26:13" shape : ellipse }
node: { title: "data_types__adduser" label: "Adduser\nC:\Users\Daniel Kreck\Documents\adachat\common\data_types.ads:27:13" shape : ellipse }
node: { title: "data_types__setuserrights" label: "Setuserrights\nC:\Users\Daniel Kreck\Documents\adachat\common\data_types.ads:20:13" shape : ellipse }
node: { title: "__gnat_rcheck_CE_Invalid_Data" label: "gnat_rcheck_CE_Invalid_Data\n<built-in>" shape : ellipse }
node: { title: "data_types__setpassword" label: "Setpassword\nC:\Users\Daniel Kreck\Documents\adachat\common\data_types.ads:18:13" shape : ellipse }
node: { title: "__gnat_rcheck_PE_Finalize_Raised_Exception" label: "gnat_rcheck_PE_Finalize_Raised_Exception\n<built-in>" shape : ellipse }
node: { title: "ada__strings__unbounded__finalize__2" label: "Finalize\nD:/gnat/2015/lib/gcc/i686-pc-mingw32/4.9.3/adainclude/a-strunb.ads:483:25" shape : ellipse }
node: { title: "ada__exceptions__triggered_by_abort" label: "Triggered_By_Abort\nD:/gnat/2015/lib/gcc/i686-pc-mingw32/4.9.3/adainclude/a-except.ads:257:13" shape : ellipse }
node: { title: "data_types__setusername" label: "Setusername\nC:\Users\Daniel Kreck\Documents\adachat\common\data_types.ads:16:14" shape : ellipse }
node: { title: "ada__strings__unbounded__to_unbounded_string" label: "To_Unbounded_String\nD:/gnat/2015/lib/gcc/i686-pc-mingw32/4.9.3/adainclude/a-strunb.ads:94:13" shape : ellipse }
node: { title: "data_types__setcankickgroupmembersflag" label: "Setcankickgroupmembersflag\nC:\Users\Daniel Kreck\Documents\adachat\common\data_types.ads:11:14" shape : ellipse }
node: { title: "data_types__setisadminflag" label: "Setisadminflag\nC:\Users\Daniel Kreck\Documents\adachat\common\data_types.ads:9:14" shape : ellipse }
node: { title: "__gnat_rcheck_PE_Access_Before_Elaboration" label: "gnat_rcheck_PE_Access_Before_Elaboration\n<built-in>" shape : ellipse }
node: { title: "data_types__user_data_setIP" label: "User_Data_Setip\nC:\Users\Daniel Kreck\Documents\adachat\common\data_types.ads:56:9" shape : ellipse }
node: { title: "__gnat_malloc" label: "gnat_malloc\n<built-in>" shape : ellipse }
node: { title: "data_types__user_contactlistDI" label: "User_Contactlistdi\nC:\Users\Daniel Kreck\Documents\adachat\common\data_types.ads:51:9" shape : ellipse }
node: { title: "data_types__user_contactlistIP" label: "User_Contactlistip\nC:\Users\Daniel Kreck\Documents\adachat\common\data_types.ads:51:9" shape : ellipse }
node: { title: "data_types__userDI" label: "Userdi\nC:\Users\Daniel Kreck\Documents\adachat\common\data_types.ads:42:9" shape : ellipse }
node: { title: "data_types__userIP" label: "Userip\nC:\Users\Daniel Kreck\Documents\adachat\common\data_types.ads:42:9" shape : ellipse }
node: { title: "system__secondary_stack__ss_mark" label: "Ss_Mark\nD:/gnat/2015/lib/gcc/i686-pc-mingw32/4.9.3/adainclude/s-secsta.ads:80:13" shape : ellipse }
node: { title: "C:\Users\Daniel Kreck\Documents\adachat\common\testing\data_types_test.adb:data_types_test__test__B95b___finalizer.3348" label: "B95b\nC:\Users\Daniel Kreck\Documents\adachat\common\testing\data_types_test.adb:25:9\n80 bytes (static)\n0 dynamic objects" }
edge: { sourcename: "C:\Users\Daniel Kreck\Documents\adachat\common\testing\data_types_test.adb:data_types_test__test__B95b___finalizer.3348" targetname: "__gnat_end_handler" label: "C:\Users\Daniel Kreck\Documents\adachat\common\testing\data_types_test.adb:25:0" }
edge: { sourcename: "C:\Users\Daniel Kreck\Documents\adachat\common\testing\data_types_test.adb:data_types_test__test__B95b___finalizer.3348" targetname: "__gnat_begin_handler" label: "C:\Users\Daniel Kreck\Documents\adachat\common\testing\data_types_test.adb:25:9" }
edge: { sourcename: "C:\Users\Daniel Kreck\Documents\adachat\common\testing\data_types_test.adb:data_types_test__test__B95b___finalizer.3348" targetname: "_Unwind_Resume" }
edge: { sourcename: "C:\Users\Daniel Kreck\Documents\adachat\common\testing\data_types_test.adb:data_types_test__test__B95b___finalizer.3348" targetname: "_Unwind_Resume" }
edge: { sourcename: "C:\Users\Daniel Kreck\Documents\adachat\common\testing\data_types_test.adb:data_types_test__test__B95b___finalizer.3348" targetname: "__gnat_rcheck_PE_Finalize_Raised_Exception" label: "C:\Users\Daniel Kreck\Documents\adachat\common\testing\data_types_test.adb:25:9" }
edge: { sourcename: "C:\Users\Daniel Kreck\Documents\adachat\common\testing\data_types_test.adb:data_types_test__test__B95b___finalizer.3348" targetname: "__indirect_call" label: "C:\Users\Daniel Kreck\Documents\adachat\common\testing\data_types_test.adb:25:9" }
node: { title: "__indirect_call" label: "Indirect Call Placeholder" shape : ellipse }
edge: { sourcename: "C:\Users\Daniel Kreck\Documents\adachat\common\testing\data_types_test.adb:data_types_test__test__B95b___finalizer.3348" targetname: "ada__strings__unbounded__finalize__2" label: "C:\Users\Daniel Kreck\Documents\adachat\common\testing\data_types_test.adb:25:55" }
edge: { sourcename: "C:\Users\Daniel Kreck\Documents\adachat\common\testing\data_types_test.adb:data_types_test__test__B95b___finalizer.3348" targetname: "__gnat_rcheck_CE_Access_Check" label: "C:\Users\Daniel Kreck\Documents\adachat\common\testing\data_types_test.adb:25:55" }
edge: { sourcename: "C:\Users\Daniel Kreck\Documents\adachat\common\testing\data_types_test.adb:data_types_test__test__B95b___finalizer.3348" targetname: "__indirect_call" label: "C:\Users\Daniel Kreck\Documents\adachat\common\testing\data_types_test.adb:25:9" }
edge: { sourcename: "C:\Users\Daniel Kreck\Documents\adachat\common\testing\data_types_test.adb:data_types_test__test__B95b___finalizer.3348" targetname: "ada__exceptions__triggered_by_abort" label: "C:\Users\Daniel Kreck\Documents\adachat\common\testing\data_types_test.adb:25:9" }
node: { title: "C:\Users\Daniel Kreck\Documents\adachat\common\testing\data_types_test.adb:data_types_test__test__B79b___finalizer.3328" label: "B79b\nC:\Users\Daniel Kreck\Documents\adachat\common\testing\data_types_test.adb:24:7\n80 bytes (static)\n0 dynamic objects" }
edge: { sourcename: "C:\Users\Daniel Kreck\Documents\adachat\common\testing\data_types_test.adb:data_types_test__test__B79b___finalizer.3328" targetname: "__gnat_end_handler" label: "C:\Users\Daniel Kreck\Documents\adachat\common\testing\data_types_test.adb:24:0" }
edge: { sourcename: "C:\Users\Daniel Kreck\Documents\adachat\common\testing\data_types_test.adb:data_types_test__test__B79b___finalizer.3328" targetname: "__gnat_begin_handler" label: "C:\Users\Daniel Kreck\Documents\adachat\common\testing\data_types_test.adb:24:7" }
edge: { sourcename: "C:\Users\Daniel Kreck\Documents\adachat\common\testing\data_types_test.adb:data_types_test__test__B79b___finalizer.3328" targetname: "_Unwind_Resume" }
edge: { sourcename: "C:\Users\Daniel Kreck\Documents\adachat\common\testing\data_types_test.adb:data_types_test__test__B79b___finalizer.3328" targetname: "_Unwind_Resume" }
edge: { sourcename: "C:\Users\Daniel Kreck\Documents\adachat\common\testing\data_types_test.adb:data_types_test__test__B79b___finalizer.3328" targetname: "__gnat_rcheck_PE_Finalize_Raised_Exception" label: "C:\Users\Daniel Kreck\Documents\adachat\common\testing\data_types_test.adb:24:7" }
edge: { sourcename: "C:\Users\Daniel Kreck\Documents\adachat\common\testing\data_types_test.adb:data_types_test__test__B79b___finalizer.3328" targetname: "__indirect_call" label: "C:\Users\Daniel Kreck\Documents\adachat\common\testing\data_types_test.adb:24:7" }
edge: { sourcename: "C:\Users\Daniel Kreck\Documents\adachat\common\testing\data_types_test.adb:data_types_test__test__B79b___finalizer.3328" targetname: "ada__strings__unbounded__finalize__2" label: "C:\Users\Daniel Kreck\Documents\adachat\common\testing\data_types_test.adb:24:46" }
edge: { sourcename: "C:\Users\Daniel Kreck\Documents\adachat\common\testing\data_types_test.adb:data_types_test__test__B79b___finalizer.3328" targetname: "__gnat_rcheck_CE_Access_Check" label: "C:\Users\Daniel Kreck\Documents\adachat\common\testing\data_types_test.adb:24:46" }
edge: { sourcename: "C:\Users\Daniel Kreck\Documents\adachat\common\testing\data_types_test.adb:data_types_test__test__B79b___finalizer.3328" targetname: "__indirect_call" label: "C:\Users\Daniel Kreck\Documents\adachat\common\testing\data_types_test.adb:24:7" }
edge: { sourcename: "C:\Users\Daniel Kreck\Documents\adachat\common\testing\data_types_test.adb:data_types_test__test__B79b___finalizer.3328" targetname: "ada__exceptions__triggered_by_abort" label: "C:\Users\Daniel Kreck\Documents\adachat\common\testing\data_types_test.adb:24:7" }
node: { title: "C:\Users\Daniel Kreck\Documents\adachat\common\testing\data_types_test.adb:data_types_test__test__B61b___finalizer.3287" label: "B61b\nC:\Users\Daniel Kreck\Documents\adachat\common\testing\data_types_test.adb:21:9\n80 bytes (static)\n0 dynamic objects" }
edge: { sourcename: "C:\Users\Daniel Kreck\Documents\adachat\common\testing\data_types_test.adb:data_types_test__test__B61b___finalizer.3287" targetname: "__gnat_end_handler" label: "C:\Users\Daniel Kreck\Documents\adachat\common\testing\data_types_test.adb:21:0" }
edge: { sourcename: "C:\Users\Daniel Kreck\Documents\adachat\common\testing\data_types_test.adb:data_types_test__test__B61b___finalizer.3287" targetname: "__gnat_begin_handler" label: "C:\Users\Daniel Kreck\Documents\adachat\common\testing\data_types_test.adb:21:9" }
edge: { sourcename: "C:\Users\Daniel Kreck\Documents\adachat\common\testing\data_types_test.adb:data_types_test__test__B61b___finalizer.3287" targetname: "_Unwind_Resume" }
edge: { sourcename: "C:\Users\Daniel Kreck\Documents\adachat\common\testing\data_types_test.adb:data_types_test__test__B61b___finalizer.3287" targetname: "_Unwind_Resume" }
edge: { sourcename: "C:\Users\Daniel Kreck\Documents\adachat\common\testing\data_types_test.adb:data_types_test__test__B61b___finalizer.3287" targetname: "__gnat_rcheck_PE_Finalize_Raised_Exception" label: "C:\Users\Daniel Kreck\Documents\adachat\common\testing\data_types_test.adb:21:9" }
edge: { sourcename: "C:\Users\Daniel Kreck\Documents\adachat\common\testing\data_types_test.adb:data_types_test__test__B61b___finalizer.3287" targetname: "__indirect_call" label: "C:\Users\Daniel Kreck\Documents\adachat\common\testing\data_types_test.adb:21:9" }
edge: { sourcename: "C:\Users\Daniel Kreck\Documents\adachat\common\testing\data_types_test.adb:data_types_test__test__B61b___finalizer.3287" targetname: "ada__strings__unbounded__finalize__2" label: "C:\Users\Daniel Kreck\Documents\adachat\common\testing\data_types_test.adb:21:55" }
edge: { sourcename: "C:\Users\Daniel Kreck\Documents\adachat\common\testing\data_types_test.adb:data_types_test__test__B61b___finalizer.3287" targetname: "__gnat_rcheck_CE_Access_Check" label: "C:\Users\Daniel Kreck\Documents\adachat\common\testing\data_types_test.adb:21:55" }
edge: { sourcename: "C:\Users\Daniel Kreck\Documents\adachat\common\testing\data_types_test.adb:data_types_test__test__B61b___finalizer.3287" targetname: "__indirect_call" label: "C:\Users\Daniel Kreck\Documents\adachat\common\testing\data_types_test.adb:21:9" }
edge: { sourcename: "C:\Users\Daniel Kreck\Documents\adachat\common\testing\data_types_test.adb:data_types_test__test__B61b___finalizer.3287" targetname: "ada__exceptions__triggered_by_abort" label: "C:\Users\Daniel Kreck\Documents\adachat\common\testing\data_types_test.adb:21:9" }
node: { title: "C:\Users\Daniel Kreck\Documents\adachat\common\testing\data_types_test.adb:data_types_test__test__B45b___finalizer.3250" label: "B45b\nC:\Users\Daniel Kreck\Documents\adachat\common\testing\data_types_test.adb:20:7\n80 bytes (static)\n0 dynamic objects" }
edge: { sourcename: "C:\Users\Daniel Kreck\Documents\adachat\common\testing\data_types_test.adb:data_types_test__test__B45b___finalizer.3250" targetname: "__gnat_end_handler" label: "C:\Users\Daniel Kreck\Documents\adachat\common\testing\data_types_test.adb:20:0" }
edge: { sourcename: "C:\Users\Daniel Kreck\Documents\adachat\common\testing\data_types_test.adb:data_types_test__test__B45b___finalizer.3250" targetname: "__gnat_begin_handler" label: "C:\Users\Daniel Kreck\Documents\adachat\common\testing\data_types_test.adb:20:7" }
edge: { sourcename: "C:\Users\Daniel Kreck\Documents\adachat\common\testing\data_types_test.adb:data_types_test__test__B45b___finalizer.3250" targetname: "_Unwind_Resume" }
edge: { sourcename: "C:\Users\Daniel Kreck\Documents\adachat\common\testing\data_types_test.adb:data_types_test__test__B45b___finalizer.3250" targetname: "_Unwind_Resume" }
edge: { sourcename: "C:\Users\Daniel Kreck\Documents\adachat\common\testing\data_types_test.adb:data_types_test__test__B45b___finalizer.3250" targetname: "__gnat_rcheck_PE_Finalize_Raised_Exception" label: "C:\Users\Daniel Kreck\Documents\adachat\common\testing\data_types_test.adb:20:7" }
edge: { sourcename: "C:\Users\Daniel Kreck\Documents\adachat\common\testing\data_types_test.adb:data_types_test__test__B45b___finalizer.3250" targetname: "__indirect_call" label: "C:\Users\Daniel Kreck\Documents\adachat\common\testing\data_types_test.adb:20:7" }
edge: { sourcename: "C:\Users\Daniel Kreck\Documents\adachat\common\testing\data_types_test.adb:data_types_test__test__B45b___finalizer.3250" targetname: "ada__strings__unbounded__finalize__2" label: "C:\Users\Daniel Kreck\Documents\adachat\common\testing\data_types_test.adb:20:46" }
edge: { sourcename: "C:\Users\Daniel Kreck\Documents\adachat\common\testing\data_types_test.adb:data_types_test__test__B45b___finalizer.3250" targetname: "__gnat_rcheck_CE_Access_Check" label: "C:\Users\Daniel Kreck\Documents\adachat\common\testing\data_types_test.adb:20:46" }
edge: { sourcename: "C:\Users\Daniel Kreck\Documents\adachat\common\testing\data_types_test.adb:data_types_test__test__B45b___finalizer.3250" targetname: "__indirect_call" label: "C:\Users\Daniel Kreck\Documents\adachat\common\testing\data_types_test.adb:20:7" }
edge: { sourcename: "C:\Users\Daniel Kreck\Documents\adachat\common\testing\data_types_test.adb:data_types_test__test__B45b___finalizer.3250" targetname: "ada__exceptions__triggered_by_abort" label: "C:\Users\Daniel Kreck\Documents\adachat\common\testing\data_types_test.adb:20:7" }
node: { title: "C:\Users\Daniel Kreck\Documents\adachat\common\testing\data_types_test.adb:data_types_test__test__P35b.3144" label: "P35b\nC:\Users\Daniel Kreck\Documents\adachat\common\testing\data_types_test.adb:8:62\n64 bytes (static)\n0 dynamic objects" }
edge: { sourcename: "C:\Users\Daniel Kreck\Documents\adachat\common\testing\data_types_test.adb:data_types_test__test__P35b.3144" targetname: "system__storage_pools__subpools__allocate_any_controlled" label: "C:\Users\Daniel Kreck\Documents\adachat\common\testing\data_types_test.adb:8:62" }
node: { title: "C:\Users\Daniel Kreck\Documents\adachat\common\testing\data_types_test.adb:data_types_test__test__P25b.3107" label: "P25b\nC:\Users\Daniel Kreck\Documents\adachat\common\testing\data_types_test.adb:8:62\n64 bytes (static)\n0 dynamic objects" }
edge: { sourcename: "C:\Users\Daniel Kreck\Documents\adachat\common\testing\data_types_test.adb:data_types_test__test__P25b.3107" targetname: "system__storage_pools__subpools__allocate_any_controlled" label: "C:\Users\Daniel Kreck\Documents\adachat\common\testing\data_types_test.adb:8:62" }
node: { title: "C:\Users\Daniel Kreck\Documents\adachat\common\testing\data_types_test.adb:data_types_test__test__P15b.3098" label: "P15b\nC:\Users\Daniel Kreck\Documents\adachat\common\testing\data_types_test.adb:7:42\n64 bytes (static)\n0 dynamic objects" }
edge: { sourcename: "C:\Users\Daniel Kreck\Documents\adachat\common\testing\data_types_test.adb:data_types_test__test__P15b.3098" targetname: "system__storage_pools__subpools__allocate_any_controlled" label: "C:\Users\Daniel Kreck\Documents\adachat\common\testing\data_types_test.adb:7:42" }
node: { title: "C:\Users\Daniel Kreck\Documents\adachat\common\testing\data_types_test.adb:data_types_test__test__P5b.3047" label: "P5b\nC:\Users\Daniel Kreck\Documents\adachat\common\testing\data_types_test.adb:7:42\n64 bytes (static)\n0 dynamic objects" }
edge: { sourcename: "C:\Users\Daniel Kreck\Documents\adachat\common\testing\data_types_test.adb:data_types_test__test__P5b.3047" targetname: "system__storage_pools__subpools__allocate_any_controlled" label: "C:\Users\Daniel Kreck\Documents\adachat\common\testing\data_types_test.adb:7:42" }
node: { title: "data_types_test__test" label: "Test\nC:\Users\Daniel Kreck\Documents\adachat\common\testing\data_types_test.adb:3:4\n224 bytes (static)\n0 dynamic objects" }
edge: { sourcename: "data_types_test__test" targetname: "_Unwind_Resume" }
edge: { sourcename: "data_types_test__test" targetname: "__gnat_end_handler" label: "C:\Users\Daniel Kreck\Documents\adachat\common\testing\data_types_test.adb:25:0" }
edge: { sourcename: "data_types_test__test" targetname: "__gnat_begin_handler" label: "C:\Users\Daniel Kreck\Documents\adachat\common\testing\data_types_test.adb:25:55" }
edge: { sourcename: "data_types_test__test" targetname: "__gnat_end_handler" label: "C:\Users\Daniel Kreck\Documents\adachat\common\testing\data_types_test.adb:24:0" }
edge: { sourcename: "data_types_test__test" targetname: "__gnat_begin_handler" label: "C:\Users\Daniel Kreck\Documents\adachat\common\testing\data_types_test.adb:24:46" }
edge: { sourcename: "data_types_test__test" targetname: "__gnat_end_handler" label: "C:\Users\Daniel Kreck\Documents\adachat\common\testing\data_types_test.adb:21:0" }
edge: { sourcename: "data_types_test__test" targetname: "__gnat_begin_handler" label: "C:\Users\Daniel Kreck\Documents\adachat\common\testing\data_types_test.adb:21:55" }
edge: { sourcename: "data_types_test__test" targetname: "__gnat_end_handler" label: "C:\Users\Daniel Kreck\Documents\adachat\common\testing\data_types_test.adb:20:0" }
edge: { sourcename: "data_types_test__test" targetname: "__gnat_begin_handler" label: "C:\Users\Daniel Kreck\Documents\adachat\common\testing\data_types_test.adb:20:46" }
edge: { sourcename: "data_types_test__test" targetname: "C:\Users\Daniel Kreck\Documents\adachat\common\testing\data_types_test.adb:data_types_test__test___finalizer.2988" label: "C:\Users\Daniel Kreck\Documents\adachat\common\testing\data_types_test.adb:41:0" }
edge: { sourcename: "data_types_test__test" targetname: "data_types__setcontacts" label: "C:\Users\Daniel Kreck\Documents\adachat\common\testing\data_types_test.adb:39:7" }
edge: { sourcename: "data_types_test__test" targetname: "__gnat_rcheck_PE_Access_Before_Elaboration" label: "C:\Users\Daniel Kreck\Documents\adachat\common\testing\data_types_test.adb:39:7" }
edge: { sourcename: "data_types_test__test" targetname: "data_types__setuserdata" label: "C:\Users\Daniel Kreck\Documents\adachat\common\testing\data_types_test.adb:38:7" }
edge: { sourcename: "data_types_test__test" targetname: "__gnat_rcheck_PE_Access_Before_Elaboration" label: "C:\Users\Daniel Kreck\Documents\adachat\common\testing\data_types_test.adb:38:7" }
edge: { sourcename: "data_types_test__test" targetname: "ada__assertions__assert__2" label: "C:\Users\Daniel Kreck\Documents\adachat\common\testing\data_types_test.adb:34:7" }
edge: { sourcename: "data_types_test__test" targetname: "__gnat_rcheck_CE_Invalid_Data" label: "C:\Users\Daniel Kreck\Documents\adachat\common\testing\data_types_test.adb:31:12" }
edge: { sourcename: "data_types_test__test" targetname: "data_types__removeuser" label: "C:\Users\Daniel Kreck\Documents\adachat\common\testing\data_types_test.adb:31:12" }
edge: { sourcename: "data_types_test__test" targetname: "__gnat_rcheck_PE_Access_Before_Elaboration" label: "C:\Users\Daniel Kreck\Documents\adachat\common\testing\data_types_test.adb:31:12" }
edge: { sourcename: "data_types_test__test" targetname: "data_types__getuser" label: "C:\Users\Daniel Kreck\Documents\adachat\common\testing\data_types_test.adb:30:17" }
edge: { sourcename: "data_types_test__test" targetname: "__gnat_rcheck_PE_Access_Before_Elaboration" label: "C:\Users\Daniel Kreck\Documents\adachat\common\testing\data_types_test.adb:30:20" }
edge: { sourcename: "data_types_test__test" targetname: "__gnat_rcheck_CE_Invalid_Data" label: "C:\Users\Daniel Kreck\Documents\adachat\common\testing\data_types_test.adb:29:12" }
edge: { sourcename: "data_types_test__test" targetname: "data_types__adduser" label: "C:\Users\Daniel Kreck\Documents\adachat\common\testing\data_types_test.adb:29:12" }
edge: { sourcename: "data_types_test__test" targetname: "__gnat_rcheck_PE_Access_Before_Elaboration" label: "C:\Users\Daniel Kreck\Documents\adachat\common\testing\data_types_test.adb:29:12" }
edge: { sourcename: "data_types_test__test" targetname: "__gnat_rcheck_CE_Invalid_Data" label: "C:\Users\Daniel Kreck\Documents\adachat\common\testing\data_types_test.adb:26:12" }
edge: { sourcename: "data_types_test__test" targetname: "data_types__setuserrights" label: "C:\Users\Daniel Kreck\Documents\adachat\common\testing\data_types_test.adb:26:12" }
edge: { sourcename: "data_types_test__test" targetname: "__gnat_rcheck_PE_Access_Before_Elaboration" label: "C:\Users\Daniel Kreck\Documents\adachat\common\testing\data_types_test.adb:26:12" }
edge: { sourcename: "data_types_test__test" targetname: "C:\Users\Daniel Kreck\Documents\adachat\common\testing\data_types_test.adb:data_types_test__test__B95b___finalizer.3348" label: "C:\Users\Daniel Kreck\Documents\adachat\common\testing\data_types_test.adb:25:0" }
edge: { sourcename: "data_types_test__test" targetname: "__gnat_rcheck_PE_Finalize_Raised_Exception" label: "C:\Users\Daniel Kreck\Documents\adachat\common\testing\data_types_test.adb:25:55" }
edge: { sourcename: "data_types_test__test" targetname: "ada__strings__unbounded__finalize__2" label: "C:\Users\Daniel Kreck\Documents\adachat\common\testing\data_types_test.adb:25:55" }
edge: { sourcename: "data_types_test__test" targetname: "ada__exceptions__triggered_by_abort" label: "C:\Users\Daniel Kreck\Documents\adachat\common\testing\data_types_test.adb:25:55" }
edge: { sourcename: "data_types_test__test" targetname: "__gnat_rcheck_CE_Invalid_Data" label: "C:\Users\Daniel Kreck\Documents\adachat\common\testing\data_types_test.adb:25:12" }
edge: { sourcename: "data_types_test__test" targetname: "data_types__setpassword" label: "C:\Users\Daniel Kreck\Documents\adachat\common\testing\data_types_test.adb:25:12" }
edge: { sourcename: "data_types_test__test" targetname: "__gnat_rcheck_PE_Access_Before_Elaboration" label: "C:\Users\Daniel Kreck\Documents\adachat\common\testing\data_types_test.adb:25:12" }
edge: { sourcename: "data_types_test__test" targetname: "ada__strings__unbounded__to_unbounded_string" label: "C:\Users\Daniel Kreck\Documents\adachat\common\testing\data_types_test.adb:25:55" }
edge: { sourcename: "data_types_test__test" targetname: "C:\Users\Daniel Kreck\Documents\adachat\common\testing\data_types_test.adb:data_types_test__test__B79b___finalizer.3328" label: "C:\Users\Daniel Kreck\Documents\adachat\common\testing\data_types_test.adb:24:0" }
edge: { sourcename: "data_types_test__test" targetname: "__gnat_rcheck_PE_Finalize_Raised_Exception" label: "C:\Users\Daniel Kreck\Documents\adachat\common\testing\data_types_test.adb:24:46" }
edge: { sourcename: "data_types_test__test" targetname: "ada__strings__unbounded__finalize__2" label: "C:\Users\Daniel Kreck\Documents\adachat\common\testing\data_types_test.adb:24:46" }
edge: { sourcename: "data_types_test__test" targetname: "ada__exceptions__triggered_by_abort" label: "C:\Users\Daniel Kreck\Documents\adachat\common\testing\data_types_test.adb:24:46" }
edge: { sourcename: "data_types_test__test" targetname: "data_types__setusername" label: "C:\Users\Daniel Kreck\Documents\adachat\common\testing\data_types_test.adb:24:7" }
edge: { sourcename: "data_types_test__test" targetname: "__gnat_rcheck_PE_Access_Before_Elaboration" label: "C:\Users\Daniel Kreck\Documents\adachat\common\testing\data_types_test.adb:24:7" }
edge: { sourcename: "data_types_test__test" targetname: "ada__strings__unbounded__to_unbounded_string" label: "C:\Users\Daniel Kreck\Documents\adachat\common\testing\data_types_test.adb:24:46" }
edge: { sourcename: "data_types_test__test" targetname: "__gnat_rcheck_CE_Invalid_Data" label: "C:\Users\Daniel Kreck\Documents\adachat\common\testing\data_types_test.adb:22:12" }
edge: { sourcename: "data_types_test__test" targetname: "data_types__setuserrights" label: "C:\Users\Daniel Kreck\Documents\adachat\common\testing\data_types_test.adb:22:12" }
edge: { sourcename: "data_types_test__test" targetname: "__gnat_rcheck_PE_Access_Before_Elaboration" label: "C:\Users\Daniel Kreck\Documents\adachat\common\testing\data_types_test.adb:22:12" }
edge: { sourcename: "data_types_test__test" targetname: "C:\Users\Daniel Kreck\Documents\adachat\common\testing\data_types_test.adb:data_types_test__test__B61b___finalizer.3287" label: "C:\Users\Daniel Kreck\Documents\adachat\common\testing\data_types_test.adb:21:0" }
edge: { sourcename: "data_types_test__test" targetname: "__gnat_rcheck_PE_Finalize_Raised_Exception" label: "C:\Users\Daniel Kreck\Documents\adachat\common\testing\data_types_test.adb:21:55" }
edge: { sourcename: "data_types_test__test" targetname: "ada__strings__unbounded__finalize__2" label: "C:\Users\Daniel Kreck\Documents\adachat\common\testing\data_types_test.adb:21:55" }
edge: { sourcename: "data_types_test__test" targetname: "ada__exceptions__triggered_by_abort" label: "C:\Users\Daniel Kreck\Documents\adachat\common\testing\data_types_test.adb:21:55" }
edge: { sourcename: "data_types_test__test" targetname: "__gnat_rcheck_CE_Invalid_Data" label: "C:\Users\Daniel Kreck\Documents\adachat\common\testing\data_types_test.adb:21:12" }
edge: { sourcename: "data_types_test__test" targetname: "data_types__setpassword" label: "C:\Users\Daniel Kreck\Documents\adachat\common\testing\data_types_test.adb:21:12" }
edge: { sourcename: "data_types_test__test" targetname: "__gnat_rcheck_PE_Access_Before_Elaboration" label: "C:\Users\Daniel Kreck\Documents\adachat\common\testing\data_types_test.adb:21:12" }
edge: { sourcename: "data_types_test__test" targetname: "ada__strings__unbounded__to_unbounded_string" label: "C:\Users\Daniel Kreck\Documents\adachat\common\testing\data_types_test.adb:21:55" }
edge: { sourcename: "data_types_test__test" targetname: "C:\Users\Daniel Kreck\Documents\adachat\common\testing\data_types_test.adb:data_types_test__test__B45b___finalizer.3250" label: "C:\Users\Daniel Kreck\Documents\adachat\common\testing\data_types_test.adb:20:0" }
edge: { sourcename: "data_types_test__test" targetname: "__gnat_rcheck_PE_Finalize_Raised_Exception" label: "C:\Users\Daniel Kreck\Documents\adachat\common\testing\data_types_test.adb:20:46" }
edge: { sourcename: "data_types_test__test" targetname: "ada__strings__unbounded__finalize__2" label: "C:\Users\Daniel Kreck\Documents\adachat\common\testing\data_types_test.adb:20:46" }
edge: { sourcename: "data_types_test__test" targetname: "ada__exceptions__triggered_by_abort" label: "C:\Users\Daniel Kreck\Documents\adachat\common\testing\data_types_test.adb:20:46" }
edge: { sourcename: "data_types_test__test" targetname: "data_types__setusername" label: "C:\Users\Daniel Kreck\Documents\adachat\common\testing\data_types_test.adb:20:7" }
edge: { sourcename: "data_types_test__test" targetname: "__gnat_rcheck_PE_Access_Before_Elaboration" label: "C:\Users\Daniel Kreck\Documents\adachat\common\testing\data_types_test.adb:20:7" }
edge: { sourcename: "data_types_test__test" targetname: "ada__strings__unbounded__to_unbounded_string" label: "C:\Users\Daniel Kreck\Documents\adachat\common\testing\data_types_test.adb:20:46" }
edge: { sourcename: "data_types_test__test" targetname: "data_types__setcankickgroupmembersflag" label: "C:\Users\Daniel Kreck\Documents\adachat\common\testing\data_types_test.adb:17:7" }
edge: { sourcename: "data_types_test__test" targetname: "__gnat_rcheck_PE_Access_Before_Elaboration" label: "C:\Users\Daniel Kreck\Documents\adachat\common\testing\data_types_test.adb:17:7" }
edge: { sourcename: "data_types_test__test" targetname: "data_types__setisadminflag" label: "C:\Users\Daniel Kreck\Documents\adachat\common\testing\data_types_test.adb:16:7" }
edge: { sourcename: "data_types_test__test" targetname: "__gnat_rcheck_PE_Access_Before_Elaboration" label: "C:\Users\Daniel Kreck\Documents\adachat\common\testing\data_types_test.adb:16:7" }
edge: { sourcename: "data_types_test__test" targetname: "data_types__setcankickgroupmembersflag" label: "C:\Users\Daniel Kreck\Documents\adachat\common\testing\data_types_test.adb:14:7" }
edge: { sourcename: "data_types_test__test" targetname: "__gnat_rcheck_PE_Access_Before_Elaboration" label: "C:\Users\Daniel Kreck\Documents\adachat\common\testing\data_types_test.adb:14:7" }
edge: { sourcename: "data_types_test__test" targetname: "data_types__setisadminflag" label: "C:\Users\Daniel Kreck\Documents\adachat\common\testing\data_types_test.adb:13:7" }
edge: { sourcename: "data_types_test__test" targetname: "__gnat_rcheck_PE_Access_Before_Elaboration" label: "C:\Users\Daniel Kreck\Documents\adachat\common\testing\data_types_test.adb:13:7" }
edge: { sourcename: "data_types_test__test" targetname: "data_types__user_data_setIP" label: "C:\Users\Daniel Kreck\Documents\adachat\common\testing\data_types_test.adb:9:57" }
edge: { sourcename: "data_types_test__test" targetname: "__gnat_malloc" label: "C:\Users\Daniel Kreck\Documents\adachat\common\testing\data_types_test.adb:9:57" }
edge: { sourcename: "data_types_test__test" targetname: "data_types__user_data_setIP" label: "C:\Users\Daniel Kreck\Documents\adachat\common\testing\data_types_test.adb:9:57" }
edge: { sourcename: "data_types_test__test" targetname: "__gnat_malloc" label: "C:\Users\Daniel Kreck\Documents\adachat\common\testing\data_types_test.adb:9:57" }
edge: { sourcename: "data_types_test__test" targetname: "data_types__user_contactlistDI" label: "C:\Users\Daniel Kreck\Documents\adachat\common\testing\data_types_test.adb:8:62" }
edge: { sourcename: "data_types_test__test" targetname: "data_types__user_contactlistIP" label: "C:\Users\Daniel Kreck\Documents\adachat\common\testing\data_types_test.adb:8:62" }
edge: { sourcename: "data_types_test__test" targetname: "C:\Users\Daniel Kreck\Documents\adachat\common\testing\data_types_test.adb:data_types_test__test__P35b.3144" label: "C:\Users\Daniel Kreck\Documents\adachat\common\testing\data_types_test.adb:8:62" }
edge: { sourcename: "data_types_test__test" targetname: "data_types__user_contactlistDI" label: "C:\Users\Daniel Kreck\Documents\adachat\common\testing\data_types_test.adb:8:62" }
edge: { sourcename: "data_types_test__test" targetname: "data_types__user_contactlistIP" label: "C:\Users\Daniel Kreck\Documents\adachat\common\testing\data_types_test.adb:8:62" }
edge: { sourcename: "data_types_test__test" targetname: "C:\Users\Daniel Kreck\Documents\adachat\common\testing\data_types_test.adb:data_types_test__test__P25b.3107" label: "C:\Users\Daniel Kreck\Documents\adachat\common\testing\data_types_test.adb:8:62" }
edge: { sourcename: "data_types_test__test" targetname: "data_types__userDI" label: "C:\Users\Daniel Kreck\Documents\adachat\common\testing\data_types_test.adb:7:42" }
edge: { sourcename: "data_types_test__test" targetname: "data_types__userIP" label: "C:\Users\Daniel Kreck\Documents\adachat\common\testing\data_types_test.adb:7:42" }
edge: { sourcename: "data_types_test__test" targetname: "C:\Users\Daniel Kreck\Documents\adachat\common\testing\data_types_test.adb:data_types_test__test__P15b.3098" label: "C:\Users\Daniel Kreck\Documents\adachat\common\testing\data_types_test.adb:7:42" }
edge: { sourcename: "data_types_test__test" targetname: "data_types__userDI" label: "C:\Users\Daniel Kreck\Documents\adachat\common\testing\data_types_test.adb:7:42" }
edge: { sourcename: "data_types_test__test" targetname: "data_types__userIP" label: "C:\Users\Daniel Kreck\Documents\adachat\common\testing\data_types_test.adb:7:42" }
edge: { sourcename: "data_types_test__test" targetname: "C:\Users\Daniel Kreck\Documents\adachat\common\testing\data_types_test.adb:data_types_test__test__P5b.3047" label: "C:\Users\Daniel Kreck\Documents\adachat\common\testing\data_types_test.adb:7:42" }
edge: { sourcename: "data_types_test__test" targetname: "system__secondary_stack__ss_mark" label: "C:\Users\Daniel Kreck\Documents\adachat\common\testing\data_types_test.adb:3:4" }
node: { title: "C:\Users\Daniel Kreck\Documents\adachat\common\testing\data_types_test.adb:data_types_test__test___finalizer.2988" label: "Test\nC:\Users\Daniel Kreck\Documents\adachat\common\testing\data_types_test.adb:3:4\n48 bytes (static)\n0 dynamic objects" }
edge: { sourcename: "C:\Users\Daniel Kreck\Documents\adachat\common\testing\data_types_test.adb:data_types_test__test___finalizer.2988" targetname: "system__secondary_stack__ss_release" label: "C:\Users\Daniel Kreck\Documents\adachat\common\testing\data_types_test.adb:3:4" }
}
