edge: { sourcename: "user_databases__user_maps__map_iterator_interfaces__Tforward_iteratorCFD"
  targetname: "-9:user_databases__user_maps__map_iterator_interfaces__forward_iterator,user_databases__user_maps__map_iterator_interfaces__forward_iterator"
  label: "a-iteint.ads:24:9 [a-cohama.ads:75:4 [user_databases.ads:28:4]]"
}
edge: { sourcename: "user_databases__user_maps__map_iterator_interfaces__Treversible_iteratorCFD"
  targetname: "-9:user_databases__user_maps__map_iterator_interfaces__reversible_iterator,user_databases__user_maps__map_iterator_interfaces__reversible_iterator"
  label: "a-iteint.ads:32:9 [a-cohama.ads:75:4 [user_databases.ads:28:4]]"
}
class {
  classname: "user_databases__user_maps__map_iterator_interfaces__forward_iterator"
  label: "user_databases__user_maps__map_iterator_interfaces__forward_iterator\a-iteint.ads:24:9 [a-cohama.ads:75:4 [user_databases.ads:28:4]]"
  virtuals: "1:user_databases__user_maps__map_iterator_interfaces__first\n
             2:user_databases__user_maps__map_iterator_interfaces__next\n
             -1:user_databases__user_maps__map_iterator_interfaces___size\n
             -2:user_databases__user_maps__map_iterator_interfaces__forward_iteratorSR\n
             -3:user_databases__user_maps__map_iterator_interfaces__forward_iteratorSW\n
             -4:user_databases__user_maps__map_iterator_interfaces__forward_iteratorSI\n
             -5:user_databases__user_maps__map_iterator_interfaces__forward_iteratorSO\n
             -10:user_databases__user_maps__map_iterator_interfaces___disp_asynchronous_select\n
             -11:user_databases__user_maps__map_iterator_interfaces___disp_conditional_select\n
             -12:user_databases__user_maps__map_iterator_interfaces___disp_get_prim_op_kind\n
             -13:user_databases__user_maps__map_iterator_interfaces___disp_get_task_id\n
             -14:user_databases__user_maps__map_iterator_interfaces___disp_requeue\n
             -15:user_databases__user_maps__map_iterator_interfaces___disp_timed_select\n
             -9:user_databases__user_maps__map_iterator_interfaces__forward_iteratorDF"
}
class {
  classname: "user_databases__user_maps__map_iterator_interfaces__reversible_iterator"
  label: "user_databases__user_maps__map_iterator_interfaces__reversible_iterator\a-iteint.ads:32:9 [a-cohama.ads:75:4 [user_databases.ads:28:4]]"
  parent: "user_databases__user_maps__map_iterator_interfaces__forward_iterator"
  virtuals: "-1:user_databases__user_maps__map_iterator_interfaces___size__2,-1:user_databases__user_maps__map_iterator_interfaces__forward_iterator\n
             -2:user_databases__user_maps__map_iterator_interfaces__reversible_iteratorSR,-2:user_databases__user_maps__map_iterator_interfaces__forward_iterator\n
             -3:user_databases__user_maps__map_iterator_interfaces__reversible_iteratorSW,-3:user_databases__user_maps__map_iterator_interfaces__forward_iterator\n
             -5:user_databases__user_maps__map_iterator_interfaces__reversible_iteratorSO,-5:user_databases__user_maps__map_iterator_interfaces__forward_iterator\n
             -10:user_databases__user_maps__map_iterator_interfaces___disp_asynchronous_select__2,-10:user_databases__user_maps__map_iterator_interfaces__forward_iterator\n
             -11:user_databases__user_maps__map_iterator_interfaces___disp_conditional_select__2,-11:user_databases__user_maps__map_iterator_interfaces__forward_iterator\n
             -12:user_databases__user_maps__map_iterator_interfaces___disp_get_prim_op_kind__2,-12:user_databases__user_maps__map_iterator_interfaces__forward_iterator\n
             -13:user_databases__user_maps__map_iterator_interfaces___disp_get_task_id__2,-13:user_databases__user_maps__map_iterator_interfaces__forward_iterator\n
             -14:user_databases__user_maps__map_iterator_interfaces___disp_requeue__2,-14:user_databases__user_maps__map_iterator_interfaces__forward_iterator\n
             -15:user_databases__user_maps__map_iterator_interfaces___disp_timed_select__2,-15:user_databases__user_maps__map_iterator_interfaces__forward_iterator\n
             -9:user_databases__user_maps__map_iterator_interfaces__reversible_iteratorDF,-9:user_databases__user_maps__map_iterator_interfaces__forward_iterator\n
             3:user_databases__user_maps__map_iterator_interfaces__last\n
             4:user_databases__user_maps__map_iterator_interfaces__previous"
}
edge: { sourcename: "user_databases__user_maps__ht_types__Thash_table_typeCFD"
  targetname: "-9:user_databases__user_maps__ht_types__hash_table_type,user_databases__user_maps__ht_types__hash_table_type"
  label: "a-cohata.ads:49:12 [a-cohama.ads:329:4 [user_databases.ads:28:4]]"
}
class {
  classname: "user_databases__user_maps__ht_types__hash_table_type"
  label: "user_databases__user_maps__ht_types__hash_table_type\a-cohata.ads:49:12 [a-cohama.ads:329:4 [user_databases.ads:28:4]]"
  virtuals: "-1:user_databases__user_maps__ht_types___size\n
             -2:user_databases__user_maps__ht_types__hash_table_typeSR\n
             -3:user_databases__user_maps__ht_types__hash_table_typeSW\n
             -4:user_databases__user_maps__ht_types__hash_table_typeSI\n
             -5:user_databases__user_maps__ht_types__hash_table_typeSO\n
             -6:user_databases__user_maps__ht_types__Oeq\n
             -7:user_databases__user_maps__ht_types___assign\n
             -8:user_databases__user_maps__ht_types__hash_table_typeDA\n
             -9:user_databases__user_maps__ht_types__hash_table_typeDF"
}
edge: { sourcename: "user_databases__user_maps__TmapCFD"
  targetname: "-9:user_databases__user_maps__map,user_databases__user_maps__map"
  label: "a-cohama.ads:52:9 [user_databases.ads:28:4]"
}
edge: { sourcename: "user_databases__user_maps__Treference_control_typeCFD"
  targetname: "-9:user_databases__user_maps__reference_control_type,user_databases__user_maps__reference_control_type"
  label: "a-cohama.ads:376:9 [user_databases.ads:28:4]"
}
class {
  classname: "user_databases__user_maps__map"
  label: "user_databases__user_maps__map\a-cohama.ads:52:9 [user_databases.ads:28:4]"
  parent: "user_databases__user_maps__map"
  virtuals: "1:user_databases__user_maps__adjust__2,1:ada__finalization__controlled\n
             2:user_databases__user_maps__finalize__2,2:ada__finalization__controlled\n
             -1:user_databases__user_maps___size__2,-1:ada__finalization__controlled\n
             -2:user_databases__user_maps__mapSR__2,-2:ada__finalization__controlled\n
             -3:user_databases__user_maps__mapSW__2,-3:ada__finalization__controlled\n
             -4:user_databases__user_maps__mapSI__2,-4:ada__finalization__controlled\n
             -5:user_databases__user_maps__mapSO__2,-5:ada__finalization__controlled\n
             -6:user_databases__user_maps__Oeq__2,-6:ada__finalization__controlled\n
             -7:user_databases__user_maps___assign__2,-7:ada__finalization__controlled\n
             -8:user_databases__user_maps__mapDA__2,-8:ada__finalization__controlled\n
             -9:user_databases__user_maps__mapDF__2,-9:ada__finalization__controlled\n
             4:user_databases__user_maps__capacity\n
             5:user_databases__user_maps__reserve_capacity\n
             6:user_databases__user_maps__length\n
             7:user_databases__user_maps__is_empty\n
             8:user_databases__user_maps__clear\n
             9:user_databases__user_maps__replace_element\n
             10:user_databases__user_maps__update_element\n
             11:user_databases__user_maps__constant_reference\n
             12:user_databases__user_maps__reference\n
             13:user_databases__user_maps__constant_reference__2\n
             14:user_databases__user_maps__reference__2\n
             15:user_databases__user_maps__assign\n
             16:user_databases__user_maps__copy\n
             17:user_databases__user_maps__move\n
             18:user_databases__user_maps__insert\n
             19:user_databases__user_maps__insert__2\n
             20:user_databases__user_maps__insert__3\n
             21:user_databases__user_maps__include\n
             22:user_databases__user_maps__replace\n
             23:user_databases__user_maps__exclude\n
             24:user_databases__user_maps__delete\n
             25:user_databases__user_maps__delete__2\n
             26:user_databases__user_maps__first\n
             27:user_databases__user_maps__find\n
             28:user_databases__user_maps__contains\n
             29:user_databases__user_maps__element__2\n
             30:user_databases__user_maps__iterate\n
             31:user_databases__user_maps__iterate__2\n
             32:user_databases__user_maps__write\n
             33:user_databases__user_maps__read"
}
edge: { sourcename: "user_databases__user_maps__TiteratorCFD"
  targetname: "-9:user_databases__user_maps__iterator,user_databases__user_maps__iterator"
  label: "a-cohama.ads:453:9 [user_databases.ads:28:4]"
}
class {
  classname: "user_databases__user_maps__reference_control_type"
  label: "user_databases__user_maps__reference_control_type\a-cohama.ads:376:9 [user_databases.ads:28:4]"
  parent: "ada__finalization__controlled"
  virtuals: "1:user_databases__user_maps__adjust__4,1:ada__finalization__controlled\n
             2:user_databases__user_maps__finalize__4,2:ada__finalization__controlled\n
             -1:user_databases__user_maps___size__3,-1:ada__finalization__controlled\n
             -2:user_databases__user_maps__reference_control_typeSR,-2:ada__finalization__controlled\n
             -3:user_databases__user_maps__reference_control_typeSW,-3:ada__finalization__controlled\n
             -4:user_databases__user_maps__reference_control_typeSI,-4:ada__finalization__controlled\n
             -5:user_databases__user_maps__reference_control_typeSO,-5:ada__finalization__controlled\n
             -6:user_databases__user_maps__Oeq__3,-6:ada__finalization__controlled\n
             -7:user_databases__user_maps___assign__3,-7:ada__finalization__controlled\n
             -8:user_databases__user_maps__reference_control_typeDA,-8:ada__finalization__controlled\n
             -9:user_databases__user_maps__reference_control_typeDF,-9:ada__finalization__controlled\n
             4:user_databases__user_maps__pseudo_reference"
}
class {
  classname: "user_databases__user_maps__iterator"
  label: "user_databases__user_maps__iterator\a-cohama.ads:453:9 [user_databases.ads:28:4]"
  parent: "ada__finalization__limited_controlled, user_databases__user_maps__map_iterator_interfaces__forward_iterator"
  virtuals: "2:user_databases__user_maps__finalize__6,2:ada__finalization__limited_controlled\n
             -1:user_databases__user_maps___size__5,-1:ada__finalization__limited_controlled\n
             -9:user_databases__user_maps__iteratorDF__2,-9:ada__finalization__limited_controlled\n
             4:user_databases__user_maps__first__3,1:user_databases__user_maps__map_iterator_interfaces__forward_iterator\n
             5:user_databases__user_maps__next__4,2:user_databases__user_maps__map_iterator_interfaces__forward_iterator"
}
edge: { sourcename: "user_databases__contactnameslist__list_iterator_interfaces__Tforward_iteratorCFD"
  targetname: "-9:user_databases__contactnameslist__list_iterator_interfaces__forward_iterator,user_databases__contactnameslist__list_iterator_interfaces__forward_iterator"
  label: "a-iteint.ads:24:9 [a-cdlili.ads:67:4 [user_databases.ads:35:4]]"
}
edge: { sourcename: "user_databases__contactnameslist__list_iterator_interfaces__Treversible_iteratorCFD"
  targetname: "-9:user_databases__contactnameslist__list_iterator_interfaces__reversible_iterator,user_databases__contactnameslist__list_iterator_interfaces__reversible_iterator"
  label: "a-iteint.ads:32:9 [a-cdlili.ads:67:4 [user_databases.ads:35:4]]"
}
class {
  classname: "user_databases__contactnameslist__list_iterator_interfaces__forward_iterator"
  label: "user_databases__contactnameslist__list_iterator_interfaces__forward_iterator\a-iteint.ads:24:9 [a-cdlili.ads:67:4 [user_databases.ads:35:4]]"
  virtuals: "1:user_databases__contactnameslist__list_iterator_interfaces__first\n
             2:user_databases__contactnameslist__list_iterator_interfaces__next\n
             -1:user_databases__contactnameslist__list_iterator_interfaces___size\n
             -2:user_databases__contactnameslist__list_iterator_interfaces__forward_iteratorSR\n
             -3:user_databases__contactnameslist__list_iterator_interfaces__forward_iteratorSW\n
             -4:user_databases__contactnameslist__list_iterator_interfaces__forward_iteratorSI\n
             -5:user_databases__contactnameslist__list_iterator_interfaces__forward_iteratorSO\n
             -10:user_databases__contactnameslist__list_iterator_interfaces___disp_asynchronous_select\n
             -11:user_databases__contactnameslist__list_iterator_interfaces___disp_conditional_select\n
             -12:user_databases__contactnameslist__list_iterator_interfaces___disp_get_prim_op_kind\n
             -13:user_databases__contactnameslist__list_iterator_interfaces___disp_get_task_id\n
             -14:user_databases__contactnameslist__list_iterator_interfaces___disp_requeue\n
             -15:user_databases__contactnameslist__list_iterator_interfaces___disp_timed_select\n
             -9:user_databases__contactnameslist__list_iterator_interfaces__forward_iteratorDF"
}
class {
  classname: "user_databases__contactnameslist__list_iterator_interfaces__reversible_iterator"
  label: "user_databases__contactnameslist__list_iterator_interfaces__reversible_iterator\a-iteint.ads:32:9 [a-cdlili.ads:67:4 [user_databases.ads:35:4]]"
  parent: "user_databases__contactnameslist__list_iterator_interfaces__forward_iterator"
  virtuals: "-1:user_databases__contactnameslist__list_iterator_interfaces___size__2,-1:user_databases__contactnameslist__list_iterator_interfaces__forward_iterator\n
             -2:user_databases__contactnameslist__list_iterator_interfaces__reversible_iteratorSR,-2:user_databases__contactnameslist__list_iterator_interfaces__forward_iterator\n
             -3:user_databases__contactnameslist__list_iterator_interfaces__reversible_iteratorSW,-3:user_databases__contactnameslist__list_iterator_interfaces__forward_iterator\n
             -5:user_databases__contactnameslist__list_iterator_interfaces__reversible_iteratorSO,-5:user_databases__contactnameslist__list_iterator_interfaces__forward_iterator\n
             -10:user_databases__contactnameslist__list_iterator_interfaces___disp_asynchronous_select__2,-10:user_databases__contactnameslist__list_iterator_interfaces__forward_iterator\n
             -11:user_databases__contactnameslist__list_iterator_interfaces___disp_conditional_select__2,-11:user_databases__contactnameslist__list_iterator_interfaces__forward_iterator\n
             -12:user_databases__contactnameslist__list_iterator_interfaces___disp_get_prim_op_kind__2,-12:user_databases__contactnameslist__list_iterator_interfaces__forward_iterator\n
             -13:user_databases__contactnameslist__list_iterator_interfaces___disp_get_task_id__2,-13:user_databases__contactnameslist__list_iterator_interfaces__forward_iterator\n
             -14:user_databases__contactnameslist__list_iterator_interfaces___disp_requeue__2,-14:user_databases__contactnameslist__list_iterator_interfaces__forward_iterator\n
             -15:user_databases__contactnameslist__list_iterator_interfaces___disp_timed_select__2,-15:user_databases__contactnameslist__list_iterator_interfaces__forward_iterator\n
             -9:user_databases__contactnameslist__list_iterator_interfaces__reversible_iteratorDF,-9:user_databases__contactnameslist__list_iterator_interfaces__forward_iterator\n
             3:user_databases__contactnameslist__list_iterator_interfaces__last\n
             4:user_databases__contactnameslist__list_iterator_interfaces__previous"
}
edge: { sourcename: "user_databases__contactnameslist__TlistCFD"
  targetname: "-9:user_databases__contactnameslist__list,user_databases__contactnameslist__list"
  label: "a-cdlili.ads:49:9 [user_databases.ads:35:4]"
}
edge: { sourcename: "user_databases__contactnameslist__Treference_control_typeCFD"
  targetname: "-9:user_databases__contactnameslist__reference_control_type,user_databases__contactnameslist__reference_control_type"
  label: "a-cdlili.ads:310:9 [user_databases.ads:35:4]"
}
class {
  classname: "user_databases__contactnameslist__list"
  label: "user_databases__contactnameslist__list\a-cdlili.ads:49:9 [user_databases.ads:35:4]"
  parent: "user_databases__contactnameslist__list"
  virtuals: "1:user_databases__contactnameslist__adjust__2,1:ada__finalization__controlled\n
             6:user_databases__contactnameslist__clear,2:ada__finalization__controlled\n
             -1:user_databases__contactnameslist___size__2,-1:ada__finalization__controlled\n
             -2:user_databases__contactnameslist__listSR__2,-2:ada__finalization__controlled\n
             -3:user_databases__contactnameslist__listSW__2,-3:ada__finalization__controlled\n
             -4:user_databases__contactnameslist__listSI__2,-4:ada__finalization__controlled\n
             -5:user_databases__contactnameslist__listSO__2,-5:ada__finalization__controlled\n
             -6:user_databases__contactnameslist__Oeq__2,-6:ada__finalization__controlled\n
             -7:user_databases__contactnameslist___assign__2,-7:ada__finalization__controlled\n
             -8:user_databases__contactnameslist__listDA__2,-8:ada__finalization__controlled\n
             -9:user_databases__contactnameslist__listDF__2,-9:ada__finalization__controlled\n
             4:user_databases__contactnameslist__length\n
             5:user_databases__contactnameslist__is_empty\n
             6:user_databases__contactnameslist__clear\n
             7:user_databases__contactnameslist__replace_element\n
             8:user_databases__contactnameslist__update_element\n
             9:user_databases__contactnameslist__constant_reference\n
             10:user_databases__contactnameslist__reference\n
             11:user_databases__contactnameslist__assign\n
             12:user_databases__contactnameslist__copy\n
             13:user_databases__contactnameslist__move\n
             14:user_databases__contactnameslist__insert\n
             15:user_databases__contactnameslist__insert__2\n
             16:user_databases__contactnameslist__insert__3\n
             17:user_databases__contactnameslist__prepend\n
             18:user_databases__contactnameslist__append\n
             19:user_databases__contactnameslist__delete\n
             20:user_databases__contactnameslist__delete_first\n
             21:user_databases__contactnameslist__delete_last\n
             22:user_databases__contactnameslist__reverse_elements\n
             23:user_databases__contactnameslist__iterate\n
             24:user_databases__contactnameslist__iterate__2\n
             25:user_databases__contactnameslist__swap\n
             26:user_databases__contactnameslist__swap_links\n
             27:user_databases__contactnameslist__splice\n
             28:user_databases__contactnameslist__splice__2\n
             29:user_databases__contactnameslist__splice__3\n
             30:user_databases__contactnameslist__first\n
             31:user_databases__contactnameslist__first_element\n
             32:user_databases__contactnameslist__last\n
             33:user_databases__contactnameslist__last_element\n
             34:user_databases__contactnameslist__find\n
             35:user_databases__contactnameslist__reverse_find\n
             36:user_databases__contactnameslist__contains\n
             37:user_databases__contactnameslist__iterate__3\n
             38:user_databases__contactnameslist__reverse_iterate\n
             39:user_databases__contactnameslist__read\n
             40:user_databases__contactnameslist__write"
}
edge: { sourcename: "user_databases__contactnameslist__TiteratorCFD"
  targetname: "-9:user_databases__contactnameslist__iterator,user_databases__contactnameslist__iterator"
  label: "a-cdlili.ads:387:9 [user_databases.ads:35:4]"
}
class {
  classname: "user_databases__contactnameslist__reference_control_type"
  label: "user_databases__contactnameslist__reference_control_type\a-cdlili.ads:310:9 [user_databases.ads:35:4]"
  parent: "ada__finalization__controlled"
  virtuals: "1:user_databases__contactnameslist__adjust__4,1:ada__finalization__controlled\n
             2:user_databases__contactnameslist__finalize__4,2:ada__finalization__controlled\n
             -1:user_databases__contactnameslist___size__3,-1:ada__finalization__controlled\n
             -2:user_databases__contactnameslist__reference_control_typeSR,-2:ada__finalization__controlled\n
             -3:user_databases__contactnameslist__reference_control_typeSW,-3:ada__finalization__controlled\n
             -4:user_databases__contactnameslist__reference_control_typeSI,-4:ada__finalization__controlled\n
             -5:user_databases__contactnameslist__reference_control_typeSO,-5:ada__finalization__controlled\n
             -6:user_databases__contactnameslist__Oeq__3,-6:ada__finalization__controlled\n
             -7:user_databases__contactnameslist___assign__3,-7:ada__finalization__controlled\n
             -8:user_databases__contactnameslist__reference_control_typeDA,-8:ada__finalization__controlled\n
             -9:user_databases__contactnameslist__reference_control_typeDF,-9:ada__finalization__controlled\n
             4:user_databases__contactnameslist__pseudo_reference"
}
class {
  classname: "user_databases__contactnameslist__iterator"
  label: "user_databases__contactnameslist__iterator\a-cdlili.ads:387:9 [user_databases.ads:35:4]"
  parent: "ada__finalization__limited_controlled, user_databases__contactnameslist__list_iterator_interfaces__reversible_iterator"
  virtuals: "2:user_databases__contactnameslist__finalize__6,2:ada__finalization__limited_controlled\n
             -1:user_databases__contactnameslist___size__5,-1:ada__finalization__limited_controlled\n
             -9:user_databases__contactnameslist__iteratorDF__2,-9:ada__finalization__limited_controlled\n
             4:user_databases__contactnameslist__first__3,1:user_databases__contactnameslist__list_iterator_interfaces__forward_iterator,1:user_databases__contactnameslist__list_iterator_interfaces__reversible_iterator\n
             5:user_databases__contactnameslist__last__3,3:user_databases__contactnameslist__list_iterator_interfaces__reversible_iterator\n
             6:user_databases__contactnameslist__next__4,2:user_databases__contactnameslist__list_iterator_interfaces__forward_iterator,2:user_databases__contactnameslist__list_iterator_interfaces__reversible_iterator\n
             7:user_databases__contactnameslist__previous__4,4:user_databases__contactnameslist__list_iterator_interfaces__reversible_iterator"
}
edge: { sourcename: "user_databases__usertocontactnamesmap__map_iterator_interfaces__Tforward_iteratorCFD"
  targetname: "-9:user_databases__usertocontactnamesmap__map_iterator_interfaces__forward_iterator,user_databases__usertocontactnamesmap__map_iterator_interfaces__forward_iterator"
  label: "a-iteint.ads:24:9 [a-cihama.ads:74:4 [user_databases.ads:37:4]]"
}
edge: { sourcename: "user_databases__usertocontactnamesmap__map_iterator_interfaces__Treversible_iteratorCFD"
  targetname: "-9:user_databases__usertocontactnamesmap__map_iterator_interfaces__reversible_iterator,user_databases__usertocontactnamesmap__map_iterator_interfaces__reversible_iterator"
  label: "a-iteint.ads:32:9 [a-cihama.ads:74:4 [user_databases.ads:37:4]]"
}
class {
  classname: "user_databases__usertocontactnamesmap__map_iterator_interfaces__forward_iterator"
  label: "user_databases__usertocontactnamesmap__map_iterator_interfaces__forward_iterator\a-iteint.ads:24:9 [a-cihama.ads:74:4 [user_databases.ads:37:4]]"
  virtuals: "1:user_databases__usertocontactnamesmap__map_iterator_interfaces__first\n
             2:user_databases__usertocontactnamesmap__map_iterator_interfaces__next\n
             -1:user_databases__usertocontactnamesmap__map_iterator_interfaces___size\n
             -2:user_databases__usertocontactnamesmap__map_iterator_interfaces__forward_iteratorSR\n
             -3:user_databases__usertocontactnamesmap__map_iterator_interfaces__forward_iteratorSW\n
             -4:user_databases__usertocontactnamesmap__map_iterator_interfaces__forward_iteratorSI\n
             -5:user_databases__usertocontactnamesmap__map_iterator_interfaces__forward_iteratorSO\n
             -10:user_databases__usertocontactnamesmap__map_iterator_interfaces___disp_asynchronous_select\n
             -11:user_databases__usertocontactnamesmap__map_iterator_interfaces___disp_conditional_select\n
             -12:user_databases__usertocontactnamesmap__map_iterator_interfaces___disp_get_prim_op_kind\n
             -13:user_databases__usertocontactnamesmap__map_iterator_interfaces___disp_get_task_id\n
             -14:user_databases__usertocontactnamesmap__map_iterator_interfaces___disp_requeue\n
             -15:user_databases__usertocontactnamesmap__map_iterator_interfaces___disp_timed_select\n
             -9:user_databases__usertocontactnamesmap__map_iterator_interfaces__forward_iteratorDF"
}
class {
  classname: "user_databases__usertocontactnamesmap__map_iterator_interfaces__reversible_iterator"
  label: "user_databases__usertocontactnamesmap__map_iterator_interfaces__reversible_iterator\a-iteint.ads:32:9 [a-cihama.ads:74:4 [user_databases.ads:37:4]]"
  parent: "user_databases__usertocontactnamesmap__map_iterator_interfaces__forward_iterator"
  virtuals: "-1:user_databases__usertocontactnamesmap__map_iterator_interfaces___size__2,-1:user_databases__usertocontactnamesmap__map_iterator_interfaces__forward_iterator\n
             -2:user_databases__usertocontactnamesmap__map_iterator_interfaces__reversible_iteratorSR,-2:user_databases__usertocontactnamesmap__map_iterator_interfaces__forward_iterator\n
             -3:user_databases__usertocontactnamesmap__map_iterator_interfaces__reversible_iteratorSW,-3:user_databases__usertocontactnamesmap__map_iterator_interfaces__forward_iterator\n
             -5:user_databases__usertocontactnamesmap__map_iterator_interfaces__reversible_iteratorSO,-5:user_databases__usertocontactnamesmap__map_iterator_interfaces__forward_iterator\n
             -10:user_databases__usertocontactnamesmap__map_iterator_interfaces___disp_asynchronous_select__2,-10:user_databases__usertocontactnamesmap__map_iterator_interfaces__forward_iterator\n
             -11:user_databases__usertocontactnamesmap__map_iterator_interfaces___disp_conditional_select__2,-11:user_databases__usertocontactnamesmap__map_iterator_interfaces__forward_iterator\n
             -12:user_databases__usertocontactnamesmap__map_iterator_interfaces___disp_get_prim_op_kind__2,-12:user_databases__usertocontactnamesmap__map_iterator_interfaces__forward_iterator\n
             -13:user_databases__usertocontactnamesmap__map_iterator_interfaces___disp_get_task_id__2,-13:user_databases__usertocontactnamesmap__map_iterator_interfaces__forward_iterator\n
             -14:user_databases__usertocontactnamesmap__map_iterator_interfaces___disp_requeue__2,-14:user_databases__usertocontactnamesmap__map_iterator_interfaces__forward_iterator\n
             -15:user_databases__usertocontactnamesmap__map_iterator_interfaces___disp_timed_select__2,-15:user_databases__usertocontactnamesmap__map_iterator_interfaces__forward_iterator\n
             -9:user_databases__usertocontactnamesmap__map_iterator_interfaces__reversible_iteratorDF,-9:user_databases__usertocontactnamesmap__map_iterator_interfaces__forward_iterator\n
             3:user_databases__usertocontactnamesmap__map_iterator_interfaces__last\n
             4:user_databases__usertocontactnamesmap__map_iterator_interfaces__previous"
}
edge: { sourcename: "user_databases__usertocontactnamesmap__ht_types__Thash_table_typeCFD"
  targetname: "-9:user_databases__usertocontactnamesmap__ht_types__hash_table_type,user_databases__usertocontactnamesmap__ht_types__hash_table_type"
  label: "a-cohata.ads:49:12 [a-cihama.ads:323:4 [user_databases.ads:37:4]]"
}
class {
  classname: "user_databases__usertocontactnamesmap__ht_types__hash_table_type"
  label: "user_databases__usertocontactnamesmap__ht_types__hash_table_type\a-cohata.ads:49:12 [a-cihama.ads:323:4 [user_databases.ads:37:4]]"
  virtuals: "-1:user_databases__usertocontactnamesmap__ht_types___size\n
             -2:user_databases__usertocontactnamesmap__ht_types__hash_table_typeSR\n
             -3:user_databases__usertocontactnamesmap__ht_types__hash_table_typeSW\n
             -4:user_databases__usertocontactnamesmap__ht_types__hash_table_typeSI\n
             -5:user_databases__usertocontactnamesmap__ht_types__hash_table_typeSO\n
             -6:user_databases__usertocontactnamesmap__ht_types__Oeq\n
             -7:user_databases__usertocontactnamesmap__ht_types___assign\n
             -8:user_databases__usertocontactnamesmap__ht_types__hash_table_typeDA\n
             -9:user_databases__usertocontactnamesmap__ht_types__hash_table_typeDF"
}
edge: { sourcename: "user_databases__usertocontactnamesmap__TmapCFD"
  targetname: "-9:user_databases__usertocontactnamesmap__map,user_databases__usertocontactnamesmap__map"
  label: "a-cihama.ads:52:9 [user_databases.ads:37:4]"
}
edge: { sourcename: "user_databases__usertocontactnamesmap__Treference_control_typeCFD"
  targetname: "-9:user_databases__usertocontactnamesmap__reference_control_type,user_databases__usertocontactnamesmap__reference_control_type"
  label: "a-cihama.ads:370:9 [user_databases.ads:37:4]"
}
class {
  classname: "user_databases__usertocontactnamesmap__map"
  label: "user_databases__usertocontactnamesmap__map\a-cihama.ads:52:9 [user_databases.ads:37:4]"
  parent: "user_databases__usertocontactnamesmap__map"
  virtuals: "1:user_databases__usertocontactnamesmap__adjust__2,1:ada__finalization__controlled\n
             2:user_databases__usertocontactnamesmap__finalize__2,2:ada__finalization__controlled\n
             -1:user_databases__usertocontactnamesmap___size__2,-1:ada__finalization__controlled\n
             -2:user_databases__usertocontactnamesmap__mapSR__2,-2:ada__finalization__controlled\n
             -3:user_databases__usertocontactnamesmap__mapSW__2,-3:ada__finalization__controlled\n
             -4:user_databases__usertocontactnamesmap__mapSI__2,-4:ada__finalization__controlled\n
             -5:user_databases__usertocontactnamesmap__mapSO__2,-5:ada__finalization__controlled\n
             -6:user_databases__usertocontactnamesmap__Oeq__2,-6:ada__finalization__controlled\n
             -7:user_databases__usertocontactnamesmap___assign__2,-7:ada__finalization__controlled\n
             -8:user_databases__usertocontactnamesmap__mapDA__2,-8:ada__finalization__controlled\n
             -9:user_databases__usertocontactnamesmap__mapDF__2,-9:ada__finalization__controlled\n
             4:user_databases__usertocontactnamesmap__capacity\n
             5:user_databases__usertocontactnamesmap__reserve_capacity\n
             6:user_databases__usertocontactnamesmap__length\n
             7:user_databases__usertocontactnamesmap__is_empty\n
             8:user_databases__usertocontactnamesmap__clear\n
             9:user_databases__usertocontactnamesmap__replace_element\n
             10:user_databases__usertocontactnamesmap__update_element\n
             11:user_databases__usertocontactnamesmap__constant_reference\n
             12:user_databases__usertocontactnamesmap__reference\n
             13:user_databases__usertocontactnamesmap__constant_reference__2\n
             14:user_databases__usertocontactnamesmap__reference__2\n
             15:user_databases__usertocontactnamesmap__assign\n
             16:user_databases__usertocontactnamesmap__copy\n
             17:user_databases__usertocontactnamesmap__move\n
             18:user_databases__usertocontactnamesmap__insert\n
             19:user_databases__usertocontactnamesmap__insert__2\n
             20:user_databases__usertocontactnamesmap__include\n
             21:user_databases__usertocontactnamesmap__replace\n
             22:user_databases__usertocontactnamesmap__exclude\n
             23:user_databases__usertocontactnamesmap__delete\n
             24:user_databases__usertocontactnamesmap__delete__2\n
             25:user_databases__usertocontactnamesmap__first\n
             26:user_databases__usertocontactnamesmap__find\n
             27:user_databases__usertocontactnamesmap__contains\n
             28:user_databases__usertocontactnamesmap__element__2\n
             29:user_databases__usertocontactnamesmap__iterate\n
             30:user_databases__usertocontactnamesmap__iterate__2\n
             31:user_databases__usertocontactnamesmap__write\n
             32:user_databases__usertocontactnamesmap__read"
}
edge: { sourcename: "user_databases__usertocontactnamesmap__TiteratorCFD"
  targetname: "-9:user_databases__usertocontactnamesmap__iterator,user_databases__usertocontactnamesmap__iterator"
  label: "a-cihama.ads:429:9 [user_databases.ads:37:4]"
}
class {
  classname: "user_databases__usertocontactnamesmap__reference_control_type"
  label: "user_databases__usertocontactnamesmap__reference_control_type\a-cihama.ads:370:9 [user_databases.ads:37:4]"
  parent: "ada__finalization__controlled"
  virtuals: "1:user_databases__usertocontactnamesmap__adjust__4,1:ada__finalization__controlled\n
             2:user_databases__usertocontactnamesmap__finalize__4,2:ada__finalization__controlled\n
             -1:user_databases__usertocontactnamesmap___size__3,-1:ada__finalization__controlled\n
             -2:user_databases__usertocontactnamesmap__reference_control_typeSR,-2:ada__finalization__controlled\n
             -3:user_databases__usertocontactnamesmap__reference_control_typeSW,-3:ada__finalization__controlled\n
             -4:user_databases__usertocontactnamesmap__reference_control_typeSI,-4:ada__finalization__controlled\n
             -5:user_databases__usertocontactnamesmap__reference_control_typeSO,-5:ada__finalization__controlled\n
             -6:user_databases__usertocontactnamesmap__Oeq__3,-6:ada__finalization__controlled\n
             -7:user_databases__usertocontactnamesmap___assign__3,-7:ada__finalization__controlled\n
             -8:user_databases__usertocontactnamesmap__reference_control_typeDA,-8:ada__finalization__controlled\n
             -9:user_databases__usertocontactnamesmap__reference_control_typeDF,-9:ada__finalization__controlled"
}
class {
  classname: "user_databases__usertocontactnamesmap__iterator"
  label: "user_databases__usertocontactnamesmap__iterator\a-cihama.ads:429:9 [user_databases.ads:37:4]"
  parent: "ada__finalization__limited_controlled, user_databases__usertocontactnamesmap__map_iterator_interfaces__forward_iterator"
  virtuals: "2:user_databases__usertocontactnamesmap__finalize__6,2:ada__finalization__limited_controlled\n
             -1:user_databases__usertocontactnamesmap___size__5,-1:ada__finalization__limited_controlled\n
             -9:user_databases__usertocontactnamesmap__iteratorDF__2,-9:ada__finalization__limited_controlled\n
             4:user_databases__usertocontactnamesmap__first__3,1:user_databases__usertocontactnamesmap__map_iterator_interfaces__forward_iterator\n
             5:user_databases__usertocontactnamesmap__next__4,2:user_databases__usertocontactnamesmap__map_iterator_interfaces__forward_iterator"
}
edge: { sourcename: "user_databases__Tuser_databaseCFD"
  targetname: "-9:user_databases__user_database,user_databases__user_database"
  label: "user_databases.ads:19:9"
}
class {
  classname: "user_databases__user_database"
  label: "user_databases__user_database\user_databases.ads:19:9"
  parent: "user_databases__user_database"
  virtuals: "1:user_databases__registeruser\n
             2:user_databases__getuser\n
             3:user_databases__saveuserdatabase\n
             4:user_databases__loaduserdatabase\n
             5:user_databases__stringtolonelyuser\n
             -1:user_databases___size\n
             -2:user_databases__user_databaseSR\n
             -3:user_databases__user_databaseSW\n
             -4:user_databases__user_databaseSI\n
             -5:user_databases__user_databaseSO\n
             -6:user_databases__Oeq\n
             -7:user_databases___assign\n
             -8:user_databases__user_databaseDA\n
             -9:user_databases__user_databaseDF"
}
edge: { sourcename: "user_databases__saveuserdatabase"
  targetname: "1:user_databases__user_maps__map_iterator_interfaces__forward_iterator,user_databases__user_maps__map_iterator_interfaces__forward_iterator"
  label: "user_databases.adb:58:27"
}
edge: { sourcename: "user_databases__saveuserdatabase__B42b___finalizer"
  targetname: "-9:user_databases__user_maps__map_iterator_interfaces__forward_iterator,user_databases__user_maps__map_iterator_interfaces__forward_iterator"
  label: "user_databases.adb:58:27"
}
edge: { sourcename: "user_databases__loaduserdatabase"
  targetname: "1:user_databases__contactnameslist__list_iterator_interfaces__forward_iterator,user_databases__contactnameslist__list_iterator_interfaces__reversible_iterator"
  label: "user_databases.adb:132:81"
}
edge: { sourcename: "user_databases__loaduserdatabase__B_7__B_9___finalizer"
  targetname: "-9:user_databases__contactnameslist__list_iterator_interfaces__reversible_iterator,user_databases__contactnameslist__list_iterator_interfaces__reversible_iterator"
  label: "user_databases.adb:132:81"
}
edge: { sourcename: "user_databases__usertounboundedstring"
  targetname: "1:datatypes__contactlist__list_iterator_interfaces__forward_iterator,datatypes__contactlist__list_iterator_interfaces__reversible_iterator"
  label: "user_databases.adb:162:31"
}
edge: { sourcename: "user_databases__usertounboundedstring__B310b___finalizer"
  targetname: "-9:datatypes__contactlist__list_iterator_interfaces__reversible_iterator,datatypes__contactlist__list_iterator_interfaces__reversible_iterator"
  label: "user_databases.adb:162:31"
}
graph: { title: "G:\ADAChat\server\user_databases.adb"
node: { title: "_Unwind_Resume" label: "builtin_unwind_resume\n<built-in>" shape : ellipse }
node: { title: "system__finalization_masters__set_finalize_address" label: "Set_Finalize_Address\nG:/hdd programme/gps/lib/gcc/i686-pc-mingw32/4.9.3/adainclude/s-finmas.ads:129:14" shape : ellipse }
node: { title: "system__finalization_masters__set_base_pool" label: "Set_Base_Pool\nG:/hdd programme/gps/lib/gcc/i686-pc-mingw32/4.9.3/adainclude/s-finmas.ads:204:14" shape : ellipse }
node: { title: "system__finalization_masters__initialize__2" label: "Initialize\nG:/hdd programme/gps/lib/gcc/i686-pc-mingw32/4.9.3/adainclude/s-finmas.ads:201:25" shape : ellipse }
node: { title: "system__finalization_masters__finalization_masterIP" label: "Finalization_Masterip\nG:/hdd programme/gps/lib/gcc/i686-pc-mingw32/4.9.3/adainclude/s-finmas.ads:164:9" shape : ellipse }
node: { title: "ada__tags__register_tag" label: "Register_Tag\nG:/hdd programme/gps/lib/gcc/i686-pc-mingw32/4.9.3/adainclude/a-tags.ads:546:14" shape : ellipse }
node: { title: "ada__tags__check_tsd" label: "Check_Tsd\nG:/hdd programme/gps/lib/gcc/i686-pc-mingw32/4.9.3/adainclude/a-tags.ads:456:14" shape : ellipse }
node: { title: "gnat__string_split__finalize__2" label: "Finalize\nG:/hdd programme/gps/lib/gcc/i686-pc-mingw32/4.9.3/adainclude/g-arrspl.ads:188:14" shape : ellipse }
node: { title: "gnat__string_split__slice" label: "Slice\nG:/hdd programme/gps/lib/gcc/i686-pc-mingw32/4.9.3/adainclude/g-arrspl.ads:123:13" shape : ellipse }
node: { title: "gnat__string_split__slice_count" label: "Slice_Count\nG:/hdd programme/gps/lib/gcc/i686-pc-mingw32/4.9.3/adainclude/g-arrspl.ads:119:13" shape : ellipse }
node: { title: "gnat__string_split__create" label: "Create\nG:/hdd programme/gps/lib/gcc/i686-pc-mingw32/4.9.3/adainclude/g-arrspl.ads:82:14" shape : ellipse }
node: { title: "gnat__string_split__initialize__2" label: "Initialize\nG:/hdd programme/gps/lib/gcc/i686-pc-mingw32/4.9.3/adainclude/g-arrspl.ads:186:14" shape : ellipse }
node: { title: "gnat__string_split__slice_setIP" label: "Slice_Setip\nG:/hdd programme/gps/lib/gcc/i686-pc-mingw32/4.9.3/adainclude/g-arrspl.ads:182:9" shape : ellipse }
node: { title: "datatypes__contactlist__next__2" label: "Next\nG:/hdd programme/gps/lib/gcc/i686-pc-mingw32/4.9.3/adainclude/a-cdlili.ads:206:14" shape : ellipse }
node: { title: "datatypes__contactlist__get_element_access" label: "Get_Element_Access\nG:/hdd programme/gps/lib/gcc/i686-pc-mingw32/4.9.3/adainclude/a-cdlili.ads:379:13" shape : ellipse }
node: { title: "datatypes__contactlist__has_element" label: "Has_Element\nG:/hdd programme/gps/lib/gcc/i686-pc-mingw32/4.9.3/adainclude/a-cdlili.ads:65:13" shape : ellipse }
node: { title: "datatypes__contactlist__iterate" label: "Iterate\nG:/hdd programme/gps/lib/gcc/i686-pc-mingw32/4.9.3/adainclude/a-cdlili.ads:166:13" shape : ellipse }
node: { title: "datatypes__contactlist__finalize__4" label: "Finalize\nG:/hdd programme/gps/lib/gcc/i686-pc-mingw32/4.9.3/adainclude/a-cdlili.ads:318:25" shape : ellipse }
node: { title: "datatypes__contactlist__adjust__4" label: "Adjust\nG:/hdd programme/gps/lib/gcc/i686-pc-mingw32/4.9.3/adainclude/a-cdlili.ads:315:25" shape : ellipse }
node: { title: "datatypes__contactlist__pseudo_reference" label: "Pseudo_Reference\nG:/hdd programme/gps/lib/gcc/i686-pc-mingw32/4.9.3/adainclude/a-cdlili.ads:370:13" shape : ellipse }
node: { title: "datatypes__getpassword" label: "Getpassword\nG:\ADAChat\common\datatypes.ads:12:13" shape : ellipse }
node: { title: "ada__strings__unbounded__append" label: "Append\nG:/hdd programme/gps/lib/gcc/i686-pc-mingw32/4.9.3/adainclude/a-strunb.ads:107:14" shape : ellipse }
node: { title: "datatypes__contactlist__adjust__2" label: "Adjust\nG:/hdd programme/gps/lib/gcc/i686-pc-mingw32/4.9.3/adainclude/a-cdlili.ads:273:25" shape : ellipse }
node: { title: "datatypes__getcontacts" label: "Getcontacts\nG:\ADAChat\common\datatypes.ads:14:13" shape : ellipse }
node: { title: "ada__exceptions__exception_information" label: "Exception_Information\nG:/hdd programme/gps/lib/gcc/i686-pc-mingw32/4.9.3/adainclude/a-except.ads:104:13" shape : ellipse }
node: { title: "datatypes__addcontact" label: "Addcontact\nG:\ADAChat\common\datatypes.ads:16:13" shape : ellipse }
node: { title: "system__concat_5__str_concat_5" label: "Str_Concat_5\nG:/hdd programme/gps/lib/gcc/i686-pc-mingw32/4.9.3/adainclude/s-conca5.ads:39:14" shape : ellipse }
node: { title: "datatypes__getusername" label: "Getusername\nG:\ADAChat\common\datatypes.ads:10:13" shape : ellipse }
node: { title: "system__concat_2__str_concat_2" label: "Str_Concat_2\nG:/hdd programme/gps/lib/gcc/i686-pc-mingw32/4.9.3/adainclude/s-conca2.ads:39:14" shape : ellipse }
node: { title: "ada__text_io__get_line__3" label: "Get_Line\nG:/hdd programme/gps/lib/gcc/i686-pc-mingw32/4.9.3/adainclude/a-textio.ads:253:13" shape : ellipse }
node: { title: "ada__text_io__create" label: "Create\nG:/hdd programme/gps/lib/gcc/i686-pc-mingw32/4.9.3/adainclude/a-textio.ads:86:14" shape : ellipse }
node: { title: "ada__text_io__close" label: "Close\nG:/hdd programme/gps/lib/gcc/i686-pc-mingw32/4.9.3/adainclude/a-textio.ads:98:14" shape : ellipse }
node: { title: "ada__text_io__put_line" label: "Put_Line\nG:/hdd programme/gps/lib/gcc/i686-pc-mingw32/4.9.3/adainclude/a-textio.ads:259:14" shape : ellipse }
node: { title: "ada__text_io__open" label: "Open\nG:/hdd programme/gps/lib/gcc/i686-pc-mingw32/4.9.3/adainclude/a-textio.ads:92:14" shape : ellipse }
node: { title: "__gnat_rcheck_CE_Range_Check" label: "gnat_rcheck_CE_Range_Check\n<built-in>" shape : ellipse }
node: { title: "ada__text_io__put_line__2" label: "Put_Line\nG:/hdd programme/gps/lib/gcc/i686-pc-mingw32/4.9.3/adainclude/a-textio.ads:263:14" shape : ellipse }
node: { title: "system__concat_3__str_concat_3" label: "Str_Concat_3\nG:/hdd programme/gps/lib/gcc/i686-pc-mingw32/4.9.3/adainclude/s-conca3.ads:39:14" shape : ellipse }
node: { title: "datatypes__contactlist__clear" label: "Clear\nG:/hdd programme/gps/lib/gcc/i686-pc-mingw32/4.9.3/adainclude/a-cdlili.ads:76:14" shape : ellipse }
node: { title: "datatypes__userFD" label: "Userfd\nG:\ADAChat\common\datatypes.ads:22:9" shape : ellipse }
node: { title: "datatypes__setcontacts" label: "Setcontacts\nG:\ADAChat\common\datatypes.ads:15:14" shape : ellipse }
node: { title: "__gnat_rcheck_CE_Invalid_Data" label: "gnat_rcheck_CE_Invalid_Data\n<built-in>" shape : ellipse }
node: { title: "datatypes__setpassword" label: "Setpassword\nG:\ADAChat\common\datatypes.ads:13:13" shape : ellipse }
node: { title: "datatypes__setusername" label: "Setusername\nG:\ADAChat\common\datatypes.ads:11:14" shape : ellipse }
node: { title: "__gnat_rcheck_PE_Access_Before_Elaboration" label: "gnat_rcheck_PE_Access_Before_Elaboration\n<built-in>" shape : ellipse }
node: { title: "datatypes__contactlist__listIP" label: "Listip\nG:/hdd programme/gps/lib/gcc/i686-pc-mingw32/4.9.3/adainclude/a-cdlili.ads:264:9" shape : ellipse }
node: { title: "datatypes__userDI" label: "Userdi\nG:\ADAChat\common\datatypes.ads:22:9" shape : ellipse }
node: { title: "datatypes__userIP" label: "Userip\nG:\ADAChat\common\datatypes.ads:22:9" shape : ellipse }
node: { title: "system__soft_links__save_library_occurrence" label: "Save_Library_Occurrence\nG:/hdd programme/gps/lib/gcc/i686-pc-mingw32/4.9.3/adainclude/s-soflin.ads:313:14" shape : ellipse }
node: { title: "system__finalization_masters__finalize" label: "Finalize\nG:/hdd programme/gps/lib/gcc/i686-pc-mingw32/4.9.3/adainclude/s-finmas.ads:96:25" shape : ellipse }
node: { title: "ada__tags__unregister_tag" label: "Unregister_Tag\nG:/hdd programme/gps/lib/gcc/i686-pc-mingw32/4.9.3/adainclude/a-tags.ads:578:14" shape : ellipse }
node: { title: "system__finalization_root__root_controlledDA" label: "Root_Controlledda\nG:/hdd programme/gps/lib/gcc/i686-pc-mingw32/4.9.3/adainclude/s-finroo.ads:40:9" shape : ellipse }
node: { title: "system__finalization_root___assign" label: "Finalization_Root\nG:/hdd programme/gps/lib/gcc/i686-pc-mingw32/4.9.3/adainclude/s-finroo.ads:40:9" shape : ellipse }
node: { title: "system__finalization_root__Oeq" label: "=\nG:/hdd programme/gps/lib/gcc/i686-pc-mingw32/4.9.3/adainclude/s-finroo.ads:40:9" shape : ellipse }
node: { title: "system__finalization_root__root_controlledSO" label: "Root_Controlledso\nG:/hdd programme/gps/lib/gcc/i686-pc-mingw32/4.9.3/adainclude/s-finroo.ads:40:9" shape : ellipse }
node: { title: "system__finalization_root__root_controlledSW" label: "Root_Controlledsw\nG:/hdd programme/gps/lib/gcc/i686-pc-mingw32/4.9.3/adainclude/s-finroo.ads:40:9" shape : ellipse }
node: { title: "system__finalization_root__root_controlledSR" label: "Root_Controlledsr\nG:/hdd programme/gps/lib/gcc/i686-pc-mingw32/4.9.3/adainclude/s-finroo.ads:40:9" shape : ellipse }
node: { title: "ada__tags__offset_to_top" label: "Offset_To_Top\nG:/hdd programme/gps/lib/gcc/i686-pc-mingw32/4.9.3/adainclude/a-tags.ads:509:13" shape : ellipse }
node: { title: "__gnat_rcheck_CE_Access_Check" label: "gnat_rcheck_CE_Access_Check\n<built-in>" shape : ellipse }
node: { title: "ada__finalization__Oeq__3" label: "=\nG:/hdd programme/gps/lib/gcc/i686-pc-mingw32/4.9.3/adainclude/a-finali.ads:59:9" shape : ellipse }
node: { title: "ada__finalization__controlledSW__2" label: "Controlledsw\nG:/hdd programme/gps/lib/gcc/i686-pc-mingw32/4.9.3/adainclude/a-finali.ads:59:9" shape : ellipse }
node: { title: "ada__finalization__controlledSR__2" label: "Controlledsr\nG:/hdd programme/gps/lib/gcc/i686-pc-mingw32/4.9.3/adainclude/a-finali.ads:59:9" shape : ellipse }
node: { title: "__gnat_raise_from_controlled_operation" label: "Raise_From_Controlled_Operation\nG:/hdd programme/gps/lib/gcc/i686-pc-mingw32/4.9.3/adainclude/a-except.ads:227:14" shape : ellipse }
node: { title: "__gnat_set_exception_parameter" label: "gnat_set_exception_parameter\n<built-in>" shape : ellipse }
node: { title: "system__stream_attributes__w_i" label: "W_I\nG:/hdd programme/gps/lib/gcc/i686-pc-mingw32/4.9.3/adainclude/s-stratt.ads:137:14" shape : ellipse }
node: { title: "system__stream_attributes__w_ad" label: "W_Ad\nG:/hdd programme/gps/lib/gcc/i686-pc-mingw32/4.9.3/adainclude/s-stratt.ads:132:14" shape : ellipse }
node: { title: "system__stream_attributes__i_i" label: "I_I\nG:/hdd programme/gps/lib/gcc/i686-pc-mingw32/4.9.3/adainclude/s-stratt.ads:106:13" shape : ellipse }
node: { title: "system__stream_attributes__i_ad" label: "I_Ad\nG:/hdd programme/gps/lib/gcc/i686-pc-mingw32/4.9.3/adainclude/s-stratt.ads:101:13" shape : ellipse }
node: { title: "__gnat_rcheck_CE_Overflow_Check" label: "gnat_rcheck_CE_Overflow_Check\n<built-in>" shape : ellipse }
node: { title: "ada__strings__unbounded__initialize__2" label: "Initialize\nG:/hdd programme/gps/lib/gcc/i686-pc-mingw32/4.9.3/adainclude/a-strunb.ads:481:25" shape : ellipse }
node: { title: "ada__strings__unbounded__unbounded_stringIP" label: "Unbounded_Stringip\nG:/hdd programme/gps/lib/gcc/i686-pc-mingw32/4.9.3/adainclude/a-strunb.ads:471:9" shape : ellipse }
node: { title: "_ada_ada__strings__unbounded__equal_case_insensitive" label: "Equal_Case_Insensitive\nG:/hdd programme/gps/lib/gcc/i686-pc-mingw32/4.9.3/adainclude/a-suecin.ads:34:32" shape : ellipse }
node: { title: "ada__strings__unbounded__unbounded_stringFD" label: "Unbounded_Stringfd\nG:/hdd programme/gps/lib/gcc/i686-pc-mingw32/4.9.3/adainclude/a-strunb.ads:471:9" shape : ellipse }
node: { title: "system__stream_attributes__w_as" label: "W_As\nG:/hdd programme/gps/lib/gcc/i686-pc-mingw32/4.9.3/adainclude/s-stratt.ads:133:14" shape : ellipse }
node: { title: "system__strings__stream_ops__string_output_blk_io" label: "String_Output_Blk_Io\nG:/hdd programme/gps/lib/gcc/i686-pc-mingw32/4.9.3/adainclude/s-ststop.ads:162:14" shape : ellipse }
node: { title: "ada__strings__unbounded__to_string" label: "To_String\nG:/hdd programme/gps/lib/gcc/i686-pc-mingw32/4.9.3/adainclude/a-strunb.ads:100:13" shape : ellipse }
node: { title: "system__secondary_stack__ss_release" label: "Ss_Release\nG:/hdd programme/gps/lib/gcc/i686-pc-mingw32/4.9.3/adainclude/s-secsta.ads:83:14" shape : ellipse }
node: { title: "system__stream_attributes__i_as" label: "I_As\nG:/hdd programme/gps/lib/gcc/i686-pc-mingw32/4.9.3/adainclude/s-stratt.ads:102:13" shape : ellipse }
node: { title: "ada__strings__unbounded__finalize__2" label: "Finalize\nG:/hdd programme/gps/lib/gcc/i686-pc-mingw32/4.9.3/adainclude/a-strunb.ads:483:25" shape : ellipse }
node: { title: "ada__strings__unbounded__to_unbounded_string" label: "To_Unbounded_String\nG:/hdd programme/gps/lib/gcc/i686-pc-mingw32/4.9.3/adainclude/a-strunb.ads:94:13" shape : ellipse }
node: { title: "system__strings__stream_ops__string_input_blk_io" label: "String_Input_Blk_Io\nG:/hdd programme/gps/lib/gcc/i686-pc-mingw32/4.9.3/adainclude/s-ststop.ads:154:13" shape : ellipse }
node: { title: "system__secondary_stack__ss_mark" label: "Ss_Mark\nG:/hdd programme/gps/lib/gcc/i686-pc-mingw32/4.9.3/adainclude/s-secsta.ads:80:13" shape : ellipse }
node: { title: "ada__tags__needs_finalization" label: "Needs_Finalization\nG:/hdd programme/gps/lib/gcc/i686-pc-mingw32/4.9.3/adainclude/a-tags.ads:516:13" shape : ellipse }
node: { title: "ada__tags__register_interface_offset" label: "Register_Interface_Offset\nG:/hdd programme/gps/lib/gcc/i686-pc-mingw32/4.9.3/adainclude/a-tags.ads:532:14" shape : ellipse }
node: { title: "ada__finalization__initialize__2" label: "Initialize\nG:/hdd programme/gps/lib/gcc/i686-pc-mingw32/4.9.3/adainclude/a-finali.ads:53:14" shape : ellipse }
node: { title: "ada__finalization__limited_controlledIP" label: "Limited_Controlledip\nG:/hdd programme/gps/lib/gcc/i686-pc-mingw32/4.9.3/adainclude/a-finali.ads:65:9" shape : ellipse }
node: { title: "system__finalization_masters__base_pool" label: "Base_Pool\nG:/hdd programme/gps/lib/gcc/i686-pc-mingw32/4.9.3/adainclude/s-finmas.ads:196:13" shape : ellipse }
node: { title: "__gnat_rcheck_CE_Explicit_Raise" label: "gnat_rcheck_CE_Explicit_Raise\n<built-in>" shape : ellipse }
node: { title: "ada__strings__unbounded___assign__2" label: "Unbounded\nG:/hdd programme/gps/lib/gcc/i686-pc-mingw32/4.9.3/adainclude/a-strunb.ads:471:9" shape : ellipse }
node: { title: "system__storage_pools__subpools__deallocate_any_controlled" label: "Deallocate_Any_Controlled\nG:/hdd programme/gps/lib/gcc/i686-pc-mingw32/4.9.3/adainclude/s-stposu.ads:305:14" shape : ellipse }
node: { title: "ada__strings__unbounded__Oeq" label: "=\nG:/hdd programme/gps/lib/gcc/i686-pc-mingw32/4.9.3/adainclude/a-strunb.ads:166:13" shape : ellipse }
node: { title: "system__storage_pools__subpools__allocate_any_controlled" label: "Allocate_Any_Controlled\nG:/hdd programme/gps/lib/gcc/i686-pc-mingw32/4.9.3/adainclude/s-stposu.ads:263:14" shape : ellipse }
node: { title: "ada__strings__unbounded__adjust__2" label: "Adjust\nG:/hdd programme/gps/lib/gcc/i686-pc-mingw32/4.9.3/adainclude/a-strunb.ads:482:25" shape : ellipse }
node: { title: "system__standard_library__abort_undefer_direct" label: "Abort_Undefer_Direct\nG:/hdd programme/gps/lib/gcc/i686-pc-mingw32/4.9.3/adainclude/s-stalib.ads:241:14" shape : ellipse }
node: { title: "__gnat_rcheck_PE_Finalize_Raised_Exception" label: "gnat_rcheck_PE_Finalize_Raised_Exception\n<built-in>" shape : ellipse }
node: { title: "ada__exceptions__triggered_by_abort" label: "Triggered_By_Abort\nG:/hdd programme/gps/lib/gcc/i686-pc-mingw32/4.9.3/adainclude/a-except.ads:257:13" shape : ellipse }
node: { title: "system__secondary_stack__ss_allocate" label: "Ss_Allocate\nG:/hdd programme/gps/lib/gcc/i686-pc-mingw32/4.9.3/adainclude/s-secsta.ads:66:14" shape : ellipse }
node: { title: "ada__finalization__controlledIP" label: "Controlledip\nG:/hdd programme/gps/lib/gcc/i686-pc-mingw32/4.9.3/adainclude/a-finali.ads:59:9" shape : ellipse }
node: { title: "_ada_ada__strings__unbounded__hash_case_insensitive" label: "Hash_Case_Insensitive\nG:/hdd programme/gps/lib/gcc/i686-pc-mingw32/4.9.3/adainclude/a-suhcin.ads:36:32" shape : ellipse }
node: { title: "system__stream_attributes__i_u" label: "I_U\nG:/hdd programme/gps/lib/gcc/i686-pc-mingw32/4.9.3/adainclude/s-stratt.ads:119:13" shape : ellipse }
node: { title: "system__stream_attributes__w_u" label: "W_U\nG:/hdd programme/gps/lib/gcc/i686-pc-mingw32/4.9.3/adainclude/s-stratt.ads:151:14" shape : ellipse }
node: { title: "ada__containers__prime_numbers__to_prime" label: "To_Prime\nG:/hdd programme/gps/lib/gcc/i686-pc-mingw32/4.9.3/adainclude/a-coprnu.ads:48:13" shape : ellipse }
node: { title: "__gnat_malloc" label: "gnat_malloc\n<built-in>" shape : ellipse }
node: { title: "__gnat_free" label: "gnat_free\n<built-in>" shape : ellipse }
node: { title: "__gnat_raise_exception" label: "Raise_Exception_Always\nG:/hdd programme/gps/lib/gcc/i686-pc-mingw32/4.9.3/adainclude/a-except.ads:200:14" shape : ellipse }
node: { title: "__gnat_reraise_zcx" label: "gnat_reraise_zcx\n<built-in>" shape : ellipse }
node: { title: "__gnat_begin_handler" label: "gnat_begin_handler\n<built-in>" shape : ellipse }
node: { title: "__gnat_end_handler" label: "gnat_end_handler\n<built-in>" shape : ellipse }
node: { title: "system__assertions__raise_assert_failure" label: "Raise_Assert_Failure\nG:/hdd programme/gps/lib/gcc/i686-pc-mingw32/4.9.3/adainclude/s-assert.ads:46:14" shape : ellipse }
node: { title: "ada__finalization__initialize__2" label: "Initialize\nG:/hdd programme/gps/lib/gcc/i686-pc-mingw32/4.9.3/adainclude/a-finali.ads:53:14" shape : ellipse }
node: { title: "system__finalization_root__adjust" label: "Adjust\nG:/hdd programme/gps/lib/gcc/i686-pc-mingw32/4.9.3/adainclude/s-finroo.ads:42:14" shape : ellipse }
node: { title: "system__finalization_root__root_controlledDA" label: "Root_Controlledda\nG:/hdd programme/gps/lib/gcc/i686-pc-mingw32/4.9.3/adainclude/s-finroo.ads:40:9" shape : ellipse }
node: { title: "system__finalization_root___assign" label: "Finalization_Root\nG:/hdd programme/gps/lib/gcc/i686-pc-mingw32/4.9.3/adainclude/s-finroo.ads:40:9" shape : ellipse }
node: { title: "system__finalization_root__Oeq" label: "=\nG:/hdd programme/gps/lib/gcc/i686-pc-mingw32/4.9.3/adainclude/s-finroo.ads:40:9" shape : ellipse }
node: { title: "system__finalization_root__root_controlledSO" label: "Root_Controlledso\nG:/hdd programme/gps/lib/gcc/i686-pc-mingw32/4.9.3/adainclude/s-finroo.ads:40:9" shape : ellipse }
node: { title: "system__finalization_root__root_controlledSW" label: "Root_Controlledsw\nG:/hdd programme/gps/lib/gcc/i686-pc-mingw32/4.9.3/adainclude/s-finroo.ads:40:9" shape : ellipse }
node: { title: "system__finalization_root__root_controlledSR" label: "Root_Controlledsr\nG:/hdd programme/gps/lib/gcc/i686-pc-mingw32/4.9.3/adainclude/s-finroo.ads:40:9" shape : ellipse }
node: { title: "system__finalization_root__root_controlledDA" label: "Root_Controlledda\nG:/hdd programme/gps/lib/gcc/i686-pc-mingw32/4.9.3/adainclude/s-finroo.ads:40:9" shape : ellipse }
node: { title: "system__finalization_root___assign" label: "Finalization_Root\nG:/hdd programme/gps/lib/gcc/i686-pc-mingw32/4.9.3/adainclude/s-finroo.ads:40:9" shape : ellipse }
node: { title: "system__finalization_root__Oeq" label: "=\nG:/hdd programme/gps/lib/gcc/i686-pc-mingw32/4.9.3/adainclude/s-finroo.ads:40:9" shape : ellipse }
node: { title: "system__finalization_root__root_controlledSO" label: "Root_Controlledso\nG:/hdd programme/gps/lib/gcc/i686-pc-mingw32/4.9.3/adainclude/s-finroo.ads:40:9" shape : ellipse }
node: { title: "system__finalization_root__root_controlledSW" label: "Root_Controlledsw\nG:/hdd programme/gps/lib/gcc/i686-pc-mingw32/4.9.3/adainclude/s-finroo.ads:40:9" shape : ellipse }
node: { title: "system__finalization_root__root_controlledSR" label: "Root_Controlledsr\nG:/hdd programme/gps/lib/gcc/i686-pc-mingw32/4.9.3/adainclude/s-finroo.ads:40:9" shape : ellipse }
node: { title: "ada__finalization__initialize__2" label: "Initialize\nG:/hdd programme/gps/lib/gcc/i686-pc-mingw32/4.9.3/adainclude/a-finali.ads:53:14" shape : ellipse }
node: { title: "system__finalization_root__adjust" label: "Adjust\nG:/hdd programme/gps/lib/gcc/i686-pc-mingw32/4.9.3/adainclude/s-finroo.ads:42:14" shape : ellipse }
node: { title: "system__finalization_root__root_controlledDA" label: "Root_Controlledda\nG:/hdd programme/gps/lib/gcc/i686-pc-mingw32/4.9.3/adainclude/s-finroo.ads:40:9" shape : ellipse }
node: { title: "system__finalization_root___assign" label: "Finalization_Root\nG:/hdd programme/gps/lib/gcc/i686-pc-mingw32/4.9.3/adainclude/s-finroo.ads:40:9" shape : ellipse }
node: { title: "system__finalization_root__Oeq" label: "=\nG:/hdd programme/gps/lib/gcc/i686-pc-mingw32/4.9.3/adainclude/s-finroo.ads:40:9" shape : ellipse }
node: { title: "system__finalization_root__root_controlledSO" label: "Root_Controlledso\nG:/hdd programme/gps/lib/gcc/i686-pc-mingw32/4.9.3/adainclude/s-finroo.ads:40:9" shape : ellipse }
node: { title: "system__finalization_root__root_controlledSW" label: "Root_Controlledsw\nG:/hdd programme/gps/lib/gcc/i686-pc-mingw32/4.9.3/adainclude/s-finroo.ads:40:9" shape : ellipse }
node: { title: "system__finalization_root__root_controlledSR" label: "Root_Controlledsr\nG:/hdd programme/gps/lib/gcc/i686-pc-mingw32/4.9.3/adainclude/s-finroo.ads:40:9" shape : ellipse }
node: { title: "system__finalization_root__root_controlledDA" label: "Root_Controlledda\nG:/hdd programme/gps/lib/gcc/i686-pc-mingw32/4.9.3/adainclude/s-finroo.ads:40:9" shape : ellipse }
node: { title: "system__finalization_root___assign" label: "Finalization_Root\nG:/hdd programme/gps/lib/gcc/i686-pc-mingw32/4.9.3/adainclude/s-finroo.ads:40:9" shape : ellipse }
node: { title: "system__finalization_root__Oeq" label: "=\nG:/hdd programme/gps/lib/gcc/i686-pc-mingw32/4.9.3/adainclude/s-finroo.ads:40:9" shape : ellipse }
node: { title: "system__finalization_root__root_controlledSO" label: "Root_Controlledso\nG:/hdd programme/gps/lib/gcc/i686-pc-mingw32/4.9.3/adainclude/s-finroo.ads:40:9" shape : ellipse }
node: { title: "system__finalization_root__root_controlledSW" label: "Root_Controlledsw\nG:/hdd programme/gps/lib/gcc/i686-pc-mingw32/4.9.3/adainclude/s-finroo.ads:40:9" shape : ellipse }
node: { title: "system__finalization_root__root_controlledSR" label: "Root_Controlledsr\nG:/hdd programme/gps/lib/gcc/i686-pc-mingw32/4.9.3/adainclude/s-finroo.ads:40:9" shape : ellipse }
node: { title: "ada__finalization__initialize__2" label: "Initialize\nG:/hdd programme/gps/lib/gcc/i686-pc-mingw32/4.9.3/adainclude/a-finali.ads:53:14" shape : ellipse }
node: { title: "system__finalization_root__adjust" label: "Adjust\nG:/hdd programme/gps/lib/gcc/i686-pc-mingw32/4.9.3/adainclude/s-finroo.ads:42:14" shape : ellipse }
node: { title: "system__finalization_root__root_controlledDA" label: "Root_Controlledda\nG:/hdd programme/gps/lib/gcc/i686-pc-mingw32/4.9.3/adainclude/s-finroo.ads:40:9" shape : ellipse }
node: { title: "system__finalization_root___assign" label: "Finalization_Root\nG:/hdd programme/gps/lib/gcc/i686-pc-mingw32/4.9.3/adainclude/s-finroo.ads:40:9" shape : ellipse }
node: { title: "system__finalization_root__Oeq" label: "=\nG:/hdd programme/gps/lib/gcc/i686-pc-mingw32/4.9.3/adainclude/s-finroo.ads:40:9" shape : ellipse }
node: { title: "system__finalization_root__root_controlledSO" label: "Root_Controlledso\nG:/hdd programme/gps/lib/gcc/i686-pc-mingw32/4.9.3/adainclude/s-finroo.ads:40:9" shape : ellipse }
node: { title: "system__finalization_root__root_controlledSW" label: "Root_Controlledsw\nG:/hdd programme/gps/lib/gcc/i686-pc-mingw32/4.9.3/adainclude/s-finroo.ads:40:9" shape : ellipse }
node: { title: "system__finalization_root__root_controlledSR" label: "Root_Controlledsr\nG:/hdd programme/gps/lib/gcc/i686-pc-mingw32/4.9.3/adainclude/s-finroo.ads:40:9" shape : ellipse }
node: { title: "system__finalization_root__root_controlledDA" label: "Root_Controlledda\nG:/hdd programme/gps/lib/gcc/i686-pc-mingw32/4.9.3/adainclude/s-finroo.ads:40:9" shape : ellipse }
node: { title: "system__finalization_root___assign" label: "Finalization_Root\nG:/hdd programme/gps/lib/gcc/i686-pc-mingw32/4.9.3/adainclude/s-finroo.ads:40:9" shape : ellipse }
node: { title: "system__finalization_root__Oeq" label: "=\nG:/hdd programme/gps/lib/gcc/i686-pc-mingw32/4.9.3/adainclude/s-finroo.ads:40:9" shape : ellipse }
node: { title: "system__finalization_root__root_controlledSO" label: "Root_Controlledso\nG:/hdd programme/gps/lib/gcc/i686-pc-mingw32/4.9.3/adainclude/s-finroo.ads:40:9" shape : ellipse }
node: { title: "system__finalization_root__root_controlledSW" label: "Root_Controlledsw\nG:/hdd programme/gps/lib/gcc/i686-pc-mingw32/4.9.3/adainclude/s-finroo.ads:40:9" shape : ellipse }
node: { title: "system__finalization_root__root_controlledSR" label: "Root_Controlledsr\nG:/hdd programme/gps/lib/gcc/i686-pc-mingw32/4.9.3/adainclude/s-finroo.ads:40:9" shape : ellipse }
node: { title: "ada__finalization__initialize" label: "Initialize\nG:/hdd programme/gps/lib/gcc/i686-pc-mingw32/4.9.3/adainclude/a-finali.ads:46:14" shape : ellipse }
node: { title: "ada__finalization__initialize" label: "Initialize\nG:/hdd programme/gps/lib/gcc/i686-pc-mingw32/4.9.3/adainclude/a-finali.ads:46:14" shape : ellipse }
node: { title: "user_databases___elabs" label: "User_Databases\nG:\ADAChat\server\user_databases.ads:16:1\n64 bytes (static)\n0 dynamic objects" }
edge: { sourcename: "user_databases___elabs" targetname: "_Unwind_Resume" }
edge: { sourcename: "user_databases___elabs" targetname: "_Unwind_Resume" }
edge: { sourcename: "user_databases___elabs" targetname: "_Unwind_Resume" }
edge: { sourcename: "user_databases___elabs" targetname: "_Unwind_Resume" }
edge: { sourcename: "user_databases___elabs" targetname: "_Unwind_Resume" }
edge: { sourcename: "user_databases___elabs" targetname: "ada__tags__register_tag" label: "G:\ADAChat\server\user_databases.ads:50:9" }
edge: { sourcename: "user_databases___elabs" targetname: "ada__tags__check_tsd" label: "G:\ADAChat\server\user_databases.ads:50:9" }
edge: { sourcename: "user_databases___elabs" targetname: "ada__tags__register_tag" label: "G:/hdd programme/gps/lib/gcc/i686-pc-mingw32/4.9.3/adainclude/a-cihama.ads:429:9" }
edge: { sourcename: "user_databases___elabs" targetname: "ada__tags__check_tsd" label: "G:/hdd programme/gps/lib/gcc/i686-pc-mingw32/4.9.3/adainclude/a-cihama.ads:429:9" }
edge: { sourcename: "user_databases___elabs" targetname: "ada__tags__register_tag" label: "G:/hdd programme/gps/lib/gcc/i686-pc-mingw32/4.9.3/adainclude/a-cihama.ads:370:9" }
edge: { sourcename: "user_databases___elabs" targetname: "ada__tags__check_tsd" label: "G:/hdd programme/gps/lib/gcc/i686-pc-mingw32/4.9.3/adainclude/a-cihama.ads:370:9" }
edge: { sourcename: "user_databases___elabs" targetname: "system__secondary_stack__ss_release" label: "G:/hdd programme/gps/lib/gcc/i686-pc-mingw32/4.9.3/adainclude/a-cihama.ads:425:4" }
edge: { sourcename: "user_databases___elabs" targetname: "ada__finalization__initialize" label: "G:/hdd programme/gps/lib/gcc/i686-pc-mingw32/4.9.3/adainclude/a-cihama.ads:425:32" }
edge: { sourcename: "user_databases___elabs" targetname: "ada__finalization__controlledIP" label: "G:/hdd programme/gps/lib/gcc/i686-pc-mingw32/4.9.3/adainclude/a-cihama.ads:425:32" }
edge: { sourcename: "user_databases___elabs" targetname: "system__secondary_stack__ss_mark" label: "G:/hdd programme/gps/lib/gcc/i686-pc-mingw32/4.9.3/adainclude/a-cihama.ads:425:4" }
edge: { sourcename: "user_databases___elabs" targetname: "ada__tags__register_tag" label: "G:/hdd programme/gps/lib/gcc/i686-pc-mingw32/4.9.3/adainclude/a-cihama.ads:326:9" }
edge: { sourcename: "user_databases___elabs" targetname: "ada__tags__check_tsd" label: "G:/hdd programme/gps/lib/gcc/i686-pc-mingw32/4.9.3/adainclude/a-cihama.ads:326:9" }
edge: { sourcename: "user_databases___elabs" targetname: "ada__tags__register_tag" label: "G:/hdd programme/gps/lib/gcc/i686-pc-mingw32/4.9.3/adainclude/a-cohata.ads:49:12" }
edge: { sourcename: "user_databases___elabs" targetname: "ada__tags__check_tsd" label: "G:/hdd programme/gps/lib/gcc/i686-pc-mingw32/4.9.3/adainclude/a-cohata.ads:49:12" }
edge: { sourcename: "user_databases___elabs" targetname: "system__finalization_masters__set_finalize_address" label: "G:/hdd programme/gps/lib/gcc/i686-pc-mingw32/4.9.3/adainclude/a-cihama.ads:315:9" }
edge: { sourcename: "user_databases___elabs" targetname: "system__finalization_masters__set_base_pool" label: "G:/hdd programme/gps/lib/gcc/i686-pc-mingw32/4.9.3/adainclude/a-cihama.ads:315:9" }
edge: { sourcename: "user_databases___elabs" targetname: "system__standard_library__abort_undefer_direct" label: "G:/hdd programme/gps/lib/gcc/i686-pc-mingw32/4.9.3/adainclude/a-cihama.ads:315:0" }
edge: { sourcename: "user_databases___elabs" targetname: "system__finalization_masters__initialize__2" label: "G:/hdd programme/gps/lib/gcc/i686-pc-mingw32/4.9.3/adainclude/a-cihama.ads:315:9" }
edge: { sourcename: "user_databases___elabs" targetname: "system__finalization_masters__finalization_masterIP" label: "G:/hdd programme/gps/lib/gcc/i686-pc-mingw32/4.9.3/adainclude/a-cihama.ads:315:9" }
edge: { sourcename: "user_databases___elabs" targetname: "__indirect_call" label: "G:/hdd programme/gps/lib/gcc/i686-pc-mingw32/4.9.3/adainclude/a-cihama.ads:315:9" }
node: { title: "__indirect_call" label: "Indirect Call Placeholder" shape : ellipse }
edge: { sourcename: "user_databases___elabs" targetname: "system__finalization_masters__set_finalize_address" label: "G:/hdd programme/gps/lib/gcc/i686-pc-mingw32/4.9.3/adainclude/a-cihama.ads:314:9" }
edge: { sourcename: "user_databases___elabs" targetname: "system__finalization_masters__set_base_pool" label: "G:/hdd programme/gps/lib/gcc/i686-pc-mingw32/4.9.3/adainclude/a-cihama.ads:314:9" }
edge: { sourcename: "user_databases___elabs" targetname: "system__standard_library__abort_undefer_direct" label: "G:/hdd programme/gps/lib/gcc/i686-pc-mingw32/4.9.3/adainclude/a-cihama.ads:314:0" }
edge: { sourcename: "user_databases___elabs" targetname: "system__finalization_masters__initialize__2" label: "G:/hdd programme/gps/lib/gcc/i686-pc-mingw32/4.9.3/adainclude/a-cihama.ads:314:9" }
edge: { sourcename: "user_databases___elabs" targetname: "system__finalization_masters__finalization_masterIP" label: "G:/hdd programme/gps/lib/gcc/i686-pc-mingw32/4.9.3/adainclude/a-cihama.ads:314:9" }
edge: { sourcename: "user_databases___elabs" targetname: "__indirect_call" label: "G:/hdd programme/gps/lib/gcc/i686-pc-mingw32/4.9.3/adainclude/a-cihama.ads:314:9" }
edge: { sourcename: "user_databases___elabs" targetname: "ada__tags__register_tag" label: "G:/hdd programme/gps/lib/gcc/i686-pc-mingw32/4.9.3/adainclude/a-iteint.ads:32:9" }
edge: { sourcename: "user_databases___elabs" targetname: "ada__tags__check_tsd" label: "G:/hdd programme/gps/lib/gcc/i686-pc-mingw32/4.9.3/adainclude/a-iteint.ads:32:9" }
edge: { sourcename: "user_databases___elabs" targetname: "ada__tags__register_tag" label: "G:/hdd programme/gps/lib/gcc/i686-pc-mingw32/4.9.3/adainclude/a-iteint.ads:24:9" }
edge: { sourcename: "user_databases___elabs" targetname: "ada__tags__check_tsd" label: "G:/hdd programme/gps/lib/gcc/i686-pc-mingw32/4.9.3/adainclude/a-iteint.ads:24:9" }
edge: { sourcename: "user_databases___elabs" targetname: "ada__tags__register_tag" label: "G:/hdd programme/gps/lib/gcc/i686-pc-mingw32/4.9.3/adainclude/a-cdlili.ads:387:9" }
edge: { sourcename: "user_databases___elabs" targetname: "ada__tags__check_tsd" label: "G:/hdd programme/gps/lib/gcc/i686-pc-mingw32/4.9.3/adainclude/a-cdlili.ads:387:9" }
edge: { sourcename: "user_databases___elabs" targetname: "ada__tags__register_tag" label: "G:/hdd programme/gps/lib/gcc/i686-pc-mingw32/4.9.3/adainclude/a-cdlili.ads:310:9" }
edge: { sourcename: "user_databases___elabs" targetname: "ada__tags__check_tsd" label: "G:/hdd programme/gps/lib/gcc/i686-pc-mingw32/4.9.3/adainclude/a-cdlili.ads:310:9" }
edge: { sourcename: "user_databases___elabs" targetname: "system__finalization_masters__set_finalize_address" label: "G:/hdd programme/gps/lib/gcc/i686-pc-mingw32/4.9.3/adainclude/a-cdlili.ads:377:9" }
edge: { sourcename: "user_databases___elabs" targetname: "system__finalization_masters__set_base_pool" label: "G:/hdd programme/gps/lib/gcc/i686-pc-mingw32/4.9.3/adainclude/a-cdlili.ads:377:9" }
edge: { sourcename: "user_databases___elabs" targetname: "system__standard_library__abort_undefer_direct" label: "G:/hdd programme/gps/lib/gcc/i686-pc-mingw32/4.9.3/adainclude/a-cdlili.ads:377:0" }
edge: { sourcename: "user_databases___elabs" targetname: "system__finalization_masters__initialize__2" label: "G:/hdd programme/gps/lib/gcc/i686-pc-mingw32/4.9.3/adainclude/a-cdlili.ads:377:9" }
edge: { sourcename: "user_databases___elabs" targetname: "system__finalization_masters__finalization_masterIP" label: "G:/hdd programme/gps/lib/gcc/i686-pc-mingw32/4.9.3/adainclude/a-cdlili.ads:377:9" }
edge: { sourcename: "user_databases___elabs" targetname: "__indirect_call" label: "G:/hdd programme/gps/lib/gcc/i686-pc-mingw32/4.9.3/adainclude/a-cdlili.ads:377:9" }
edge: { sourcename: "user_databases___elabs" targetname: "system__finalization_masters__set_finalize_address" label: "G:/hdd programme/gps/lib/gcc/i686-pc-mingw32/4.9.3/adainclude/a-cdlili.ads:403:15" }
edge: { sourcename: "user_databases___elabs" targetname: "system__secondary_stack__ss_release" label: "G:/hdd programme/gps/lib/gcc/i686-pc-mingw32/4.9.3/adainclude/a-cdlili.ads:383:4" }
edge: { sourcename: "user_databases___elabs" targetname: "ada__finalization__initialize" label: "G:/hdd programme/gps/lib/gcc/i686-pc-mingw32/4.9.3/adainclude/a-cdlili.ads:383:34" }
edge: { sourcename: "user_databases___elabs" targetname: "ada__finalization__controlledIP" label: "G:/hdd programme/gps/lib/gcc/i686-pc-mingw32/4.9.3/adainclude/a-cdlili.ads:383:34" }
edge: { sourcename: "user_databases___elabs" targetname: "system__secondary_stack__ss_mark" label: "G:/hdd programme/gps/lib/gcc/i686-pc-mingw32/4.9.3/adainclude/a-cdlili.ads:383:4" }
edge: { sourcename: "user_databases___elabs" targetname: "ada__tags__register_tag" label: "G:/hdd programme/gps/lib/gcc/i686-pc-mingw32/4.9.3/adainclude/a-cdlili.ads:264:9" }
edge: { sourcename: "user_databases___elabs" targetname: "ada__tags__check_tsd" label: "G:/hdd programme/gps/lib/gcc/i686-pc-mingw32/4.9.3/adainclude/a-cdlili.ads:264:9" }
edge: { sourcename: "user_databases___elabs" targetname: "system__finalization_masters__set_base_pool" label: "G:/hdd programme/gps/lib/gcc/i686-pc-mingw32/4.9.3/adainclude/a-cdlili.ads:252:9" }
edge: { sourcename: "user_databases___elabs" targetname: "system__standard_library__abort_undefer_direct" label: "G:/hdd programme/gps/lib/gcc/i686-pc-mingw32/4.9.3/adainclude/a-cdlili.ads:252:0" }
edge: { sourcename: "user_databases___elabs" targetname: "system__finalization_masters__initialize__2" label: "G:/hdd programme/gps/lib/gcc/i686-pc-mingw32/4.9.3/adainclude/a-cdlili.ads:252:9" }
edge: { sourcename: "user_databases___elabs" targetname: "system__finalization_masters__finalization_masterIP" label: "G:/hdd programme/gps/lib/gcc/i686-pc-mingw32/4.9.3/adainclude/a-cdlili.ads:252:9" }
edge: { sourcename: "user_databases___elabs" targetname: "__indirect_call" label: "G:/hdd programme/gps/lib/gcc/i686-pc-mingw32/4.9.3/adainclude/a-cdlili.ads:252:9" }
edge: { sourcename: "user_databases___elabs" targetname: "ada__tags__register_tag" label: "G:/hdd programme/gps/lib/gcc/i686-pc-mingw32/4.9.3/adainclude/a-iteint.ads:32:9" }
edge: { sourcename: "user_databases___elabs" targetname: "ada__tags__check_tsd" label: "G:/hdd programme/gps/lib/gcc/i686-pc-mingw32/4.9.3/adainclude/a-iteint.ads:32:9" }
edge: { sourcename: "user_databases___elabs" targetname: "ada__tags__register_tag" label: "G:/hdd programme/gps/lib/gcc/i686-pc-mingw32/4.9.3/adainclude/a-iteint.ads:24:9" }
edge: { sourcename: "user_databases___elabs" targetname: "ada__tags__check_tsd" label: "G:/hdd programme/gps/lib/gcc/i686-pc-mingw32/4.9.3/adainclude/a-iteint.ads:24:9" }
edge: { sourcename: "user_databases___elabs" targetname: "ada__tags__register_tag" label: "G:/hdd programme/gps/lib/gcc/i686-pc-mingw32/4.9.3/adainclude/a-cohama.ads:453:9" }
edge: { sourcename: "user_databases___elabs" targetname: "ada__tags__check_tsd" label: "G:/hdd programme/gps/lib/gcc/i686-pc-mingw32/4.9.3/adainclude/a-cohama.ads:453:9" }
edge: { sourcename: "user_databases___elabs" targetname: "ada__tags__register_tag" label: "G:/hdd programme/gps/lib/gcc/i686-pc-mingw32/4.9.3/adainclude/a-cohama.ads:376:9" }
edge: { sourcename: "user_databases___elabs" targetname: "ada__tags__check_tsd" label: "G:/hdd programme/gps/lib/gcc/i686-pc-mingw32/4.9.3/adainclude/a-cohama.ads:376:9" }
edge: { sourcename: "user_databases___elabs" targetname: "system__secondary_stack__ss_release" label: "G:/hdd programme/gps/lib/gcc/i686-pc-mingw32/4.9.3/adainclude/a-cohama.ads:449:4" }
edge: { sourcename: "user_databases___elabs" targetname: "ada__finalization__initialize" label: "G:/hdd programme/gps/lib/gcc/i686-pc-mingw32/4.9.3/adainclude/a-cohama.ads:449:32" }
edge: { sourcename: "user_databases___elabs" targetname: "ada__finalization__controlledIP" label: "G:/hdd programme/gps/lib/gcc/i686-pc-mingw32/4.9.3/adainclude/a-cohama.ads:449:32" }
edge: { sourcename: "user_databases___elabs" targetname: "system__secondary_stack__ss_mark" label: "G:/hdd programme/gps/lib/gcc/i686-pc-mingw32/4.9.3/adainclude/a-cohama.ads:449:4" }
edge: { sourcename: "user_databases___elabs" targetname: "ada__tags__register_tag" label: "G:/hdd programme/gps/lib/gcc/i686-pc-mingw32/4.9.3/adainclude/a-cohama.ads:332:9" }
edge: { sourcename: "user_databases___elabs" targetname: "ada__tags__check_tsd" label: "G:/hdd programme/gps/lib/gcc/i686-pc-mingw32/4.9.3/adainclude/a-cohama.ads:332:9" }
edge: { sourcename: "user_databases___elabs" targetname: "ada__tags__register_tag" label: "G:/hdd programme/gps/lib/gcc/i686-pc-mingw32/4.9.3/adainclude/a-cohata.ads:49:12" }
edge: { sourcename: "user_databases___elabs" targetname: "ada__tags__check_tsd" label: "G:/hdd programme/gps/lib/gcc/i686-pc-mingw32/4.9.3/adainclude/a-cohata.ads:49:12" }
edge: { sourcename: "user_databases___elabs" targetname: "system__finalization_masters__set_finalize_address" label: "G:/hdd programme/gps/lib/gcc/i686-pc-mingw32/4.9.3/adainclude/a-cohama.ads:329:4" }
edge: { sourcename: "user_databases___elabs" targetname: "system__finalization_masters__set_base_pool" label: "G:/hdd programme/gps/lib/gcc/i686-pc-mingw32/4.9.3/adainclude/a-cohama.ads:321:9" }
edge: { sourcename: "user_databases___elabs" targetname: "system__standard_library__abort_undefer_direct" label: "G:/hdd programme/gps/lib/gcc/i686-pc-mingw32/4.9.3/adainclude/a-cohama.ads:321:0" }
edge: { sourcename: "user_databases___elabs" targetname: "system__finalization_masters__initialize__2" label: "G:/hdd programme/gps/lib/gcc/i686-pc-mingw32/4.9.3/adainclude/a-cohama.ads:321:9" }
edge: { sourcename: "user_databases___elabs" targetname: "system__finalization_masters__finalization_masterIP" label: "G:/hdd programme/gps/lib/gcc/i686-pc-mingw32/4.9.3/adainclude/a-cohama.ads:321:9" }
edge: { sourcename: "user_databases___elabs" targetname: "__indirect_call" label: "G:/hdd programme/gps/lib/gcc/i686-pc-mingw32/4.9.3/adainclude/a-cohama.ads:321:9" }
edge: { sourcename: "user_databases___elabs" targetname: "ada__tags__register_tag" label: "G:/hdd programme/gps/lib/gcc/i686-pc-mingw32/4.9.3/adainclude/a-iteint.ads:32:9" }
edge: { sourcename: "user_databases___elabs" targetname: "ada__tags__check_tsd" label: "G:/hdd programme/gps/lib/gcc/i686-pc-mingw32/4.9.3/adainclude/a-iteint.ads:32:9" }
edge: { sourcename: "user_databases___elabs" targetname: "ada__tags__register_tag" label: "G:/hdd programme/gps/lib/gcc/i686-pc-mingw32/4.9.3/adainclude/a-iteint.ads:24:9" }
edge: { sourcename: "user_databases___elabs" targetname: "ada__tags__check_tsd" label: "G:/hdd programme/gps/lib/gcc/i686-pc-mingw32/4.9.3/adainclude/a-iteint.ads:24:9" }
node: { title: "G:\ADAChat\server\user_databases.adb:user_databases__stringtolonelyuser__L_13__B435b___finalizer.13578" label: "B435b\nG:\ADAChat\server\user_databases.adb:196:22\n80 bytes (static)\n0 dynamic objects" }
edge: { sourcename: "G:\ADAChat\server\user_databases.adb:user_databases__stringtolonelyuser__L_13__B435b___finalizer.13578" targetname: "__gnat_end_handler" label: "G:\ADAChat\server\user_databases.adb:196:0" }
edge: { sourcename: "G:\ADAChat\server\user_databases.adb:user_databases__stringtolonelyuser__L_13__B435b___finalizer.13578" targetname: "__gnat_begin_handler" label: "G:\ADAChat\server\user_databases.adb:196:22" }
edge: { sourcename: "G:\ADAChat\server\user_databases.adb:user_databases__stringtolonelyuser__L_13__B435b___finalizer.13578" targetname: "_Unwind_Resume" }
edge: { sourcename: "G:\ADAChat\server\user_databases.adb:user_databases__stringtolonelyuser__L_13__B435b___finalizer.13578" targetname: "_Unwind_Resume" }
edge: { sourcename: "G:\ADAChat\server\user_databases.adb:user_databases__stringtolonelyuser__L_13__B435b___finalizer.13578" targetname: "__gnat_rcheck_PE_Finalize_Raised_Exception" label: "G:\ADAChat\server\user_databases.adb:196:22" }
edge: { sourcename: "G:\ADAChat\server\user_databases.adb:user_databases__stringtolonelyuser__L_13__B435b___finalizer.13578" targetname: "__indirect_call" label: "G:\ADAChat\server\user_databases.adb:196:22" }
edge: { sourcename: "G:\ADAChat\server\user_databases.adb:user_databases__stringtolonelyuser__L_13__B435b___finalizer.13578" targetname: "system__secondary_stack__ss_release" label: "G:\ADAChat\server\user_databases.adb:196:22" }
[...]
edge: { sourcename: "G:\ADAChat\server\user_databases.adb:user_databases__user_maps__write_nodes__write__2.8782" targetname: "G:\ADAChat\server\user_databases.adb:user_databases__user_maps__write_nodes__write.8779" label: "G:/hdd programme/gps/lib/gcc/i686-pc-mingw32/4.9.3/adainclude/a-chtgop.adb:488:13" }
node: { title: "user_databases__user_maps__ht_ops__reserve_capacityXn" label: "Reserve_Capacity\nG:/hdd programme/gps/lib/gcc/i686-pc-mingw32/4.9.3/adainclude/a-chtgop.adb:669:4\n176 bytes (static)\n0 dynamic objects" }
edge: { sourcename: "user_databases__user_maps__ht_ops__reserve_capacityXn" targetname: "__gnat_raise_exception" label: "G:/hdd programme/gps/lib/gcc/i686-pc-mingw32/4.9.3/adainclude/a-chtgop.adb:819:19" }
edge: { sourcename: "user_databases__user_maps__ht_ops__reserve_capacityXn" targetname: "user_databases__user_maps__ht_ops__free_bucketsXn" label: "G:/hdd programme/gps/lib/gcc/i686-pc-mingw32/4.9.3/adainclude/a-chtgop.adb:818:19" }
edge: { sourcename: "user_databases__user_maps__ht_ops__reserve_capacityXn" targetname: "user_databases__user_maps__free" label: "G:/hdd programme/gps/lib/gcc/i686-pc-mingw32/4.9.3/adainclude/a-chtgop.adb:813:28" }
edge: { sourcename: "user_databases__user_maps__ht_ops__reserve_capacityXn" targetname: "user_databases__user_maps__next__5" label: "G:/hdd programme/gps/lib/gcc/i686-pc-mingw32/4.9.3/adainclude/a-chtgop.adb:812:33" }
edge: { sourcename: "user_databases__user_maps__ht_ops__reserve_capacityXn" targetname: "__gnat_begin_handler" label: "G:/hdd programme/gps/lib/gcc/i686-pc-mingw32/4.9.3/adainclude/a-chtgop.adb:791:16" }
edge: { sourcename: "user_databases__user_maps__ht_ops__reserve_capacityXn" targetname: "_Unwind_Resume" }
edge: { sourcename: "user_databases__user_maps__ht_ops__reserve_capacityXn" targetname: "_Unwind_Resume" }
edge: { sourcename: "user_databases__user_maps__ht_ops__reserve_capacityXn" targetname: "__gnat_end_handler" label: "G:/hdd programme/gps/lib/gcc/i686-pc-mingw32/4.9.3/adainclude/a-chtgop.adb:791:0" }
edge: { sourcename: "user_databases__user_maps__ht_ops__reserve_capacityXn" targetname: "user_databases__user_maps__ht_ops__free_bucketsXn" label: "G:/hdd programme/gps/lib/gcc/i686-pc-mingw32/4.9.3/adainclude/a-chtgop.adb:829:10" }
edge: { sourcename: "user_databases__user_maps__ht_ops__reserve_capacityXn" targetname: "system__assertions__raise_assert_failure" label: "G:/hdd programme/gps/lib/gcc/i686-pc-mingw32/4.9.3/adainclude/a-chtgop.adb:786:34" }
edge: { sourcename: "user_databases__user_maps__ht_ops__reserve_capacityXn" targetname: "user_databases__user_maps__set_next" label: "G:/hdd programme/gps/lib/gcc/i686-pc-mingw32/4.9.3/adainclude/a-chtgop.adb:781:22" }
edge: { sourcename: "user_databases__user_maps__ht_ops__reserve_capacityXn" targetname: "user_databases__user_maps__next__5" label: "G:/hdd programme/gps/lib/gcc/i686-pc-mingw32/4.9.3/adainclude/a-chtgop.adb:779:36" }
edge: { sourcename: "user_databases__user_maps__ht_ops__reserve_capacityXn" targetname: "user_databases__user_maps__ht_ops__checked_indexXn" label: "G:/hdd programme/gps/lib/gcc/i686-pc-mingw32/4.9.3/adainclude/a-chtgop.adb:773:22" }
edge: { sourcename: "user_databases__user_maps__ht_ops__reserve_capacityXn" targetname: "user_databases__user_maps__ht_ops__new_bucketsXn" label: "G:/hdd programme/gps/lib/gcc/i686-pc-mingw32/4.9.3/adainclude/a-chtgop.adb:754:10" }
edge: { sourcename: "user_databases__user_maps__ht_ops__reserve_capacityXn" targetname: "__gnat_raise_exception" label: "G:/hdd programme/gps/lib/gcc/i686-pc-mingw32/4.9.3/adainclude/a-chtgop.adb:749:10" }
edge: { sourcename: "user_databases__user_maps__ht_ops__reserve_capacityXn" targetname: "ada__containers__prime_numbers__to_prime" label: "G:/hdd programme/gps/lib/gcc/i686-pc-mingw32/4.9.3/adainclude/a-chtgop.adb:741:13" }
edge: { sourcename: "user_databases__user_maps__ht_ops__reserve_capacityXn" targetname: "ada__containers__prime_numbers__to_prime" label: "G:/hdd programme/gps/lib/gcc/i686-pc-mingw32/4.9.3/adainclude/a-chtgop.adb:734:13" }
edge: { sourcename: "user_databases__user_maps__ht_ops__reserve_capacityXn" targetname: "user_databases__user_maps__ht_ops__free_bucketsXn" label: "G:/hdd programme/gps/lib/gcc/i686-pc-mingw32/4.9.3/adainclude/a-chtgop.adb:713:13" }
edge: { sourcename: "user_databases__user_maps__ht_ops__reserve_capacityXn" targetname: "user_databases__user_maps__ht_ops__new_bucketsXn" label: "G:/hdd programme/gps/lib/gcc/i686-pc-mingw32/4.9.3/adainclude/a-chtgop.adb:712:24" }
edge: { sourcename: "user_databases__user_maps__ht_ops__reserve_capacityXn" targetname: "ada__containers__prime_numbers__to_prime" label: "G:/hdd programme/gps/lib/gcc/i686-pc-mingw32/4.9.3/adainclude/a-chtgop.adb:702:13" }
edge: { sourcename: "user_databases__user_maps__ht_ops__reserve_capacityXn" targetname: "user_databases__user_maps__ht_ops__free_bucketsXn" label: "G:/hdd programme/gps/lib/gcc/i686-pc-mingw32/4.9.3/adainclude/a-chtgop.adb:694:13" }
edge: { sourcename: "user_databases__user_maps__ht_ops__reserve_capacityXn" targetname: "user_databases__user_maps__ht_ops__new_bucketsXn" label: "G:/hdd programme/gps/lib/gcc/i686-pc-mingw32/4.9.3/adainclude/a-chtgop.adb:679:24" }
edge: { sourcename: "user_databases__user_maps__ht_ops__reserve_capacityXn" targetname: "ada__containers__prime_numbers__to_prime" label: "G:/hdd programme/gps/lib/gcc/i686-pc-mingw32/4.9.3/adainclude/a-chtgop.adb:678:16" }
node: { title: "user_databases__user_maps__ht_ops__next__2Xn" label: "Next\nG:/hdd programme/gps/lib/gcc/i686-pc-mingw32/4.9.3/adainclude/a-chtgop.adb:639:4\n64 bytes (static)\n0 dynamic objects" }
edge: { sourcename: "user_databases__user_maps__ht_ops__next__2Xn" targetname: "user_databases__user_maps__ht_ops__checked_index__2Xn" label: "G:/hdd programme/gps/lib/gcc/i686-pc-mingw32/4.9.3/adainclude/a-chtgop.adb:653:16" }
edge: { sourcename: "user_databases__user_maps__ht_ops__next__2Xn" targetname: "user_databases__user_maps__next__5" label: "G:/hdd programme/gps/lib/gcc/i686-pc-mingw32/4.9.3/adainclude/a-chtgop.adb:647:14" }
node: { title: "user_databases__user_maps__ht_ops__new_bucketsXn" label: "New_Buckets\nG:/hdd programme/gps/lib/gcc/i686-pc-mingw32/4.9.3/adainclude/a-chtgop.adb:625:4\n48 bytes (static)\n0 dynamic objects" }
edge: { sourcename: "user_databases__user_maps__ht_ops__new_bucketsXn" targetname: "user_databases__user_maps__ht_types__buckets_typeIP" label: "G:/hdd programme/gps/lib/gcc/i686-pc-mingw32/4.9.3/adainclude/a-chtgop.adb:632:50" }
edge: { sourcename: "user_databases__user_maps__ht_ops__new_bucketsXn" targetname: "__gnat_malloc" label: "G:/hdd programme/gps/lib/gcc/i686-pc-mingw32/4.9.3/adainclude/a-chtgop.adb:632:50" }
node: { title: "user_databases__user_maps__ht_ops__moveXn" label: "Move\nG:/hdd programme/gps/lib/gcc/i686-pc-mingw32/4.9.3/adainclude/a-chtgop.adb:597:4\n48 bytes (static)\n0 dynamic objects" }
edge: { sourcename: "user_databases__user_maps__ht_ops__moveXn" targetname: "user_databases__user_maps__ht_ops__clearXn" label: "G:/hdd programme/gps/lib/gcc/i686-pc-mingw32/4.9.3/adainclude/a-chtgop.adb:608:7" }
edge: { sourcename: "user_databases__user_maps__ht_ops__moveXn" targetname: "__gnat_raise_exception" label: "G:/hdd programme/gps/lib/gcc/i686-pc-mingw32/4.9.3/adainclude/a-chtgop.adb:604:10" }
node: { title: "user_databases__user_maps__ht_ops__index__2Xn" label: "Index\nG:/hdd programme/gps/lib/gcc/i686-pc-mingw32/4.9.3/adainclude/a-chtgop.adb:586:4\n32 bytes (static)\n0 dynamic objects" }
edge: { sourcename: "user_databases__user_maps__ht_ops__index__2Xn" targetname: "user_databases__user_maps__ht_ops__indexXn" label: "G:/hdd programme/gps/lib/gcc/i686-pc-mingw32/4.9.3/adainclude/a-chtgop.adb:590:7" }
node: { title: "user_databases__user_maps__ht_ops__indexXn" label: "Index\nG:/hdd programme/gps/lib/gcc/i686-pc-mingw32/4.9.3/adainclude/a-chtgop.adb:579:4\n32 bytes (static)\n0 dynamic objects" }
edge: { sourcename: "user_databases__user_maps__ht_ops__indexXn" targetname: "user_databases__user_maps__hash_node" label: "G:/hdd programme/gps/lib/gcc/i686-pc-mingw32/4.9.3/adainclude/a-chtgop.adb:583:14" }
node: { title: "user_databases__user_maps__ht_ops__free_hash_tableXn" label: "Free_Hash_Table\nG:/hdd programme/gps/lib/gcc/i686-pc-mingw32/4.9.3/adainclude/a-chtgop.adb:352:4\n64 bytes (static)\n0 dynamic objects" }
edge: { sourcename: "user_databases__user_maps__ht_ops__free_hash_tableXn" targetname: "user_databases__user_maps__ht_ops__free_bucketsXn" label: "G:/hdd programme/gps/lib/gcc/i686-pc-mingw32/4.9.3/adainclude/a-chtgop.adb:368:7" }
edge: { sourcename: "user_databases__user_maps__ht_ops__free_hash_tableXn" targetname: "user_databases__user_maps__free" label: "G:/hdd programme/gps/lib/gcc/i686-pc-mingw32/4.9.3/adainclude/a-chtgop.adb:364:13" }
edge: { sourcename: "user_databases__user_maps__ht_ops__free_hash_tableXn" targetname: "user_databases__user_maps__next__5" label: "G:/hdd programme/gps/lib/gcc/i686-pc-mingw32/4.9.3/adainclude/a-chtgop.adb:363:28" }
node: { title: "user_databases__user_maps__ht_ops__free_bucketsXn" label: "Free_Buckets\nG:/hdd programme/gps/lib/gcc/i686-pc-mingw32/4.9.3/adainclude/a-chtgop.adb:337:4\n32 bytes (static)\n0 dynamic objects" }
edge: { sourcename: "user_databases__user_maps__ht_ops__free_bucketsXn" targetname: "__gnat_free" label: "G:/hdd programme/gps/lib/gcc/i686-pc-mingw32/4.9.3/adainclude/a-chtgop.adb:345:7" }
node: { title: "user_databases__user_maps__ht_ops__firstXn" label: "First\nG:/hdd programme/gps/lib/gcc/i686-pc-mingw32/4.9.3/adainclude/a-chtgop.adb:315:4\n32 bytes (static)\n0 dynamic objects" }
node: { title: "user_databases__user_maps__ht_ops__finalizeXn" label: "Finalize\nG:/hdd programme/gps/lib/gcc/i686-pc-mingw32/4.9.3/adainclude/a-chtgop.adb:305:4\n32 bytes (static)\n0 dynamic objects" }
edge: { sourcename: "user_databases__user_maps__ht_ops__finalizeXn" targetname: "user_databases__user_maps__ht_ops__free_bucketsXn" label: "G:/hdd programme/gps/lib/gcc/i686-pc-mingw32/4.9.3/adainclude/a-chtgop.adb:308:7" }
edge: { sourcename: "user_databases__user_maps__ht_ops__finalizeXn" targetname: "user_databases__user_maps__ht_ops__clearXn" label: "G:/hdd programme/gps/lib/gcc/i686-pc-mingw32/4.9.3/adainclude/a-chtgop.adb:307:7" }
node: { title: "user_databases__user_maps__ht_ops__delete_node_sans_freeXn" label: "Delete_Node_Sans_Free\nG:/hdd programme/gps/lib/gcc/i686-pc-mingw32/4.9.3/adainclude/a-chtgop.adb:248:4\n80 bytes (static)\n0 dynamic objects" }
edge: { sourcename: "user_databases__user_maps__ht_ops__delete_node_sans_freeXn" targetname: "user_databases__user_maps__set_next" label: "G:/hdd programme/gps/lib/gcc/i686-pc-mingw32/4.9.3/adainclude/a-chtgop.adb:292:13" }
edge: { sourcename: "user_databases__user_maps__ht_ops__delete_node_sans_freeXn" targetname: "user_databases__user_maps__next__5" label: "G:/hdd programme/gps/lib/gcc/i686-pc-mingw32/4.9.3/adainclude/a-chtgop.adb:292:45" }
edge: { sourcename: "user_databases__user_maps__ht_ops__delete_node_sans_freeXn" targetname: "__gnat_raise_exception" label: "G:/hdd programme/gps/lib/gcc/i686-pc-mingw32/4.9.3/adainclude/a-chtgop.adb:287:13" }
edge: { sourcename: "user_databases__user_maps__ht_ops__delete_node_sans_freeXn" targetname: "user_databases__user_maps__next__5" label: "G:/hdd programme/gps/lib/gcc/i686-pc-mingw32/4.9.3/adainclude/a-chtgop.adb:284:15" }
edge: { sourcename: "user_databases__user_maps__ht_ops__delete_node_sans_freeXn" targetname: "__gnat_raise_exception" label: "G:/hdd programme/gps/lib/gcc/i686-pc-mingw32/4.9.3/adainclude/a-chtgop.adb:279:10" }
edge: { sourcename: "user_databases__user_maps__ht_ops__delete_node_sans_freeXn" targetname: "user_databases__user_maps__next__5" label: "G:/hdd programme/gps/lib/gcc/i686-pc-mingw32/4.9.3/adainclude/a-chtgop.adb:273:31" }
edge: { sourcename: "user_databases__user_maps__ht_ops__delete_node_sans_freeXn" targetname: "__gnat_raise_exception" label: "G:/hdd programme/gps/lib/gcc/i686-pc-mingw32/4.9.3/adainclude/a-chtgop.adb:268:10" }
edge: { sourcename: "user_databases__user_maps__ht_ops__delete_node_sans_freeXn" targetname: "user_databases__user_maps__ht_ops__checked_index__2Xn" label: "G:/hdd programme/gps/lib/gcc/i686-pc-mingw32/4.9.3/adainclude/a-chtgop.adb:264:12" }
edge: { sourcename: "user_databases__user_maps__ht_ops__delete_node_sans_freeXn" targetname: "__gnat_raise_exception" label: "G:/hdd programme/gps/lib/gcc/i686-pc-mingw32/4.9.3/adainclude/a-chtgop.adb:260:10" }
edge: { sourcename: "user_databases__user_maps__ht_ops__delete_node_sans_freeXn" targetname: "system__assertions__raise_assert_failure" label: "G:/hdd programme/gps/lib/gcc/i686-pc-mingw32/4.9.3/adainclude/a-chtgop.adb:252:22" }
node: { title: "user_databases__user_maps__ht_ops__delete_node_at_indexXn" label: "Delete_Node_At_Index\nG:/hdd programme/gps/lib/gcc/i686-pc-mingw32/4.9.3/adainclude/a-chtgop.adb:202:4\n80 bytes (static)\n0 dynamic objects" }
edge: { sourcename: "user_databases__user_maps__ht_ops__delete_node_at_indexXn" targetname: "user_databases__user_maps__free" label: "G:/hdd programme/gps/lib/gcc/i686-pc-mingw32/4.9.3/adainclude/a-chtgop.adb:236:13" }
edge: { sourcename: "user_databases__user_maps__ht_ops__delete_node_at_indexXn" targetname: "user_databases__user_maps__set_next" label: "G:/hdd programme/gps/lib/gcc/i686-pc-mingw32/4.9.3/adainclude/a-chtgop.adb:234:13" }
edge: { sourcename: "user_databases__user_maps__ht_ops__delete_node_at_indexXn" targetname: "user_databases__user_maps__next__5" label: "G:/hdd programme/gps/lib/gcc/i686-pc-mingw32/4.9.3/adainclude/a-chtgop.adb:234:45" }
edge: { sourcename: "user_databases__user_maps__ht_ops__delete_node_at_indexXn" targetname: "__gnat_raise_exception" label: "G:/hdd programme/gps/lib/gcc/i686-pc-mingw32/4.9.3/adainclude/a-chtgop.adb:229:13" }
edge: { sourcename: "user_databases__user_maps__ht_ops__delete_node_at_indexXn" targetname: "user_databases__user_maps__next__5" label: "G:/hdd programme/gps/lib/gcc/i686-pc-mingw32/4.9.3/adainclude/a-chtgop.adb:226:15" }
edge: { sourcename: "user_databases__user_maps__ht_ops__delete_node_at_indexXn" targetname: "__gnat_raise_exception" label: "G:/hdd programme/gps/lib/gcc/i686-pc-mingw32/4.9.3/adainclude/a-chtgop.adb:221:10" }
edge: { sourcename: "user_databases__user_maps__ht_ops__delete_node_at_indexXn" targetname: "user_databases__user_maps__free" label: "G:/hdd programme/gps/lib/gcc/i686-pc-mingw32/4.9.3/adainclude/a-chtgop.adb:216:10" }
edge: { sourcename: "user_databases__user_maps__ht_ops__delete_node_at_indexXn" targetname: "user_databases__user_maps__next__5" label: "G:/hdd programme/gps/lib/gcc/i686-pc-mingw32/4.9.3/adainclude/a-chtgop.adb:214:31" }
node: { title: "user_databases__user_maps__ht_ops__clearXn" label: "Clear\nG:/hdd programme/gps/lib/gcc/i686-pc-mingw32/4.9.3/adainclude/a-chtgop.adb:169:4\n80 bytes (static)\n0 dynamic objects" }
edge: { sourcename: "user_databases__user_maps__ht_ops__clearXn" targetname: "user_databases__user_maps__free" label: "G:/hdd programme/gps/lib/gcc/i686-pc-mingw32/4.9.3/adainclude/a-chtgop.adb:191:16" }
edge: { sourcename: "user_databases__user_maps__ht_ops__clearXn" targetname: "user_databases__user_maps__next__5" label: "G:/hdd programme/gps/lib/gcc/i686-pc-mingw32/4.9.3/adainclude/a-chtgop.adb:189:26" }
edge: { sourcename: "user_databases__user_maps__ht_ops__clearXn" targetname: "__gnat_raise_exception" label: "G:/hdd programme/gps/lib/gcc/i686-pc-mingw32/4.9.3/adainclude/a-chtgop.adb:175:10" }
node: { title: "user_databases__user_maps__ht_ops__checked_index__2Xn" label: "Checked_Index\nG:/hdd programme/gps/lib/gcc/i686-pc-mingw32/4.9.3/adainclude/a-chtgop.adb:157:4\n32 bytes (static)\n0 dynamic objects" }
edge: { sourcename: "user_databases__user_maps__ht_ops__checked_index__2Xn" targetname: "user_databases__user_maps__ht_ops__checked_indexXn" label: "G:/hdd programme/gps/lib/gcc/i686-pc-mingw32/4.9.3/adainclude/a-chtgop.adb:162:7" }
node: { title: "user_databases__user_maps__ht_ops__checked_indexXn" label: "Checked_Index\nG:/hdd programme/gps/lib/gcc/i686-pc-mingw32/4.9.3/adainclude/a-chtgop.adb:128:4\n64 bytes (static)\n0 dynamic objects" }
edge: { sourcename: "user_databases__user_maps__ht_ops__checked_indexXn" targetname: "__gnat_reraise_zcx" label: "G:/hdd programme/gps/lib/gcc/i686-pc-mingw32/4.9.3/adainclude/a-chtgop.adb:154:10" }
edge: { sourcename: "user_databases__user_maps__ht_ops__checked_indexXn" targetname: "__gnat_begin_handler" label: "G:/hdd programme/gps/lib/gcc/i686-pc-mingw32/4.9.3/adainclude/a-chtgop.adb:150:7" }
edge: { sourcename: "user_databases__user_maps__ht_ops__checked_indexXn" targetname: "_Unwind_Resume" }
edge: { sourcename: "user_databases__user_maps__ht_ops__checked_indexXn" targetname: "_Unwind_Resume" }
edge: { sourcename: "user_databases__user_maps__ht_ops__checked_indexXn" targetname: "__gnat_end_handler" label: "G:/hdd programme/gps/lib/gcc/i686-pc-mingw32/4.9.3/adainclude/a-chtgop.adb:150:0" }
edge: { sourcename: "user_databases__user_maps__ht_ops__checked_indexXn" targetname: "user_databases__user_maps__ht_ops__indexXn" label: "G:/hdd programme/gps/lib/gcc/i686-pc-mingw32/4.9.3/adainclude/a-chtgop.adb:142:14" }
node: { title: "user_databases__user_maps__ht_ops__capacityXn" label: "Capacity\nG:/hdd programme/gps/lib/gcc/i686-pc-mingw32/4.9.3/adainclude/a-chtgop.adb:115:4\n8 bytes (static)\n0 dynamic objects" }
node: { title: "user_databases__user_maps__ht_ops__adjustXn" label: "Adjust\nG:/hdd programme/gps/lib/gcc/i686-pc-mingw32/4.9.3/adainclude/a-chtgop.adb:45:4\n112 bytes (static)\n0 dynamic objects" }
edge: { sourcename: "user_databases__user_maps__ht_ops__adjustXn" targetname: "system__assertions__raise_assert_failure" label: "G:/hdd programme/gps/lib/gcc/i686-pc-mingw32/4.9.3/adainclude/a-chtgop.adb:108:22" }
edge: { sourcename: "user_databases__user_maps__ht_ops__adjustXn" targetname: "user_databases__user_maps__next__5" label: "G:/hdd programme/gps/lib/gcc/i686-pc-mingw32/4.9.3/adainclude/a-chtgop.adb:103:25" }
edge: { sourcename: "user_databases__user_maps__ht_ops__adjustXn" targetname: "user_databases__user_maps__set_next" label: "G:/hdd programme/gps/lib/gcc/i686-pc-mingw32/4.9.3/adainclude/a-chtgop.adb:97:19" }
edge: { sourcename: "user_databases__user_maps__ht_ops__adjustXn" targetname: "system__assertions__raise_assert_failure" label: "G:/hdd programme/gps/lib/gcc/i686-pc-mingw32/4.9.3/adainclude/a-chtgop.adb:94:34" }
edge: { sourcename: "user_databases__user_maps__ht_ops__adjustXn" targetname: "user_databases__user_maps__ht_ops__checked_index__2Xn" label: "G:/hdd programme/gps/lib/gcc/i686-pc-mingw32/4.9.3/adainclude/a-chtgop.adb:94:34" }
edge: { sourcename: "user_databases__user_maps__ht_ops__adjustXn" targetname: "user_databases__user_maps__copy_node" label: "G:/hdd programme/gps/lib/gcc/i686-pc-mingw32/4.9.3/adainclude/a-chtgop.adb:90:19" }
edge: { sourcename: "user_databases__user_maps__ht_ops__adjustXn" targetname: "user_databases__user_maps__next__5" label: "G:/hdd programme/gps/lib/gcc/i686-pc-mingw32/4.9.3/adainclude/a-chtgop.adb:87:22" }
edge: { sourcename: "user_databases__user_maps__ht_ops__adjustXn" targetname: "system__assertions__raise_assert_failure" label: "G:/hdd programme/gps/lib/gcc/i686-pc-mingw32/4.9.3/adainclude/a-chtgop.adb:78:31" }
edge: { sourcename: "user_databases__user_maps__ht_ops__adjustXn" targetname: "user_databases__user_maps__ht_ops__checked_index__2Xn" label: "G:/hdd programme/gps/lib/gcc/i686-pc-mingw32/4.9.3/adainclude/a-chtgop.adb:78:31" }
edge: { sourcename: "user_databases__user_maps__ht_ops__adjustXn" targetname: "user_databases__user_maps__copy_node" label: "G:/hdd programme/gps/lib/gcc/i686-pc-mingw32/4.9.3/adainclude/a-chtgop.adb:74:16" }
edge: { sourcename: "user_databases__user_maps__ht_ops__adjustXn" targetname: "user_databases__user_maps__ht_ops__new_bucketsXn" label: "G:/hdd programme/gps/lib/gcc/i686-pc-mingw32/4.9.3/adainclude/a-chtgop.adb:67:18" }
}
